11-01 11:16:43.349 D/GraphicBuffer(  245): alloc, handle(0xb5d28540) (w:150 h:30 s:160 f:0x1 u:0x000900) err(0)
11-01 11:16:43.349 I/[MALI][Gralloc](  245): [+]hnd(0xb5d28680), client(27), share_fd(98), hnd->flags:4
11-01 11:16:43.349 W/libEGL  ( 3722): [ANDROID_RECORDABLE] format: 1
11-01 11:16:43.349 D/GraphicBuffer(  245): alloc, handle(0xb5d28680) (w:150 h:30 s:160 f:0x1 u:0x000900) err(0)
11-01 11:16:43.349 D/BufferQueueProducer(  245): [](this:0xb267cc00,id:761,api:1,p:3722,c:245) allocateBuffers: allocating from 4 buffers up to 4 buffers
11-01 11:16:43.350 D/mali_winsys( 3722): new_window_surface returns 0x3000
11-01 11:16:43.365 I/BufferQueueProducer(  245): [com.rgk.launcher3/com.android.launcher3.Launcher](this:0xb355b400,id:757,api:1,p:3722,c:245) new GraphicBuffer needed
11-01 11:16:43.365 D/GraphicBuffer(  245): free, handle(0xb5d27be0) (w:720 h:1280 s:720 f:0x1 u:0x000900)
11-01 11:16:43.365 I/[MALI][Gralloc](  245): [-]hnd(0xb5d27be0), client(27), share_fd(70)
11-01 11:16:43.367 I/[MALI][Gralloc](  245): [+]hnd(0xb5d27be0), client(27), share_fd(70), hnd->flags:4
11-01 11:16:43.367 D/GraphicBuffer(  245): alloc, handle(0xb5d27be0) (w:720 h:1280 s:720 f:0x1 u:0x000b00) err(0)
11-01 11:16:43.369 I/[MALI][Gralloc]( 3722): [+]r_hnd(0xb46ffd80), client(34), share_fd(64)
11-01 11:16:43.369 D/GraphicBuffer( 3722): register, handle(0xb46ffd80) (w:720 h:1280 s:720 f:0x1 u:0x000b00)
11-01 11:16:43.372 D/OpenGLRenderer( 3722): ProgramCache save to disk, size = 3
11-01 11:16:43.379 I/BufferQueueProducer(  245): [com.rgk.launcher3/com.android.launcher3.Launcher](this:0xb355b400,id:757,api:1,p:3722,c:245) new GraphicBuffer needed
11-01 11:16:43.379 D/GraphicBuffer(  245): free, handle(0xb5d27aa0) (w:720 h:1280 s:720 f:0x1 u:0x000900)
11-01 11:16:43.379 I/[MALI][Gralloc](  245): [-]hnd(0xb5d27aa0), client(27), share_fd(67)
11-01 11:16:43.380 I/[MALI][Gralloc](  245): [+]hnd(0xb5d27aa0), client(27), share_fd(67), hnd->flags:4
11-01 11:16:43.380 D/GraphicBuffer(  245): alloc, handle(0xb5d27aa0) (w:720 h:1280 s:720 f:0x1 u:0x000b00) err(0)
11-01 11:16:43.385 I/[MALI][Gralloc]( 3722): [+]r_hnd(0xb46ffec0), client(34), share_fd(68)
11-01 11:16:43.385 D/GraphicBuffer( 3722): register, handle(0xb46ffec0) (w:720 h:1280 s:720 f:0x1 u:0x000b00)
11-01 11:16:43.395 D/LUORAN  ( 3722): onDraw
11-01 11:16:43.396 I/BufferQueueProducer(  245): [](this:0xb0aeac00,id:758,api:1,p:3722,c:245) new GraphicBuffer needed
11-01 11:16:43.396 D/GraphicBuffer(  245): free, handle(0xb5be0960) (w:30 h:300 s:32 f:0x1 u:0x000900)
11-01 11:16:43.396 I/[MALI][Gralloc](  245): [-]hnd(0xb5be0960), client(27), share_fd(75)
11-01 11:16:43.397 I/[MALI][Gralloc](  245): [+]hnd(0xb5be0960), client(27), share_fd(75), hnd->flags:4
11-01 11:16:43.397 D/GraphicBuffer(  245): alloc, handle(0xb5be0960) (w:30 h:300 s:32 f:0x1 u:0x000b00) err(0)
11-01 11:16:43.401 V/WindowManager(  861): Looking for focus: 20 = Window{6ec17a7 u0 StatusBar}, flags=-2122055608, canReceive=false
11-01 11:16:43.401 I/[MALI][Gralloc]( 3722): [+]r_hnd(0x9bb4b000), client(34), share_fd(69)
11-01 11:16:43.401 V/WindowManager(  861): findFocusedWindow: Found new focus @ 12 = Window{1a57e29 u0 com.rgk.launcher3/com.android.launcher3.Launcher}
11-01 11:16:43.401 D/GraphicBuffer( 3722): register, handle(0x9bb4b000) (w:30 h:300 s:32 f:0x1 u:0x000b00)
11-01 11:16:43.402 D/WindowManager(  861): notifyActivityDrawnForKeyguard: waiting=false Callers=com.android.server.wm.WindowManagerService.handleAppTransitionReadyLocked:10098 com.android.server.wm.WindowManagerService.performLayoutAndPlaceSurfacesLockedInner:10718 com.android.server.wm.WindowManagerService.performLayoutAndPlaceSurfacesLockedLoop:9462 com.android.server.wm.WindowManagerService.performLayoutAndPlaceSurfacesLocked:9409 com.android.server.wm.WindowManagerService.-wrap8:-1 
11-01 11:16:43.405 I/BufferQueueProducer(  245): [](this:0xb0aeac00,id:758,api:1,p:3722,c:245) new GraphicBuffer needed
11-01 11:16:43.405 D/GraphicBuffer(  245): free, handle(0xb5be0780) (w:30 h:300 s:32 f:0x1 u:0x000900)
11-01 11:16:43.405 I/[MALI][Gralloc](  245): [-]hnd(0xb5be0780), client(27), share_fd(71)
11-01 11:16:43.406 I/[MALI][Gralloc](  245): [+]hnd(0xb5be0780), client(27), share_fd(71), hnd->flags:4
11-01 11:16:43.406 D/GraphicBuffer(  245): alloc, handle(0xb5be0780) (w:30 h:300 s:32 f:0x1 u:0x000b00) err(0)
11-01 11:16:43.407 I/ActivityManager(  861): [AppLaunch] Displayed Displayed com.rgk.launcher3/com.android.launcher3.Launcher: +937ms
11-01 11:16:43.407 D/ActivityManager(  861): AP_PROF:AppLaunch_LaunchTime:com.rgk.launcher3/com.android.launcher3.Launcher:937:24976825
11-01 11:16:43.409 V/WindowManager(  861): Looking for focus: 20 = Window{6ec17a7 u0 StatusBar}, flags=-2122055608, canReceive=false
11-01 11:16:43.410 V/WindowManager(  861): findFocusedWindow: Found new focus @ 12 = Window{1a57e29 u0 com.rgk.launcher3/com.android.launcher3.Launcher}
11-01 11:16:43.411 I/[MALI][Gralloc]( 3722): [+]r_hnd(0x9bb4b140), client(34), share_fd(72)
11-01 11:16:43.411 D/GraphicBuffer( 3722): register, handle(0x9bb4b140) (w:30 h:300 s:32 f:0x1 u:0x000b00)
11-01 11:16:43.416 D/LUORAN  ( 3722): onDraw
11-01 11:16:43.418 I/BufferQueueProducer(  245): [](this:0xb0aeb800,id:759,api:1,p:3722,c:245) new GraphicBuffer needed
11-01 11:16:43.418 D/GraphicBuffer(  245): free, handle(0xb5d28220) (w:150 h:30 s:160 f:0x1 u:0x000900)
11-01 11:16:43.418 I/[MALI][Gralloc](  245): [-]hnd(0xb5d28220), client(27), share_fd(85)
11-01 11:16:43.418 I/[MALI][Gralloc](  245): [+]hnd(0xb5d28220), client(27), share_fd(81), hnd->flags:4
11-01 11:16:43.418 D/GraphicBuffer(  245): alloc, handle(0xb5d28220) (w:150 h:30 s:160 f:0x1 u:0x000b00) err(0)
11-01 11:16:43.419 I/[MALI][Gralloc]( 3722): [+]r_hnd(0x9bb4b280), client(34), share_fd(73)
11-01 11:16:43.420 D/GraphicBuffer( 3722): register, handle(0x9bb4b280) (w:150 h:30 s:160 f:0x1 u:0x000b00)
11-01 11:16:43.422 I/BufferQueueProducer(  245): [](this:0xb0aeb800,id:759,api:1,p:3722,c:245) new GraphicBuffer needed
11-01 11:16:43.422 D/GraphicBuffer(  245): free, handle(0xb5d28040) (w:150 h:30 s:160 f:0x1 u:0x000900)
11-01 11:16:43.422 I/[MALI][Gralloc](  245): [-]hnd(0xb5d28040), client(27), share_fd(83)
11-01 11:16:43.422 I/[MALI][Gralloc](  245): [+]hnd(0xb5d28040), client(27), share_fd(83), hnd->flags:4
11-01 11:16:43.422 D/GraphicBuffer(  245): alloc, handle(0xb5d28040) (w:150 h:30 s:160 f:0x1 u:0x000b00) err(0)
11-01 11:16:43.424 I/[MALI][Gralloc]( 3722): [+]r_hnd(0x9bb4b3c0), client(34), share_fd(75)
11-01 11:16:43.424 D/GraphicBuffer( 3722): register, handle(0x9bb4b3c0) (w:150 h:30 s:160 f:0x1 u:0x000b00)
11-01 11:16:43.428 I/BufferQueueProducer(  245): [FrameBufferSurface_0](this:0xb3556000,id:0,api:1,p:245,c:245) queueBuffer: fps=21.85 dur=1006.66 max=664.39 min=8.04
11-01 11:16:43.428 D/LUORAN  ( 3722): onDraw
11-01 11:16:43.428 I/SurfaceFlinger(  245): [Built-in Screen (type:0)] fps:33.775990,dur:1006.63,max:474.17,min:6.87
11-01 11:16:43.430 I/BufferQueueProducer(  245): [](this:0xb267c000,id:760,api:1,p:3722,c:245) new GraphicBuffer needed
11-01 11:16:43.430 D/GraphicBuffer(  245): free, handle(0xb5be17c0) (w:30 h:300 s:32 f:0x1 u:0x000900)
11-01 11:16:43.430 I/[MALI][Gralloc](  245): [-]hnd(0xb5be17c0), client(27), share_fd(94)
11-01 11:16:43.430 I/[MALI][Gralloc](  245): [+]hnd(0xb5be17c0), client(27), share_fd(79), hnd->flags:4
11-01 11:16:43.430 D/GraphicBuffer(  245): alloc, handle(0xb5be17c0) (w:30 h:300 s:32 f:0x1 u:0x000b00) err(0)
11-01 11:16:43.432 I/[MALI][Gralloc]( 3722): [+]r_hnd(0x9bb4b500), client(34), share_fd(74)
11-01 11:16:43.432 D/GraphicBuffer( 3722): register, handle(0x9bb4b500) (w:30 h:300 s:32 f:0x1 u:0x000b00)
11-01 11:16:43.434 I/BufferQueueProducer(  245): [](this:0xb267c000,id:760,api:1,p:3722,c:245) new GraphicBuffer needed
11-01 11:16:43.434 D/GraphicBuffer(  245): free, handle(0xb5be1220) (w:30 h:300 s:32 f:0x1 u:0x000900)
11-01 11:16:43.434 I/[MALI][Gralloc](  245): [-]hnd(0xb5be1220), client(27), share_fd(90)
11-01 11:16:43.434 I/[MALI][Gralloc](  245): [+]hnd(0xb5be1220), client(27), share_fd(90), hnd->flags:4
11-01 11:16:43.435 D/GraphicBuffer(  245): alloc, handle(0xb5be1220) (w:30 h:300 s:32 f:0x1 u:0x000b00) err(0)
11-01 11:16:43.436 I/[MALI][Gralloc]( 3722): [+]r_hnd(0x9bb4b640), client(34), share_fd(78)
11-01 11:16:43.436 D/GraphicBuffer( 3722): register, handle(0x9bb4b640) (w:30 h:300 s:32 f:0x1 u:0x000b00)
11-01 11:16:43.438 D/LUORAN  ( 3722): onDraw
11-01 11:16:43.440 I/BufferQueueProducer(  245): [](this:0xb267cc00,id:761,api:1,p:3722,c:245) new GraphicBuffer needed
11-01 11:16:43.440 D/GraphicBuffer(  245): free, handle(0xb5d28680) (w:150 h:30 s:160 f:0x1 u:0x000900)
11-01 11:16:43.440 I/[MALI][Gralloc](  245): [-]hnd(0xb5d28680), client(27), share_fd(98)
11-01 11:16:43.440 I/[MALI][Gralloc](  245): [+]hnd(0xb5d28680), client(27), share_fd(94), hnd->flags:4
11-01 11:16:43.440 D/GraphicBuffer(  245): alloc, handle(0xb5d28680) (w:150 h:30 s:160 f:0x1 u:0x000b00) err(0)
11-01 11:16:43.443 I/[MALI][Gralloc]( 3722): [+]r_hnd(0x9bb4b780), client(34), share_fd(79)
11-01 11:16:43.443 D/GraphicBuffer( 3722): register, handle(0x9bb4b780) (w:150 h:30 s:160 f:0x1 u:0x000b00)
11-01 11:16:43.446 I/BufferQueueProducer(  245): [](this:0xb267cc00,id:761,api:1,p:3722,c:245) new GraphicBuffer needed
11-01 11:16:43.447 D/GraphicBuffer(  245): free, handle(0xb5d28540) (w:150 h:30 s:160 f:0x1 u:0x000900)
11-01 11:16:43.447 I/[MALI][Gralloc](  245): [-]hnd(0xb5d28540), client(27), share_fd(96)
11-01 11:16:43.447 I/[MALI][Gralloc](  245): [+]hnd(0xb5d28540), client(27), share_fd(96), hnd->flags:4
11-01 11:16:43.447 D/GraphicBuffer(  245): alloc, handle(0xb5d28540) (w:150 h:30 s:160 f:0x1 u:0x000b00) err(0)
11-01 11:16:43.450 I/[MALI][Gralloc]( 3722): [+]r_hnd(0x9bb4b8c0), client(34), share_fd(81)
11-01 11:16:43.450 D/GraphicBuffer( 3722): register, handle(0x9bb4b8c0) (w:150 h:30 s:160 f:0x1 u:0x000b00)
11-01 11:16:43.455 V/InputMethodManager( 3722): onWindowFocus: null softInputMode=288 first=true flags=#81910100
11-01 11:16:43.455 V/InputMethodManager( 3722): START INPUT: com.android.internal.policy.PhoneWindow$DecorView{3488cd6 V.ED..... R.....ID 0,0-720,1280} ic=null tba=android.view.inputmethod.EditorInfo@5d6cfbf controlFlags=#104
11-01 11:16:43.456 V/InputMethodManagerService(  861): windowGainedFocus: android.os.BinderProxy@93366f3 controlFlags=#104 softInputMode=#120 windowFlags=#81910100
11-01 11:16:43.474 D/BatteryService(  861): Processing new values: chargerAcOnline=false, chargerUsbOnline=true, chargerWirelessOnline=false, batteryStatus=2, batteryHealth=2, batteryPresent=true, batteryLevel=69, batteryTechnology=Li-ion, batteryVoltage=4018, batteryTemperature=320, mBatteryLevelCritical=false, mPlugType=2
11-01 11:16:43.475 D/BatteryService(  861): mBatteryVoltage=4018, batteryLevel=50
11-01 11:16:43.475 D/BatteryService(  861): Sending ACTION_BATTERY_CHANGED.  level:69, scale:100, status:2, health:2, present:true, voltage: 4018, temperature: 320, technology: Li-ion, AC powered:false, USB powered:true, Wireless powered:false, icon:17303136, invalid charger:0, status_smb:1, present_smb:false,level_smb:50
11-01 11:16:43.475 I/BatteryService(  861): readBattlevel() in sendIntentLocked:69
11-01 11:16:43.476 V/ActivityManager(  861): Broadcast sticky: Intent { act=android.intent.action.BATTERY_CHANGED flg=0x60000010 (has extras) } ordered=false userid=-1 callerApp=null
11-01 11:16:43.476 D/BatteryService(  861): Processing new values: chargerAcOnline=false, chargerUsbOnline=true, chargerWirelessOnline=false, batteryStatus=2, batteryHealth=2, batteryPresent=true, batteryLevel=69, batteryTechnology=Li-ion, batteryVoltage=4018, batteryTemperature=320, mBatteryLevelCritical=false, mPlugType=2
11-01 11:16:43.477 D/PowerManagerService(  861): updateIsPoweredLocked: wasPowered=true, mIsPowered=true, oldPlugType=2, mPlugType=2, mBatteryLevel=69
11-01 11:16:43.477 D/WifiService(  861): onReceive, action:android.intent.action.BATTERY_CHANGED
11-01 11:16:43.477 D/WifiController(  861): ApEnabledState{ when=0 what=155652 arg1=2 target=com.android.internal.util.StateMachine$SmHandler }
11-01 11:16:43.477 D/WifiController(  861): DefaultState{ when=0 what=155652 arg1=2 target=com.android.internal.util.StateMachine$SmHandler }
11-01 11:16:43.477 D/WifiController(  861): battery changed pluggedType: 2
11-01 11:16:43.479 D/KeyguardUpdateMonitor( 1142): received broadcast android.intent.action.BATTERY_CHANGED
11-01 11:16:43.482 D/KeyguardUpdateMonitor( 1142): handleBatteryUpdate
11-01 11:16:43.487 D/BatteryService(  861): Processing new values: chargerAcOnline=false, chargerUsbOnline=true, chargerWirelessOnline=false, batteryStatus=2, batteryHealth=2, batteryPresent=true, batteryLevel=69, batteryTechnology=Li-ion, batteryVoltage=4018, batteryTemperature=320, mBatteryLevelCritical=false, mPlugType=2
11-01 11:16:43.489 I/BufferQueueProducer(  245): [com.rgk.launcher3/com.android.launcher3.Launcher](this:0xb355b400,id:757,api:1,p:3722,c:245) new GraphicBuffer needed
11-01 11:16:43.489 D/GraphicBuffer(  245): free, handle(0xb5d27820) (w:720 h:1280 s:720 f:0x1 u:0x000900)
11-01 11:16:43.489 I/[MALI][Gralloc](  245): [-]hnd(0xb5d27820), client(27), share_fd(63)
11-01 11:16:43.490 D/BatteryService(  861): Processing new values: chargerAcOnline=false, chargerUsbOnline=true, chargerWirelessOnline=false, batteryStatus=2, batteryHealth=2, batteryPresent=true, batteryLevel=69, batteryTechnology=Li-ion, batteryVoltage=4018, batteryTemperature=320, mBatteryLevelCritical=false, mPlugType=2
11-01 11:16:43.490 I/[MALI][Gralloc](  245): [+]hnd(0xb5d27820), client(27), share_fd(63), hnd->flags:4
11-01 11:16:43.491 D/GraphicBuffer(  245): alloc, handle(0xb5d27820) (w:720 h:1280 s:720 f:0x1 u:0x000b00) err(0)
11-01 11:16:43.491 I/DownloadManagerWrapper( 1392): onReceive() : Charging = true
11-01 11:16:43.498 I/BufferQueueProducer(  245): [StatusBar](this:0xb355a800,id:6,api:1,p:1142,c:245) queueBuffer: fps=18.74 dur=1067.03 max=754.95 min=13.22
11-01 11:16:43.500 I/[MALI][Gralloc]( 3722): [+]r_hnd(0x9bb4bc80), client(34), share_fd(87)
11-01 11:16:43.500 D/GraphicBuffer( 3722): register, handle(0x9bb4bc80) (w:720 h:1280 s:720 f:0x1 u:0x000b00)
11-01 11:16:43.501 D/LUORAN  ( 3722): onMeasure
11-01 11:16:43.503 D/LUORAN  ( 3722): onMeasure
11-01 11:16:43.503 D/LUORAN  ( 3722): onMeasure
11-01 11:16:43.504 D/LUORAN  ( 3722): onMeasure
11-01 11:16:43.533 D/SettingsInterface( 1420):  from settings cache , name = pdp_watchdog_poll_interval_ms , value = null
11-01 11:16:43.539 V/dbw     ( 3722): Navi height:96
11-01 11:16:43.671 D/ActivityManager(  861): getContentProviderImpl: from caller=android.app.ApplicationThreadProxy@ab1530e (pid=3722, userId=0) to get content provider media cpr=ContentProviderRecord{b277d81 u0 com.android.providers.media/.MediaProvider}
11-01 11:16:43.672 D/ActivityManager(  861): getContentProviderImpl: updateLruProcessLocked cpr.proc=ProcessRecord{ad3ee26 22693:android.process.media/u0a7}
11-01 11:16:43.674 D/ActivityThread( 3722): holder:android.app.IActivityManager$ContentProviderHolder@a1debd, holder.provider:android.content.ContentProviderProxy@9f79cb2
11-01 11:16:43.676 D/AppOps  (  861): noteOperation: allowing code 59 uid 10007 package com.android.providers.media
11-01 11:16:43.676 D/AppOps  (  861): noteOperation: allowing code 59 uid 10105 package com.rgk.launcher3
11-01 11:16:43.726 D/PowerManagerService(  861): releaseWakeLockInternal: lock=84161013 [*launch*], flags=0x0, total_time=1268ms
11-01 11:16:43.726 D/Launcher3( 3722): Launcher.Model, loadAndBindAllApps: mAllAppsLoaded =false, mStopped = false, this = com.android.launcher3.LauncherModel$LoaderTask@7d0afdc
11-01 11:16:43.726 D/RgkFp.FPProvider( 3722): query
11-01 11:16:43.726 D/PowerManagerNotifier(  861): onWakeLockReleased: flags=1, tag="*launch*", packageName=android, ownerUid=1000, ownerPid=861, workSource=WorkSource{10105}
11-01 11:16:43.726 I/Launcher:FolderIcon( 3722): fromXml Freeze
11-01 11:16:43.726 D/PowerManagerService(  861): updateWakeLockSummaryLocked: mWakefulness=Awake, mWakeLockSummary=0x0
11-01 11:16:43.726 D/PowerManagerService(  861): updateUserActivitySummaryLocked: mWakefulness=Awake, mUserActivitySummary=0x9, nextTimeout=24977195 (in 50 ms)
11-01 11:16:43.727 D/DisplayPowerController(  861): requestPowerState: policy=BRIGHT, useProximitySensor=false, screenBrightness=137, screenAutoBrightnessAdjustment=0.0, brightnessSetByUser=true, useAutoBrightness=false, blockScreenOn=false, lowPowerMode=false, boostScreenBrightness=false, dozeScreenBrightness=-1, dozeScreenState=UNKNOWN, waitForNegativeProximity=false
11-01 11:16:43.727 I/PowerManagerService(  861): setBrightness mButtonLight, screenBrightness=137
11-01 11:16:43.727 D/PowerManagerService(  861): updateDisplayPowerStateLocked: mDisplayReady=true, policy=3, mWakefulness=1, mWakeLockSummary=0x0, mUserActivitySummary=0x9, mBootCompleted=true, mScreenBrightnessBoostInProgress=false
11-01 11:16:43.727 D/PowerManagerService(  861): Releasing suspend blocker "PowerManagerService.WakeLocks".
11-01 11:16:43.733 I/PerfService( 1844): PerfServiceNative_getPackName
11-01 11:16:43.733 D/RgkFp.FPProvider( 3722): FREEZE
11-01 11:16:43.733 I/libPerfService(  861): perfGetLastBoostPid 3722
11-01 11:16:43.733 D/PerfServiceManager(  861): [PerfService] getLastBoostPid 3722 
11-01 11:16:43.733 I/libPerfService(  861): perfGetLastBoostPid 3722
11-01 11:16:43.746 D/Launcher.Folder( 3722): centerAboutIcon now, after sTempRect = Rect(8, 184 - 712, 976)mFolderIcon = com.android.launcher3.FolderIcon{3768fba VFE...C.. ......I. 0,0-0,0}
11-01 11:16:43.747 I/Launcher:FolderIcon( 3722): FolderRingAnimator
11-01 11:16:43.758 I/Launcher:FolderIcon( 3722): icon = Freeze
11-01 11:16:43.758 I/Launcher:FolderIcon( 3722): setTextVisible
11-01 11:16:43.758 I/Launcher:FolderIcon( 3722): onAttachedToWindow
11-01 11:16:43.766 I/libPerfService(  861): 1: set: 1
11-01 11:16:43.766 V/WindowManager(  861): Looking for focus: 20 = Window{6ec17a7 u0 StatusBar}, flags=-2122055608, canReceive=false
11-01 11:16:43.766 V/WindowManager(  861): findFocusedWindow: Found new focus @ 12 = Window{1a57e29 u0 com.rgk.launcher3/com.android.launcher3.Launcher}
11-01 11:16:43.766 I/libPerfService(  861): 1: set freq: 0
11-01 11:16:43.766 I/libPerfService(  861): 1: set vcore level: 0
11-01 11:16:43.781 I/BufferQueueConsumer(  245): [com.android.launcher3/com.android.launcher3.Launcher](this:0xb0aea000,id:755,api:1,p:-1,c:-1) disconnect(C)
11-01 11:16:43.782 I/BufferQueue(  245): [com.android.launcher3/com.android.launcher3.Launcher](this:0xb0aea000,id:755,api:1,p:-1,c:-1) ~BufferQueueCore
11-01 11:16:43.782 D/GraphicBuffer(  245): free, handle(0xb5d29e40) (w:720 h:1280 s:720 f:0x1 u:0x000b00)
11-01 11:16:43.782 I/[MALI][Gralloc](  245): [-]hnd(0xb5d29e40), client(27), share_fd(68)
11-01 11:16:43.826 D/OpenGLRenderer( 3722): CacheTexture 23 upload: x, y, width height = 0, 0, 55, 105
11-01 11:16:43.841 V/RenderScript( 3722): 0xa0d23000 Launching thread(s), CPUs 4
11-01 11:16:43.849 I/BufferQueueProducer(  245): [com.rgk.launcher3/com.android.launcher3.Launcher](this:0xb355b400,id:757,api:1,p:3722,c:245) new GraphicBuffer needed
11-01 11:16:43.849 D/GraphicBuffer(  245): free, handle(0xb5d27280) (w:720 h:1280 s:720 f:0x1 u:0x000900)
11-01 11:16:43.849 I/[MALI][Gralloc](  245): [-]hnd(0xb5d27280), client(27), share_fd(49)
11-01 11:16:43.851 I/[MALI][Gralloc](  245): [+]hnd(0xb5d27280), client(27), share_fd(46), hnd->flags:4
11-01 11:16:43.851 D/GraphicBuffer(  245): alloc, handle(0xb5d27280) (w:720 h:1280 s:720 f:0x1 u:0x000b00) err(0)
11-01 11:16:43.855 D/NetworkTypeUtils( 1142): getNetworkType: type=13
11-01 11:16:43.856 D/NetworkTypeUtils( 1142): getNetworkTypeIcon iconId = 2130837902
11-01 11:16:43.856 D/cell strength( 9645): ===== cell singal strength changed : 22
11-01 11:16:43.857 I/[MALI][Gralloc]( 3722): [+]r_hnd(0x9bb4c220), client(34), share_fd(80)
11-01 11:16:43.857 D/GraphicBuffer( 3722): register, handle(0x9bb4c220) (w:720 h:1280 s:720 f:0x1 u:0x000b00)
11-01 11:16:43.859 D/Launcher3( 3722): Launcher, bindWorkspaceUnreadInfo begin: start = 1477970203858
11-01 11:16:43.859 I/Launcher:FolderIcon( 3722): setFolderUnreadNum
11-01 11:16:43.860 D/Launcher3( 3722): Launcher, bindWorkspaceUnreadInfo end: current time = 1477970203860,time used = 2
11-01 11:16:43.867 V/ActivityManager(  861): Broadcast sticky: Intent { act=android.intent.action.SIG_STR flg=0x20000010 (has extras) } ordered=false userid=-1 callerApp=ProcessRecord{8fdfad5 861:system/1000}
11-01 11:16:44.379 I/BufferQueueProducer(  245): [com.rgk.launcher3/com.android.launcher3.Launcher](this:0xb355b400,id:757,api:1,p:3722,c:245) queueBuffer: fps=29.98 dur=1000.67 max=359.65 min=9.88
11-01 11:16:44.536 D/SettingsInterface( 1420):  from settings cache , name = pdp_watchdog_poll_interval_ms , value = null
11-01 11:16:44.734 I/PerfService( 1844): PerfServiceNative_getPackName
11-01 11:16:44.734 I/libPerfService(  861): perfGetLastBoostPid 3722
11-01 11:16:44.734 D/PerfServiceManager(  861): [PerfService] getLastBoostPid 3722 
11-01 11:16:44.734 I/libPerfService(  861): perfGetLastBoostPid 3722
11-01 11:16:44.830 D/InputReader(  861): AP_PROF:AppLaunch_dispatchPtr:Down:24978248, ID:0, Index:-1462335600
11-01 11:16:44.831 I/PerfService(  861): PerfServiceNative_boostEnableAsync:3
11-01 11:16:44.832 I/libPerfService(  861): 3: set freq: 819000
11-01 11:16:44.832 D/PowerManagerService(  861): userActivityFromNative
11-01 11:16:44.833 I/libPerfService(  861): 3: set: 3
11-01 11:16:44.833 D/PowerManagerService(  861): userActivityNoUpdateLocked: eventTime=24978248, event=2, flags=0x0, uid=1000
11-01 11:16:44.833 D/PowerManagerNotifier(  861): onUserActivity: event=2, uid=1000
11-01 11:16:44.833 D/PowerManagerService(  861): updateUserActivitySummaryLocked: mWakefulness=Awake, mUserActivitySummary=0x1, nextTimeout=24986248 (in 7996 ms)
11-01 11:16:44.833 D/DisplayPowerController(  861): requestPowerState: policy=BRIGHT, useProximitySensor=false, screenBrightness=137, screenAutoBrightnessAdjustment=0.0, brightnessSetByUser=true, useAutoBrightness=false, blockScreenOn=false, lowPowerMode=false, boostScreenBrightness=false, dozeScreenBrightness=-1, dozeScreenState=UNKNOWN, waitForNegativeProximity=false
11-01 11:16:44.833 V/WallpaperService( 1142): Delivering touch event: MotionEvent { action=ACTION_DOWN, actionButton=0, id[0]=0, x[0]=394.45215, y[0]=610.523, toolType[0]=TOOL_TYPE_FINGER, buttonState=0, metaState=0, flags=0x3, edgeFlags=0x0, pointerCount=1, historySize=0, eventTime=24978248, downTime=24978248, deviceId=1, source=0x1002 }
11-01 11:16:44.833 D/lights  (  861): write_int open fd=-1
11-01 11:16:44.833 I/PowerManagerService(  861): setBrightness mButtonLight 0.
11-01 11:16:44.833 D/PowerManagerService(  861): updateDisplayPowerStateLocked: mDisplayReady=true, policy=3, mWakefulness=1, mWakeLockSummary=0x0, mUserActivitySummary=0x1, mBootCompleted=true, mScreenBrightnessBoostInProgress=false
11-01 11:16:44.843 V/WallpaperService( 1142): Delivering touch event: MotionEvent { action=ACTION_MOVE, actionButton=0, id[0]=0, x[0]=394.45215, y[0]=610.523, toolType[0]=TOOL_TYPE_FINGER, buttonState=0, metaState=0, flags=0x3, edgeFlags=0x0, pointerCount=1, historySize=0, eventTime=24978261, downTime=24978248, deviceId=1, source=0x1002 }
11-01 11:16:44.857 V/WallpaperService( 1142): Delivering touch event: MotionEvent { action=ACTION_MOVE, actionButton=0, id[0]=0, x[0]=394.45215, y[0]=610.523, toolType[0]=TOOL_TYPE_FINGER, buttonState=0, metaState=0, flags=0x3, edgeFlags=0x0, pointerCount=1, historySize=0, eventTime=24978275, downTime=24978248, deviceId=1, source=0x1002 }
11-01 11:16:44.867 I/BufferQueueProducer(  245): [FrameBufferSurface_0](this:0xb3556000,id:0,api:1,p:245,c:245) queueBuffer: fps=31.97 dur=1438.86 max=471.13 min=14.95
11-01 11:16:44.867 I/SurfaceFlinger(  245): [Built-in Screen (type:0)] fps:31.970154,dur:1438.84,max:471.27,min:14.96
11-01 11:16:44.871 V/WallpaperService( 1142): Delivering touch event: MotionEvent { action=ACTION_MOVE, actionButton=0, id[0]=0, x[0]=394.45215, y[0]=610.523, toolType[0]=TOOL_TYPE_FINGER, buttonState=0, metaState=0, flags=0x3, edgeFlags=0x0, pointerCount=1, historySize=0, eventTime=24978289, downTime=24978248, deviceId=1, source=0x1002 }
11-01 11:16:44.893 D/InputReader(  861): AP_PROF:AppLaunch_dispatchPtr:Up:24978312, ID:0, Index:-1462332208
11-01 11:16:44.894 I/PerfService(  861): PerfServiceNative_boostEnableTimeoutMsAsync:3, 100
11-01 11:16:44.895 V/WallpaperService( 1142): Delivering touch event: MotionEvent { action=ACTION_UP, actionButton=0, id[0]=0, x[0]=394.45215, y[0]=610.523, toolType[0]=TOOL_TYPE_FINGER, buttonState=0, metaState=0, flags=0x3, edgeFlags=0x0, pointerCount=1, historySize=0, eventTime=24978312, downTime=24978248, deviceId=1, source=0x1002 }
11-01 11:16:44.895 V/WallpaperService( 1142): Dispatch wallpaper command: 394, 610
11-01 11:16:44.994 D/PerfServiceManager(  861): [PerfService] MESSAGE_TIMEOUT:103 
11-01 11:16:44.995 I/libPerfService(  861): 3: set: 3
11-01 11:16:44.995 I/libPerfService(  861): 3: set freq: 819000
11-01 11:16:44.995 I/libPerfService(  861): 3: set vcore level: 0
11-01 11:16:45.317 D/InputReader(  861): AP_PROF:AppLaunch_dispatchPtr:Down:24978735, ID:0, Index:-1462335600
11-01 11:16:45.317 I/PerfService(  861): PerfServiceNative_boostEnableAsync:3
11-01 11:16:45.318 V/WallpaperService( 1142): Delivering touch event: MotionEvent { action=ACTION_DOWN, actionButton=0, id[0]=0, x[0]=386.46326, y[0]=622.5137, toolType[0]=TOOL_TYPE_FINGER, buttonState=0, metaState=0, flags=0x3, edgeFlags=0x0, pointerCount=1, historySize=0, eventTime=24978735, downTime=24978735, deviceId=1, source=0x1002 }
11-01 11:16:45.331 D/PowerManagerService(  861): userActivityFromNative
11-01 11:16:45.331 D/PowerManagerService(  861): userActivityNoUpdateLocked: eventTime=24978749, event=2, flags=0x0, uid=1000
11-01 11:16:45.332 D/PowerManagerNotifier(  861): onUserActivity: event=2, uid=1000
11-01 11:16:45.332 V/WallpaperService( 1142): Delivering touch event: MotionEvent { action=ACTION_MOVE, actionButton=0, id[0]=0, x[0]=386.46326, y[0]=622.5137, toolType[0]=TOOL_TYPE_FINGER, buttonState=0, metaState=0, flags=0x3, edgeFlags=0x0, pointerCount=1, historySize=0, eventTime=24978749, downTime=24978735, deviceId=1, source=0x1002 }
11-01 11:16:45.332 D/PowerManagerService(  861): updateUserActivitySummaryLocked: mWakefulness=Awake, mUserActivitySummary=0x1, nextTimeout=24986749 (in 7999 ms)
11-01 11:16:45.332 D/DisplayPowerController(  861): requestPowerState: policy=BRIGHT, useProximitySensor=false, screenBrightness=137, screenAutoBrightnessAdjustment=0.0, brightnessSetByUser=true, useAutoBrightness=false, blockScreenOn=false, lowPowerMode=false, boostScreenBrightness=false, dozeScreenBrightness=-1, dozeScreenState=UNKNOWN, waitForNegativeProximity=false
11-01 11:16:45.332 I/PowerManagerService(  861): setBrightness mButtonLight 0.
11-01 11:16:45.332 D/PowerManagerService(  861): updateDisplayPowerStateLocked: mDisplayReady=true, policy=3, mWakefulness=1, mWakeLockSummary=0x0, mUserActivitySummary=0x1, mBootCompleted=true, mScreenBrightnessBoostInProgress=false
11-01 11:16:45.346 V/WallpaperService( 1142): Delivering touch event: MotionEvent { action=ACTION_MOVE, actionButton=0, id[0]=0, x[0]=386.46326, y[0]=622.5137, toolType[0]=TOOL_TYPE_FINGER, buttonState=0, metaState=0, flags=0x3, edgeFlags=0x0, pointerCount=1, historySize=0, eventTime=24978763, downTime=24978735, deviceId=1, source=0x1002 }
11-01 11:16:45.359 V/WallpaperService( 1142): Delivering touch event: MotionEvent { action=ACTION_MOVE, actionButton=0, id[0]=0, x[0]=386.46326, y[0]=622.5137, toolType[0]=TOOL_TYPE_FINGER, buttonState=0, metaState=0, flags=0x3, edgeFlags=0x0, pointerCount=1, historySize=0, eventTime=24978777, downTime=24978735, deviceId=1, source=0x1002 }
11-01 11:16:45.373 V/WallpaperService( 1142): Delivering touch event: MotionEvent { action=ACTION_MOVE, actionButton=0, id[0]=0, x[0]=386.46326, y[0]=622.5137, toolType[0]=TOOL_TYPE_FINGER, buttonState=0, metaState=0, flags=0x3, edgeFlags=0x0, pointerCount=1, historySize=0, eventTime=24978791, downTime=24978735, deviceId=1, source=0x1002 }
11-01 11:16:45.387 V/WallpaperService( 1142): Delivering touch event: MotionEvent { action=ACTION_MOVE, actionButton=0, id[0]=0, x[0]=386.46326, y[0]=622.5137, toolType[0]=TOOL_TYPE_FINGER, buttonState=0, metaState=0, flags=0x3, edgeFlags=0x0, pointerCount=1, historySize=0, eventTime=24978805, downTime=24978735, deviceId=1, source=0x1002 }
11-01 11:16:45.401 V/WallpaperService( 1142): Delivering touch event: MotionEvent { action=ACTION_MOVE, actionButton=0, id[0]=0, x[0]=386.46326, y[0]=622.5137, toolType[0]=TOOL_TYPE_FINGER, buttonState=0, metaState=0, flags=0x3, edgeFlags=0x0, pointerCount=1, historySize=0, eventTime=24978819, downTime=24978735, deviceId=1, source=0x1002 }
11-01 11:16:45.415 V/WallpaperService( 1142): Delivering touch event: MotionEvent { action=ACTION_MOVE, actionButton=0, id[0]=0, x[0]=386.46326, y[0]=622.5137, toolType[0]=TOOL_TYPE_FINGER, buttonState=0, metaState=0, flags=0x3, edgeFlags=0x0, pointerCount=1, historySize=0, eventTime=24978833, downTime=24978735, deviceId=1, source=0x1002 }
11-01 11:16:45.429 V/WallpaperService( 1142): Delivering touch event: MotionEvent { action=ACTION_MOVE, actionButton=0, id[0]=0, x[0]=386.46326, y[0]=622.5137, toolType[0]=TOOL_TYPE_FINGER, buttonState=0, metaState=0, flags=0x3, edgeFlags=0x0, pointerCount=1, historySize=0, eventTime=24978847, downTime=24978735, deviceId=1, source=0x1002 }
11-01 11:16:45.443 V/WallpaperService( 1142): Delivering touch event: MotionEvent { action=ACTION_MOVE, actionButton=0, id[0]=0, x[0]=386.46326, y[0]=622.5137, toolType[0]=TOOL_TYPE_FINGER, buttonState=0, metaState=0, flags=0x3, edgeFlags=0x0, pointerCount=1, historySize=0, eventTime=24978861, downTime=24978735, deviceId=1, source=0x1002 }
11-01 11:16:45.457 V/WallpaperService( 1142): Delivering touch event: MotionEvent { action=ACTION_MOVE, actionButton=0, id[0]=0, x[0]=386.46326, y[0]=622.5137, toolType[0]=TOOL_TYPE_FINGER, buttonState=0, metaState=0, flags=0x3, edgeFlags=0x0, pointerCount=1, historySize=0, eventTime=24978875, downTime=24978735, deviceId=1, source=0x1002 }
11-01 11:16:45.471 V/WallpaperService( 1142): Delivering touch event: MotionEvent { action=ACTION_MOVE, actionButton=0, id[0]=0, x[0]=386.46326, y[0]=622.5137, toolType[0]=TOOL_TYPE_FINGER, buttonState=0, metaState=0, flags=0x3, edgeFlags=0x0, pointerCount=1, historySize=0, eventTime=24978889, downTime=24978735, deviceId=1, source=0x1002 }
11-01 11:16:45.485 V/WallpaperService( 1142): Delivering touch event: MotionEvent { action=ACTION_MOVE, actionButton=0, id[0]=0, x[0]=386.46326, y[0]=622.5137, toolType[0]=TOOL_TYPE_FINGER, buttonState=0, metaState=0, flags=0x3, edgeFlags=0x0, pointerCount=1, historySize=0, eventTime=24978903, downTime=24978735, deviceId=1, source=0x1002 }
11-01 11:16:45.499 V/WallpaperService( 1142): Delivering touch event: MotionEvent { action=ACTION_MOVE, actionButton=0, id[0]=0, x[0]=386.46326, y[0]=622.5137, toolType[0]=TOOL_TYPE_FINGER, buttonState=0, metaState=0, flags=0x3, edgeFlags=0x0, pointerCount=1, historySize=0, eventTime=24978917, downTime=24978735, deviceId=1, source=0x1002 }
11-01 11:16:45.513 V/WallpaperService( 1142): Delivering touch event: MotionEvent { action=ACTION_MOVE, actionButton=0, id[0]=0, x[0]=386.46326, y[0]=622.5137, toolType[0]=TOOL_TYPE_FINGER, buttonState=0, metaState=0, flags=0x3, edgeFlags=0x0, pointerCount=1, historySize=0, eventTime=24978931, downTime=24978735, deviceId=1, source=0x1002 }
11-01 11:16:45.527 V/WallpaperService( 1142): Delivering touch event: MotionEvent { action=ACTION_MOVE, actionButton=0, id[0]=0, x[0]=386.46326, y[0]=622.5137, toolType[0]=TOOL_TYPE_FINGER, buttonState=0, metaState=0, flags=0x3, edgeFlags=0x0, pointerCount=1, historySize=0, eventTime=24978945, downTime=24978735, deviceId=1, source=0x1002 }
11-01 11:16:45.539 D/SettingsInterface( 1420):  from settings cache , name = pdp_watchdog_poll_interval_ms , value = null
11-01 11:16:45.541 V/WallpaperService( 1142): Delivering touch event: MotionEvent { action=ACTION_MOVE, actionButton=0, id[0]=0, x[0]=386.46326, y[0]=622.5137, toolType[0]=TOOL_TYPE_FINGER, buttonState=0, metaState=0, flags=0x3, edgeFlags=0x0, pointerCount=1, historySize=0, eventTime=24978959, downTime=24978735, deviceId=1, source=0x1002 }
11-01 11:16:45.555 V/WallpaperService( 1142): Delivering touch event: MotionEvent { action=ACTION_MOVE, actionButton=0, id[0]=0, x[0]=386.46326, y[0]=622.5137, toolType[0]=TOOL_TYPE_FINGER, buttonState=0, metaState=0, flags=0x3, edgeFlags=0x0, pointerCount=1, historySize=0, eventTime=24978973, downTime=24978735, deviceId=1, source=0x1002 }
11-01 11:16:45.569 V/WallpaperService( 1142): Delivering touch event: MotionEvent { action=ACTION_MOVE, actionButton=0, id[0]=0, x[0]=386.46326, y[0]=622.5137, toolType[0]=TOOL_TYPE_FINGER, buttonState=0, metaState=0, flags=0x3, edgeFlags=0x0, pointerCount=1, historySize=0, eventTime=24978987, downTime=24978735, deviceId=1, source=0x1002 }
11-01 11:16:45.583 V/WallpaperService( 1142): Delivering touch event: MotionEvent { action=ACTION_MOVE, actionButton=0, id[0]=0, x[0]=386.46326, y[0]=622.5137, toolType[0]=TOOL_TYPE_FINGER, buttonState=0, metaState=0, flags=0x3, edgeFlags=0x0, pointerCount=1, historySize=0, eventTime=24979001, downTime=24978735, deviceId=1, source=0x1002 }
11-01 11:16:45.597 V/WallpaperService( 1142): Delivering touch event: MotionEvent { action=ACTION_MOVE, actionButton=0, id[0]=0, x[0]=386.46326, y[0]=622.5137, toolType[0]=TOOL_TYPE_FINGER, buttonState=0, metaState=0, flags=0x3, edgeFlags=0x0, pointerCount=1, historySize=0, eventTime=24979015, downTime=24978735, deviceId=1, source=0x1002 }
11-01 11:16:45.610 V/WallpaperService( 1142): Delivering touch event: MotionEvent { action=ACTION_MOVE, actionButton=0, id[0]=0, x[0]=386.46326, y[0]=622.5137, toolType[0]=TOOL_TYPE_FINGER, buttonState=0, metaState=0, flags=0x3, edgeFlags=0x0, pointerCount=1, historySize=0, eventTime=24979028, downTime=24978735, deviceId=1, source=0x1002 }
11-01 11:16:45.624 V/WallpaperService( 1142): Delivering touch event: MotionEvent { action=ACTION_MOVE, actionButton=0, id[0]=0, x[0]=386.46326, y[0]=622.5137, toolType[0]=TOOL_TYPE_FINGER, buttonState=0, metaState=0, flags=0x3, edgeFlags=0x0, pointerCount=1, historySize=0, eventTime=24979042, downTime=24978735, deviceId=1, source=0x1002 }
11-01 11:16:45.638 V/WallpaperService( 1142): Delivering touch event: MotionEvent { action=ACTION_MOVE, actionButton=0, id[0]=0, x[0]=386.46326, y[0]=622.5137, toolType[0]=TOOL_TYPE_FINGER, buttonState=0, metaState=0, flags=0x3, edgeFlags=0x0, pointerCount=1, historySize=0, eventTime=24979056, downTime=24978735, deviceId=1, source=0x1002 }
11-01 11:16:45.652 V/WallpaperService( 1142): Delivering touch event: MotionEvent { action=ACTION_MOVE, actionButton=0, id[0]=0, x[0]=386.46326, y[0]=622.5137, toolType[0]=TOOL_TYPE_FINGER, buttonState=0, metaState=0, flags=0x3, edgeFlags=0x0, pointerCount=1, historySize=0, eventTime=24979070, downTime=24978735, deviceId=1, source=0x1002 }
11-01 11:16:45.666 V/WallpaperService( 1142): Delivering touch event: MotionEvent { action=ACTION_MOVE, actionButton=0, id[0]=0, x[0]=386.46326, y[0]=622.5137, toolType[0]=TOOL_TYPE_FINGER, buttonState=0, metaState=0, flags=0x3, edgeFlags=0x0, pointerCount=1, historySize=0, eventTime=24979084, downTime=24978735, deviceId=1, source=0x1002 }
11-01 11:16:45.680 V/WallpaperService( 1142): Delivering touch event: MotionEvent { action=ACTION_MOVE, actionButton=0, id[0]=0, x[0]=386.46326, y[0]=622.5137, toolType[0]=TOOL_TYPE_FINGER, buttonState=0, metaState=0, flags=0x3, edgeFlags=0x0, pointerCount=1, historySize=0, eventTime=24979098, downTime=24978735, deviceId=1, source=0x1002 }
11-01 11:16:45.694 V/WallpaperService( 1142): Delivering touch event: MotionEvent { action=ACTION_MOVE, actionButton=0, id[0]=0, x[0]=386.46326, y[0]=622.5137, toolType[0]=TOOL_TYPE_FINGER, buttonState=0, metaState=0, flags=0x3, edgeFlags=0x0, pointerCount=1, historySize=0, eventTime=24979112, downTime=24978735, deviceId=1, source=0x1002 }
11-01 11:16:45.708 V/WallpaperService( 1142): Delivering touch event: MotionEvent { action=ACTION_MOVE, actionButton=0, id[0]=0, x[0]=386.46326, y[0]=622.5137, toolType[0]=TOOL_TYPE_FINGER, buttonState=0, metaState=0, flags=0x3, edgeFlags=0x0, pointerCount=1, historySize=0, eventTime=24979126, downTime=24978735, deviceId=1, source=0x1002 }
11-01 11:16:45.722 V/WallpaperService( 1142): Delivering touch event: MotionEvent { action=ACTION_MOVE, actionButton=0, id[0]=0, x[0]=386.46326, y[0]=622.5137, toolType[0]=TOOL_TYPE_FINGER, buttonState=0, metaState=0, flags=0x3, edgeFlags=0x0, pointerCount=1, historySize=0, eventTime=24979140, downTime=24978735, deviceId=1, source=0x1002 }
11-01 11:16:45.735 I/PerfService( 1844): PerfServiceNative_getPackName
11-01 11:16:45.735 I/libPerfService(  861): perfGetLastBoostPid 3722
11-01 11:16:45.735 D/PerfServiceManager(  861): [PerfService] getLastBoostPid 3722 
11-01 11:16:45.735 I/libPerfService(  861): perfGetLastBoostPid 3722
11-01 11:16:45.736 V/WallpaperService( 1142): Delivering touch event: MotionEvent { action=ACTION_MOVE, actionButton=0, id[0]=0, x[0]=386.46326, y[0]=622.5137, toolType[0]=TOOL_TYPE_FINGER, buttonState=0, metaState=0, flags=0x3, edgeFlags=0x0, pointerCount=1, historySize=0, eventTime=24979154, downTime=24978735, deviceId=1, source=0x1002 }
11-01 11:16:45.750 V/WallpaperService( 1142): Delivering touch event: MotionEvent { action=ACTION_MOVE, actionButton=0, id[0]=0, x[0]=386.46326, y[0]=622.5137, toolType[0]=TOOL_TYPE_FINGER, buttonState=0, metaState=0, flags=0x3, edgeFlags=0x0, pointerCount=1, historySize=0, eventTime=24979168, downTime=24978735, deviceId=1, source=0x1002 }
11-01 11:16:45.764 V/WallpaperService( 1142): Delivering touch event: MotionEvent { action=ACTION_MOVE, actionButton=0, id[0]=0, x[0]=386.46326, y[0]=622.5137, toolType[0]=TOOL_TYPE_FINGER, buttonState=0, metaState=0, flags=0x3, edgeFlags=0x0, pointerCount=1, historySize=0, eventTime=24979182, downTime=24978735, deviceId=1, source=0x1002 }
11-01 11:16:45.778 V/WallpaperService( 1142): Delivering touch event: MotionEvent { action=ACTION_MOVE, actionButton=0, id[0]=0, x[0]=386.46326, y[0]=622.5137, toolType[0]=TOOL_TYPE_FINGER, buttonState=0, metaState=0, flags=0x3, edgeFlags=0x0, pointerCount=1, historySize=0, eventTime=24979196, downTime=24978735, deviceId=1, source=0x1002 }
11-01 11:16:45.792 V/WallpaperService( 1142): Delivering touch event: MotionEvent { action=ACTION_MOVE, actionButton=0, id[0]=0, x[0]=386.46326, y[0]=622.5137, toolType[0]=TOOL_TYPE_FINGER, buttonState=0, metaState=0, flags=0x3, edgeFlags=0x0, pointerCount=1, historySize=0, eventTime=24979210, downTime=24978735, deviceId=1, source=0x1002 }
11-01 11:16:45.806 V/WallpaperService( 1142): Delivering touch event: MotionEvent { action=ACTION_MOVE, actionButton=0, id[0]=0, x[0]=386.46326, y[0]=622.5137, toolType[0]=TOOL_TYPE_FINGER, buttonState=0, metaState=0, flags=0x3, edgeFlags=0x0, pointerCount=1, historySize=0, eventTime=24979224, downTime=24978735, deviceId=1, source=0x1002 }
11-01 11:16:45.820 V/WallpaperService( 1142): Delivering touch event: MotionEvent { action=ACTION_MOVE, actionButton=0, id[0]=0, x[0]=386.46326, y[0]=622.5137, toolType[0]=TOOL_TYPE_FINGER, buttonState=0, metaState=0, flags=0x3, edgeFlags=0x0, pointerCount=1, historySize=0, eventTime=24979238, downTime=24978735, deviceId=1, source=0x1002 }
11-01 11:16:45.821 V/SettingsProvider(  861): packageValueForCallResult, name = haptic_feedback_enabled, value : 1
11-01 11:16:45.821 D/AppOps  (  861): startOperation: allowing code 3 uid 10105 package com.rgk.launcher3
11-01 11:16:45.822 D/PowerManagerService(  861): acquireWakeLockInternal: lock=193020506, flags=0x1, tag="*vibrator*", ws=WorkSource{10105}, uid=1000, pid=861
11-01 11:16:45.822 D/PowerManagerService(  861): updateWakeLockSummaryLocked: mWakefulness=Awake, mWakeLockSummary=0x1
11-01 11:16:45.822 D/PowerManagerService(  861): updateUserActivitySummaryLocked: mWakefulness=Awake, mUserActivitySummary=0x1, nextTimeout=24986749 (in 7509 ms)
11-01 11:16:45.822 D/DisplayPowerController(  861): requestPowerState: policy=BRIGHT, useProximitySensor=false, screenBrightness=137, screenAutoBrightnessAdjustment=0.0, brightnessSetByUser=true, useAutoBrightness=false, blockScreenOn=false, lowPowerMode=false, boostScreenBrightness=false, dozeScreenBrightness=-1, dozeScreenState=UNKNOWN, waitForNegativeProximity=false
11-01 11:16:45.822 I/PowerManagerService(  861): setBrightness mButtonLight 0.
11-01 11:16:45.822 D/PowerManagerService(  861): updateDisplayPowerStateLocked: mDisplayReady=true, policy=3, mWakefulness=1, mWakeLockSummary=0x1, mUserActivitySummary=0x1, mBootCompleted=true, mScreenBrightnessBoostInProgress=false
11-01 11:16:45.822 D/PowerManagerService(  861): Acquiring suspend blocker "PowerManagerService.WakeLocks".
11-01 11:16:45.822 D/PowerManagerNotifier(  861): onWakeLockAcquired: flags=1, tag="*vibrator*", packageName=android, ownerUid=1000, ownerPid=861, workSource=WorkSource{10105}
11-01 11:16:45.823 D/PerfServiceManager(  861): [PerfService] MESSAGE_TIMEOUT:105 
11-01 11:16:45.823 I/libPerfService(  861): 5: set: 3
11-01 11:16:45.823 I/libPerfService(  861): 5: set freq: 819000
11-01 11:16:45.823 I/libPerfService(  861): 5: set vcore level: 0
11-01 11:16:45.824 D/PerfServiceManager(  861): [PerfService] set utilization:0.8 
11-01 11:16:45.834 D/PowerManagerService(  861): userActivityFromNative
11-01 11:16:45.834 V/WallpaperService( 1142): Delivering touch event: MotionEvent { action=ACTION_MOVE, actionButton=0, id[0]=0, x[0]=386.46326, y[0]=622.5137, toolType[0]=TOOL_TYPE_FINGER, buttonState=0, metaState=0, flags=0x3, edgeFlags=0x0, pointerCount=1, historySize=0, eventTime=24979252, downTime=24978735, deviceId=1, source=0x1002 }
11-01 11:16:45.834 D/PowerManagerService(  861): userActivityNoUpdateLocked: eventTime=24979252, event=2, flags=0x0, uid=1000
11-01 11:16:45.834 D/PowerManagerNotifier(  861): onUserActivity: event=2, uid=1000
11-01 11:16:45.835 D/PowerManagerService(  861): updateUserActivitySummaryLocked: mWakefulness=Awake, mUserActivitySummary=0x1, nextTimeout=24987252 (in 7999 ms)
11-01 11:16:45.835 I/BufferQueueProducer(  245): [com.rgk.launcher3/com.android.launcher3.Launcher](this:0xb355b400,id:757,api:1,p:3722,c:245) queueBuffer: fps=3.44 dur=1455.48 max=509.05 min=49.39
11-01 11:16:45.835 D/DisplayPowerController(  861): requestPowerState: policy=BRIGHT, useProximitySensor=false, screenBrightness=137, screenAutoBrightnessAdjustment=0.0, brightnessSetByUser=true, useAutoBrightness=false, blockScreenOn=false, lowPowerMode=false, boostScreenBrightness=false, dozeScreenBrightness=-1, dozeScreenState=UNKNOWN, waitForNegativeProximity=false
11-01 11:16:45.835 I/PowerManagerService(  861): setBrightness mButtonLight 0.
11-01 11:16:45.835 D/PowerManagerService(  861): updateDisplayPowerStateLocked: mDisplayReady=true, policy=3, mWakefulness=1, mWakeLockSummary=0x1, mUserActivitySummary=0x1, mBootCompleted=true, mScreenBrightnessBoostInProgress=false
11-01 11:16:45.849 V/WallpaperService( 1142): Delivering touch event: MotionEvent { action=ACTION_MOVE, actionButton=0, id[0]=0, x[0]=386.46326, y[0]=622.5137, toolType[0]=TOOL_TYPE_FINGER, buttonState=0, metaState=0, flags=0x3, edgeFlags=0x0, pointerCount=1, historySize=0, eventTime=24979266, downTime=24978735, deviceId=1, source=0x1002 }
11-01 11:16:45.861 D/OpenGLRenderer( 3722): CacheTexture 23 upload: x, y, width height = 0, 15, 56, 202
11-01 11:16:45.862 V/WallpaperService( 1142): Delivering touch event: MotionEvent { action=ACTION_MOVE, actionButton=0, id[0]=0, x[0]=386.46326, y[0]=622.5137, toolType[0]=TOOL_TYPE_FINGER, buttonState=0, metaState=0, flags=0x3, edgeFlags=0x0, pointerCount=1, historySize=0, eventTime=24979279, downTime=24978735, deviceId=1, source=0x1002 }
11-01 11:16:45.868 D/PowerManagerService(  861): releaseWakeLockInternal: lock=193020506 [*vibrator*], flags=0x0, total_time=46ms
11-01 11:16:45.868 D/PowerManagerNotifier(  861): onWakeLockReleased: flags=1, tag="*vibrator*", packageName=android, ownerUid=1000, ownerPid=861, workSource=WorkSource{10105}
11-01 11:16:45.868 D/PowerManagerService(  861): updateWakeLockSummaryLocked: mWakefulness=Awake, mWakeLockSummary=0x0
11-01 11:16:45.868 D/PowerManagerService(  861): updateUserActivitySummaryLocked: mWakefulness=Awake, mUserActivitySummary=0x1, nextTimeout=24987252 (in 7965 ms)
11-01 11:16:45.868 D/DisplayPowerController(  861): requestPowerState: policy=BRIGHT, useProximitySensor=false, screenBrightness=137, screenAutoBrightnessAdjustment=0.0, brightnessSetByUser=true, useAutoBrightness=false, blockScreenOn=false, lowPowerMode=false, boostScreenBrightness=false, dozeScreenBrightness=-1, dozeScreenState=UNKNOWN, waitForNegativeProximity=false
11-01 11:16:45.868 I/PowerManagerService(  861): setBrightness mButtonLight 0.
11-01 11:16:45.868 D/PowerManagerService(  861): updateDisplayPowerStateLocked: mDisplayReady=true, policy=3, mWakefulness=1, mWakeLockSummary=0x0, mUserActivitySummary=0x1, mBootCompleted=true, mScreenBrightnessBoostInProgress=false
11-01 11:16:45.868 D/PowerManagerService(  861): Releasing suspend blocker "PowerManagerService.WakeLocks".
11-01 11:16:45.875 V/WallpaperService( 1142): Delivering touch event: MotionEvent { action=ACTION_MOVE, actionButton=0, id[0]=0, x[0]=386.46326, y[0]=622.5137, toolType[0]=TOOL_TYPE_FINGER, buttonState=0, metaState=0, flags=0x3, edgeFlags=0x0, pointerCount=1, historySize=0, eventTime=24979293, downTime=24978735, deviceId=1, source=0x1002 }
11-01 11:16:45.883 I/BufferQueueProducer(  245): [FrameBufferSurface_0](this:0xb3556000,id:0,api:1,p:245,c:245) queueBuffer: fps=4.92 dur=1015.80 max=508.51 min=32.90
11-01 11:16:45.883 I/SurfaceFlinger(  245): [Built-in Screen (type:0)] fps:4.922255,dur:1015.79,max:508.52,min:33.03
11-01 11:16:45.889 V/WallpaperService( 1142): Delivering touch event: MotionEvent { action=ACTION_MOVE, actionButton=0, id[0]=0, x[0]=386.46326, y[0]=622.5137, toolType[0]=TOOL_TYPE_FINGER, buttonState=0, metaState=0, flags=0x3, edgeFlags=0x0, pointerCount=1, historySize=0, eventTime=24979307, downTime=24978735, deviceId=1, source=0x1002 }
11-01 11:16:45.899 D/OpenGLRenderer( 3722): CacheTexture 23 upload: x, y, width height = 12, 95, 23, 181
11-01 11:16:45.904 V/WallpaperService( 1142): Delivering touch event: MotionEvent { action=ACTION_MOVE, actionButton=0, id[0]=0, x[0]=386.46326, y[0]=622.5137, toolType[0]=TOOL_TYPE_FINGER, buttonState=0, metaState=0, flags=0x3, edgeFlags=0x0, pointerCount=1, historySize=0, eventTime=24979321, downTime=24978735, deviceId=1, source=0x1002 }
11-01 11:16:45.917 V/WallpaperService( 1142): Delivering touch event: MotionEvent { action=ACTION_MOVE, actionButton=0, id[0]=0, x[0]=386.46326, y[0]=622.5137, toolType[0]=TOOL_TYPE_FINGER, buttonState=0, metaState=0, flags=0x3, edgeFlags=0x0, pointerCount=1, historySize=0, eventTime=24979335, downTime=24978735, deviceId=1, source=0x1002 }
11-01 11:16:45.932 V/WallpaperService( 1142): Delivering touch event: MotionEvent { action=ACTION_MOVE, actionButton=0, id[0]=0, x[0]=386.46326, y[0]=622.5137, toolType[0]=TOOL_TYPE_FINGER, buttonState=0, metaState=0, flags=0x3, edgeFlags=0x0, pointerCount=1, historySize=0, eventTime=24979349, downTime=24978735, deviceId=1, source=0x1002 }
11-01 11:16:45.945 V/WallpaperService( 1142): Delivering touch event: MotionEvent { action=ACTION_MOVE, actionButton=0, id[0]=0, x[0]=386.46326, y[0]=622.5137, toolType[0]=TOOL_TYPE_FINGER, buttonState=0, metaState=0, flags=0x3, edgeFlags=0x0, pointerCount=1, historySize=0, eventTime=24979363, downTime=24978735, deviceId=1, source=0x1002 }
11-01 11:16:45.946 I/Launcher:FolderIcon( 3722): cancelLongPress
11-01 11:16:45.959 V/WallpaperService( 1142): Delivering touch event: MotionEvent { action=ACTION_MOVE, actionButton=0, id[0]=0, x[0]=386.46326, y[0]=622.5137, toolType[0]=TOOL_TYPE_FINGER, buttonState=0, metaState=0, flags=0x3, edgeFlags=0x0, pointerCount=1, historySize=0, eventTime=24979377, downTime=24978735, deviceId=1, source=0x1002 }
11-01 11:16:45.961 I/Launcher:FolderIcon( 3722): cancelLongPress
11-01 11:16:45.973 V/WallpaperService( 1142): Delivering touch event: MotionEvent { action=ACTION_MOVE, actionButton=0, id[0]=0, x[0]=386.46326, y[0]=622.5137, toolType[0]=TOOL_TYPE_FINGER, buttonState=0, metaState=0, flags=0x3, edgeFlags=0x0, pointerCount=1, historySize=0, eventTime=24979391, downTime=24978735, deviceId=1, source=0x1002 }
11-01 11:16:45.977 I/Launcher:FolderIcon( 3722): cancelLongPress
11-01 11:16:45.987 V/WallpaperService( 1142): Delivering touch event: MotionEvent { action=ACTION_MOVE, actionButton=0, id[0]=0, x[0]=386.46326, y[0]=622.5137, toolType[0]=TOOL_TYPE_FINGER, buttonState=0, metaState=0, flags=0x3, edgeFlags=0x0, pointerCount=1, historySize=0, eventTime=24979405, downTime=24978735, deviceId=1, source=0x1002 }
11-01 11:16:45.993 I/Launcher:FolderIcon( 3722): cancelLongPress
11-01 11:16:46.001 V/WallpaperService( 1142): Delivering touch event: MotionEvent { action=ACTION_MOVE, actionButton=0, id[0]=0, x[0]=386.46326, y[0]=622.5137, toolType[0]=TOOL_TYPE_FINGER, buttonState=0, metaState=0, flags=0x3, edgeFlags=0x0, pointerCount=1, historySize=0, eventTime=24979419, downTime=24978735, deviceId=1, source=0x1002 }
11-01 11:16:46.010 I/Launcher:FolderIcon( 3722): cancelLongPress
