11-01 11:16:50.094 V/WindowManager(  861): Changing focus from Window{f15514b u0 com.rgk.launcher3/com.android.launcher3.SinglemodeActivity} to null Callers=com.android.server.wm.WindowManagerService.relayoutWindow:3589 com.android.server.wm.Session.relayout:201 android.view.IWindowSession$Stub.onTransact:284 com.android.server.wm.Session.onTransact:133 
11-01 11:16:50.095 D/WindowManager(  861): Input focus has changed to null
11-01 11:16:50.099 I/WindowManager(  861): Focus moving from Window{f15514b u0 com.rgk.launcher3/com.android.launcher3.SinglemodeActivity} to null
11-01 11:16:50.099 I/WindowManager(  861): Losing focus: Window{f15514b u0 com.rgk.launcher3/com.android.launcher3.SinglemodeActivity}
11-01 11:16:50.101 I/BufferQueueProducer(  245): [StatusBar](this:0xb355a800,id:6,api:1,p:1142,c:245) queueBuffer: fps=0.15 dur=6602.12 max=6602.12 min=6602.12
11-01 11:16:50.102 D/ActivityThread( 3722): ACT-NEW_INTENT handled : 0 / NewIntentData{intents=[Intent { act=android.intent.action.MAIN cat=[android.intent.category.HOME] flg=0x10200000 cmp=com.rgk.launcher3/com.android.launcher3.Launcher (has extras) }] token=android.os.BinderProxy@9853bb9}
11-01 11:16:50.102 V/ActivityThread( 3722): Performing resume of ActivityRecord{28c0980 token=android.os.BinderProxy@9853bb9 {com.rgk.launcher3/com.android.launcher3.Launcher}}
11-01 11:16:50.106 D/LAUNCHERMODEL( 3722): onResume
11-01 11:16:50.111 D/Launcher.Model( 3722): 11683562 - loadWorkspace()
11-01 11:16:50.112 D/Launcher.Model( 3722): 11683562 - loadWorkspace(), countX:4, countY:4
11-01 11:16:50.112 D/ActivityThread( 3722): ACT-AM_ON_RESUME_CALLED ActivityRecord{28c0980 token=android.os.BinderProxy@9853bb9 {com.rgk.launcher3/com.android.launcher3.Launcher}}
11-01 11:16:50.112 V/ActivityThread( 3722): Resume ActivityRecord{28c0980 token=android.os.BinderProxy@9853bb9 {com.rgk.launcher3/com.android.launcher3.Launcher}} started activity: false, hideForNow: false, finished: false
11-01 11:16:50.112 V/ActivityThread( 3722): Resuming ActivityRecord{28c0980 token=android.os.BinderProxy@9853bb9 {com.rgk.launcher3/com.android.launcher3.Launcher}} with isForward=false
11-01 11:16:50.113 V/PhoneWindow( 3722): DecorView setVisiblity: visibility = 0 ,Parent =ViewRoot{47798e4 com.rgk.launcher3/com.android.launcher3.Launcher,ident = 0}, this =com.android.internal.policy.PhoneWindow$DecorView{3488cd6 V.ED..... R.....ID 0,0-720,1280}
11-01 11:16:50.113 V/ActivityThread( 3722): Scheduling idle handler for ActivityRecord{28c0980 token=android.os.BinderProxy@9853bb9 {com.rgk.launcher3/com.android.launcher3.Launcher}}
11-01 11:16:50.114 D/ActivityThread( 3722): ACT-RESUME_ACTIVITY handled : 0 / android.os.BinderProxy@9853bb9
11-01 11:16:50.127 I/BufferQueue(  245): [unnamed-245-763](this:0xb3559c00,id:763,api:0,p:-1,c:-1) BufferQueue core=(245:/system/bin/surfaceflinger)
11-01 11:16:50.127 D/BufferQueueDump(  245): [unnamed-245-763] this:0xb5be0e60, value:0xbebce650, iLen:6
11-01 11:16:50.127 I/BufferQueueConsumer(  245): [unnamed-245-763](this:0xb3559c00,id:763,api:0,p:-1,c:245) connect(C): consumer=(245:/system/bin/surfaceflinger) controlledByApp=false
11-01 11:16:50.128 D/BufferQueueDump(  245): [unnamed-245-763] this:0xb5be0e60, value:0xbebce670, iLen:6
11-01 11:16:50.128 I/BufferQueueConsumer(  245): [unnamed-245-763](this:0xb3559c00,id:763,api:0,p:-1,c:245) setConsumerName: unnamed-245-763
11-01 11:16:50.128 D/BufferQueueDump(  245): [com.rgk.launcher3/com.android.launcher3.Launcher] this:0xb5be0e60, value:0xbebce6c8, iLen:6
11-01 11:16:50.128 I/BufferQueueConsumer(  245): [com.rgk.launcher3/com.android.launcher3.Launcher](this:0xb3559c00,id:763,api:0,p:-1,c:245) setConsumerName: com.rgk.launcher3/com.android.launcher3.Launcher
11-01 11:16:50.128 I/BufferQueueConsumer(  245): [com.rgk.launcher3/com.android.launcher3.Launcher](this:0xb3559c00,id:763,api:0,p:-1,c:245) setDefaultBufferSize: width=720 height=1280
11-01 11:16:50.130 V/WindowManager(  861): Looking for focus: 21 = Window{6ec17a7 u0 StatusBar}, flags=-2122055608, canReceive=false
11-01 11:16:50.130 V/WindowManager(  861): findFocusedWindow: Found new focus @ 12 = Window{1a57e29 u0 com.rgk.launcher3/com.android.launcher3.Launcher}
11-01 11:16:50.130 V/WindowManager(  861): Changing focus from null to Window{1a57e29 u0 com.rgk.launcher3/com.android.launcher3.Launcher} Callers=com.android.server.wm.WindowManagerService.relayoutWindow:3589 com.android.server.wm.Session.relayout:201 android.view.IWindowSession$Stub.onTransact:284 com.android.server.wm.Session.onTransact:133 
11-01 11:16:50.131 D/WindowManager(  861): Input focus has changed to Window{1a57e29 u0 com.rgk.launcher3/com.android.launcher3.Launcher}
11-01 11:16:50.131 D/PhoneStatusBar( 1142): hiding the MENU button
11-01 11:16:50.135 I/WindowManager(  861): Focus moving from null to Window{1a57e29 u0 com.rgk.launcher3/com.android.launcher3.Launcher}
11-01 11:16:50.135 I/WindowManager(  861): Gaining focus: Window{1a57e29 u0 com.rgk.launcher3/com.android.launcher3.Launcher}
11-01 11:16:50.138 D/OpenGLRenderer( 3722): CanvasContext() 0xb384e800 initialize window=0xaf487b08, title=com.rgk.launcher3/com.android.launcher3.Launcher
11-01 11:16:50.138 D/Surface ( 3722): Surface::connect(this=0xaf487b00,api=1)
11-01 11:16:50.138 D/Surface ( 3722): Surface::allocateBuffers(this=0xaf487b00)
11-01 11:16:50.138 I/BufferQueueProducer(  245): [com.rgk.launcher3/com.android.launcher3.Launcher](this:0xb3559c00,id:763,api:1,p:3722,c:245) connect(P): api=1 producer=(3722:com.rgk.launcher3) producerControlledByApp=true
11-01 11:16:50.139 D/BufferQueueProducer(  245): [com.rgk.launcher3/com.android.launcher3.Launcher](this:0xb3559c00,id:763,api:1,p:3722,c:245) allocateBuffers: allocating from 0 buffers up to 4 buffers
11-01 11:16:50.140 W/libEGL  ( 3722): [ANDROID_RECORDABLE] format: 1
11-01 11:16:50.140 I/[MALI][Gralloc](  245): [+]hnd(0xb5be21c0), client(27), share_fd(107), hnd->flags:4
11-01 11:16:50.141 D/GraphicBuffer(  245): alloc, handle(0xb5be21c0) (w:720 h:1280 s:720 f:0x1 u:0x000900) err(0)
11-01 11:16:50.142 D/mali_winsys( 3722): new_window_surface returns 0x3000
11-01 11:16:50.143 D/PerfServiceManager(  861): [PerfService] MESSAGE_TIMEOUT:103 
11-01 11:16:50.144 I/libPerfService(  861): 3: set freq: 988000
11-01 11:16:50.144 I/libPerfService(  861): 3: set vcore level: 0
11-01 11:16:50.146 I/[MALI][Gralloc](  245): [+]hnd(0xb5be29e0), client(27), share_fd(60), hnd->flags:4
11-01 11:16:50.147 D/GraphicBuffer(  245): alloc, handle(0xb5be29e0) (w:720 h:1280 s:720 f:0x1 u:0x000900) err(0)
11-01 11:16:50.148 I/[MALI][Gralloc](  245): [+]hnd(0xb5be2b20), client(27), share_fd(70), hnd->flags:4
11-01 11:16:50.148 D/GraphicBuffer(  245): alloc, handle(0xb5be2b20) (w:720 h:1280 s:720 f:0x1 u:0x000900) err(0)
11-01 11:16:50.150 I/[MALI][Gralloc](  245): [+]hnd(0xb5be2da0), client(27), share_fd(73), hnd->flags:4
11-01 11:16:50.150 D/GraphicBuffer(  245): alloc, handle(0xb5be2da0) (w:720 h:1280 s:720 f:0x1 u:0x000900) err(0)
11-01 11:16:50.150 D/BufferQueueProducer(  245): [com.rgk.launcher3/com.android.launcher3.Launcher](this:0xb3559c00,id:763,api:1,p:3722,c:245) allocateBuffers: allocating from 4 buffers up to 4 buffers
11-01 11:16:50.161 I/BufferQueueProducer(  245): [com.rgk.launcher3/com.android.launcher3.SinglemodeActivity](this:0xb0aea000,id:762,api:1,p:3722,c:245) queueBuffer: fps=24.34 dur=2259.88 max=1379.72 min=9.44
11-01 11:16:50.172 I/LauncherModel( 3722): folders.size() = 1
11-01 11:16:50.178 I/BufferQueueProducer(  245): [com.rgk.launcher3/com.android.launcher3.Launcher](this:0xb3559c00,id:763,api:1,p:3722,c:245) new GraphicBuffer needed
11-01 11:16:50.178 D/GraphicBuffer(  245): free, handle(0xb5be2da0) (w:720 h:1280 s:720 f:0x1 u:0x000900)
11-01 11:16:50.178 I/[MALI][Gralloc](  245): [-]hnd(0xb5be2da0), client(27), share_fd(73)
11-01 11:16:50.180 I/[MALI][Gralloc](  245): [+]hnd(0xb5be2da0), client(27), share_fd(67), hnd->flags:4
11-01 11:16:50.180 D/GraphicBuffer(  245): alloc, handle(0xb5be2da0) (w:720 h:1280 s:720 f:0x1 u:0x000b00) err(0)
11-01 11:16:50.183 I/[MALI][Gralloc]( 3722): [+]r_hnd(0xb46ffe20), client(34), share_fd(80)
11-01 11:16:50.183 D/GraphicBuffer( 3722): register, handle(0xb46ffe20) (w:720 h:1280 s:720 f:0x1 u:0x000b00)
11-01 11:16:50.186 I/BufferQueueProducer(  245): [com.rgk.launcher3/com.android.launcher3.Launcher](this:0xb3559c00,id:763,api:1,p:3722,c:245) new GraphicBuffer needed
11-01 11:16:50.186 D/GraphicBuffer(  245): free, handle(0xb5be2b20) (w:720 h:1280 s:720 f:0x1 u:0x000900)
11-01 11:16:50.186 I/[MALI][Gralloc](  245): [-]hnd(0xb5be2b20), client(27), share_fd(70)
11-01 11:16:50.188 I/[MALI][Gralloc](  245): [+]hnd(0xb5be2b20), client(27), share_fd(70), hnd->flags:4
11-01 11:16:50.188 D/GraphicBuffer(  245): alloc, handle(0xb5be2b20) (w:720 h:1280 s:720 f:0x1 u:0x000b00) err(0)
11-01 11:16:50.192 I/[MALI][Gralloc]( 3722): [+]r_hnd(0x9bb4d300), client(34), share_fd(85)
11-01 11:16:50.192 D/GraphicBuffer( 3722): register, handle(0x9bb4d300) (w:720 h:1280 s:720 f:0x1 u:0x000b00)
11-01 11:16:50.195 V/WallpaperService( 1142): Visibility change in com.android.systemui.ImageWallpaper$DrawableEngine@ec6e3b8: 1
11-01 11:16:50.195 V/InputMethodManager( 3722): onWindowFocus: null softInputMode=32 first=true flags=#81910100
11-01 11:16:50.196 V/WallpaperService( 1142): onVisibilityChanged(true): com.android.systemui.ImageWallpaper$DrawableEngine@ec6e3b8
11-01 11:16:50.196 D/ImageWallpaper( 1142): onVisibilityChanged: mVisible, visible=false, true
11-01 11:16:50.196 V/InputMethodManager( 3722): START INPUT: com.android.internal.policy.PhoneWindow$DecorView{3488cd6 V.ED..... R......D 0,0-720,1280} ic=null tba=android.view.inputmethod.EditorInfo@edda44a controlFlags=#104
11-01 11:16:50.196 D/ImageWallpaper( 1142): Visibility changed to visible=true
11-01 11:16:50.196 V/InputMethodManagerService(  861): windowGainedFocus: android.os.BinderProxy@93366f3 controlFlags=#104 softInputMode=#20 windowFlags=#81910100
11-01 11:16:50.196 D/ImageWallpaper( 1142): Suppressed drawFrame since redraw is not needed and offsets have not changed.
11-01 11:16:50.200 V/WindowManager(  861): Looking for focus: 21 = Window{6ec17a7 u0 StatusBar}, flags=-2122055608, canReceive=false
11-01 11:16:50.200 V/WindowManager(  861): findFocusedWindow: Found new focus @ 12 = Window{1a57e29 u0 com.rgk.launcher3/com.android.launcher3.Launcher}
11-01 11:16:50.200 D/WindowManager(  861): notifyActivityDrawnForKeyguard: waiting=false Callers=com.android.server.wm.WindowManagerService.handleAppTransitionReadyLocked:10098 com.android.server.wm.WindowManagerService.performLayoutAndPlaceSurfacesLockedInner:10718 com.android.server.wm.WindowManagerService.performLayoutAndPlaceSurfacesLockedLoop:9462 com.android.server.wm.WindowManagerService.performLayoutAndPlaceSurfacesLocked:9409 com.android.server.wm.WindowManagerService.-wrap8:-1 
11-01 11:16:50.220 I/BufferQueueProducer(  245): [com.rgk.launcher3/com.android.launcher3.Launcher](this:0xb3559c00,id:763,api:1,p:3722,c:245) new GraphicBuffer needed
11-01 11:16:50.220 D/GraphicBuffer(  245): free, handle(0xb5be29e0) (w:720 h:1280 s:720 f:0x1 u:0x000900)
11-01 11:16:50.220 I/[MALI][Gralloc](  245): [-]hnd(0xb5be29e0), client(27), share_fd(60)
11-01 11:16:50.222 I/[MALI][Gralloc](  245): [+]hnd(0xb5be29e0), client(27), share_fd(60), hnd->flags:4
11-01 11:16:50.222 D/GraphicBuffer(  245): alloc, handle(0xb5be29e0) (w:720 h:1280 s:720 f:0x1 u:0x000b00) err(0)
11-01 11:16:50.225 I/[MALI][Gralloc]( 3722): [+]r_hnd(0x9bb4d4e0), client(34), share_fd(88)
11-01 11:16:50.225 D/GraphicBuffer( 3722): register, handle(0x9bb4d4e0) (w:720 h:1280 s:720 f:0x1 u:0x000b00)
11-01 11:16:50.226 D/Surface ( 3722): Surface::disconnect(this=0xa084bd00,api=1)
11-01 11:16:50.226 I/BufferQueueProducer(  245): [com.rgk.launcher3/com.android.launcher3.SinglemodeActivity](this:0xb0aea000,id:762,api:1,p:-1,c:245) disconnect(P): api 1
11-01 11:16:50.227 I/BufferQueueConsumer(  245): [com.rgk.launcher3/com.android.launcher3.SinglemodeActivity](this:0xb0aea000,id:762,api:1,p:-1,c:245) getReleasedBuffers: returning mask 0xffffffffffffffff
11-01 11:16:50.227 D/GraphicBuffer(  245): free, handle(0xb5be1d60) (w:720 h:1280 s:720 f:0x1 u:0x000b00)
11-01 11:16:50.227 I/[MALI][Gralloc](  245): [-]hnd(0xb5be1d60), client(27), share_fd(32)
11-01 11:16:50.228 D/GraphicBuffer(  245): free, handle(0xb5be1fe0) (w:720 h:1280 s:720 f:0x1 u:0x000b00)
11-01 11:16:50.228 I/[MALI][Gralloc](  245): [-]hnd(0xb5be1fe0), client(27), share_fd(85)
11-01 11:16:50.228 D/GraphicBuffer(  245): free, handle(0xb5be2440) (w:720 h:1280 s:720 f:0x1 u:0x000b00)
11-01 11:16:50.228 I/[MALI][Gralloc](  245): [-]hnd(0xb5be2440), client(27), share_fd(68)
11-01 11:16:50.229 D/GraphicBuffer( 3722): unregister, handle(0x9bb4c220) (w:720 h:1280 s:720 f:0x1 u:0x000b00)
11-01 11:16:50.230 I/[MALI][Gralloc]( 3722): [-]r_hnd(0x9bb4c220), client(34), share_fd(68)
11-01 11:16:50.230 D/GraphicBuffer( 3722): unregister, handle(0x9bb4c860) (w:720 h:1280 s:720 f:0x1 u:0x000b00)
11-01 11:16:50.232 I/[MALI][Gralloc]( 3722): [-]r_hnd(0x9bb4c860), client(34), share_fd(86)
11-01 11:16:50.232 D/GraphicBuffer( 3722): unregister, handle(0x9bb4ce00) (w:720 h:1280 s:720 f:0x1 u:0x000b00)
11-01 11:16:50.234 I/[MALI][Gralloc]( 3722): [-]r_hnd(0x9bb4ce00), client(34), share_fd(89)
11-01 11:16:50.234 E/Surface ( 3722): getSlotFromBufferLocked: unknown buffer: 0x9bb4cf40
11-01 11:16:50.234 D/mali_winsys( 3722): [MALI] win=0xa084bd08, native_buffer=0x9bb4cea8, fd=-1
11-01 11:16:50.234 D/GraphicBuffer( 3722): unregister, handle(0x9bb4cf40) (w:720 h:1280 s:720 f:0x1 u:0x000b00)
11-01 11:16:50.235 I/[MALI][Gralloc]( 3722): [-]r_hnd(0x9bb4cf40), client(34), share_fd(90)
11-01 11:16:50.235 D/Surface ( 3722): Surface::disconnect(this=0xa084bd00,api=1)
11-01 11:16:50.236 I/BufferQueueProducer(  245): [com.rgk.launcher3/com.android.launcher3.SinglemodeActivity](this:0xb0aea000,id:762,api:1,p:-1,c:245) disconnect(P): api 1
11-01 11:16:50.237 V/WindowManager(  861): Looking for focus: 21 = Window{6ec17a7 u0 StatusBar}, flags=-2122055608, canReceive=false
11-01 11:16:50.237 V/WindowManager(  861): findFocusedWindow: Found new focus @ 12 = Window{1a57e29 u0 com.rgk.launcher3/com.android.launcher3.Launcher}
11-01 11:16:50.269 V/dbw     ( 3722): Navi height:96
11-01 11:16:50.275 D/AndroidRuntime( 3722): Shutting down VM
11-01 11:16:50.276 E/AndroidRuntime( 3722): FATAL EXCEPTION: main
11-01 11:16:50.276 E/AndroidRuntime( 3722): Process: com.rgk.launcher3, PID: 3722
11-01 11:16:50.276 E/AndroidRuntime( 3722): android.view.InflateException: Binary XML file line #6: Binary XML file line #6: Error inflating class fragment
11-01 11:16:50.276 E/AndroidRuntime( 3722): 	at android.view.LayoutInflater.inflate(LayoutInflater.java:539)
11-01 11:16:50.276 E/AndroidRuntime( 3722): 	at android.view.LayoutInflater.inflate(LayoutInflater.java:423)
11-01 11:16:50.276 E/AndroidRuntime( 3722): 	at android.view.LayoutInflater.inflate(LayoutInflater.java:374)
11-01 11:16:50.276 E/AndroidRuntime( 3722): 	at com.android.launcher3.Launcher.populateCustomContentContainer(Launcher.java:810)
11-01 11:16:50.276 E/AndroidRuntime( 3722): 	at com.android.launcher3.Launcher.bindScreens(Launcher.java:4380)
11-01 11:16:50.276 E/AndroidRuntime( 3722): 	at com.android.launcher3.LauncherModel$LoaderTask$4.run(LauncherModel.java:2672)
11-01 11:16:50.276 E/AndroidRuntime( 3722): 	at com.android.launcher3.DeferredHandler$Impl.handleMessage(DeferredHandler.java:49)
11-01 11:16:50.276 E/AndroidRuntime( 3722): 	at android.os.Handler.dispatchMessage(Handler.java:111)
11-01 11:16:50.276 E/AndroidRuntime( 3722): 	at android.os.Looper.loop(Looper.java:207)
11-01 11:16:50.276 E/AndroidRuntime( 3722): 	at android.app.ActivityThread.main(ActivityThread.java:5728)
11-01 11:16:50.276 E/AndroidRuntime( 3722): 	at java.lang.reflect.Method.invoke(Native Method)
11-01 11:16:50.276 E/AndroidRuntime( 3722): 	at com.android.internal.os.ZygoteInit$MethodAndArgsCaller.run(ZygoteInit.java:789)
11-01 11:16:50.276 E/AndroidRuntime( 3722): 	at com.android.internal.os.ZygoteInit.main(ZygoteInit.java:679)
11-01 11:16:50.276 E/AndroidRuntime( 3722): Caused by: android.view.InflateException: Binary XML file line #6: Error inflating class fragment
11-01 11:16:50.276 E/AndroidRuntime( 3722): 	at android.view.LayoutInflater.createViewFromTag(LayoutInflater.java:782)
11-01 11:16:50.276 E/AndroidRuntime( 3722): 	at android.view.LayoutInflater.createViewFromTag(LayoutInflater.java:704)
11-01 11:16:50.276 E/AndroidRuntime( 3722): 	at android.view.LayoutInflater.rInflate(LayoutInflater.java:835)
11-01 11:16:50.276 E/AndroidRuntime( 3722): 	at android.view.LayoutInflater.rInflateChildren(LayoutInflater.java:798)
11-01 11:16:50.276 E/AndroidRuntime( 3722): 	at android.view.LayoutInflater.inflate(LayoutInflater.java:515)
11-01 11:16:50.276 E/AndroidRuntime( 3722): 	... 12 more
11-01 11:16:50.276 E/AndroidRuntime( 3722): Caused by: java.lang.IllegalArgumentException: Binary XML file line #6: Duplicate id 0x7f110014, tag null, or parent id 0xffffffff with another fragment for com.android.launcher3.music.PlayMusic_Fragment
11-01 11:16:50.276 E/AndroidRuntime( 3722): 	at android.app.FragmentManagerImpl.onCreateView(FragmentManager.java:2232)
11-01 11:16:50.276 E/AndroidRuntime( 3722): 	at android.app.FragmentController.onCreateView(FragmentController.java:98)
11-01 11:16:50.276 E/AndroidRuntime( 3722): 	at android.app.Activity.onCreateView(Activity.java:5618)
11-01 11:16:50.276 E/AndroidRuntime( 3722): 	at android.view.LayoutInflater.createViewFromTag(LayoutInflater.java:754)
11-01 11:16:50.276 E/AndroidRuntime( 3722): 	... 16 more
11-01 11:16:50.277 D/SettingsInterface(  861):  from settings cache , name = dropbox:data_app_crash , value = null
11-01 11:16:50.278 D/SettingsInterface(  861):  from settings cache , name = send_action_app_error , value = 1
11-01 11:16:50.278 D/ActivityManager(  861): SVC-mBroadcastQueues: com.android.server.am.BroadcastQueue@69d0e59
11-01 11:16:50.278 D/ActivityManager(  861): SVC-mBroadcastQueues: com.android.server.am.BroadcastQueue@d146a1e
11-01 11:16:50.279 W/ActivityManager(  861):   Force finishing activity com.rgk.launcher3/com.android.launcher3.Launcher
11-01 11:16:50.279 D/SettingsInterface(  861):  from settings cache , name = logcat_for_data_app_crash , value = null
11-01 11:16:50.279 D/SettingsInterface(  861):  from settings cache , name = dropbox:data_app_crash , value = null
11-01 11:16:50.279 D/SettingsInterface(  861):  from settings cache , name = dropbox:data_app_crash , value = null
11-01 11:16:50.279 D/SettingsInterface(  861):  from settings cache , name = dropbox_age_seconds , value = null
11-01 11:16:50.279 D/SettingsInterface(  861):  from settings cache , name = dropbox_max_files , value = null
11-01 11:16:50.279 D/SettingsInterface(  861):  from settings cache , name = dropbox_quota_percent , value = null
11-01 11:16:50.280 D/SettingsInterface(  861):  from settings cache , name = dropbox_reserve_percent , value = null
11-01 11:16:50.280 D/SettingsInterface(  861):  from settings cache , name = dropbox_quota_kb , value = null
11-01 11:16:50.282 V/WindowManager(  861): Looking for focus: 21 = Window{6ec17a7 u0 StatusBar}, flags=-2122055608, canReceive=false
11-01 11:16:50.282 V/WindowManager(  861): findFocusedWindow: Found new focus @ 12 = Window{1a57e29 u0 com.rgk.launcher3/com.android.launcher3.Launcher}
11-01 11:16:50.284 V/WindowManager(  861): Set focused app to: AppWindowToken{27ac207 token=Token{11a046 ActivityRecord{8222421 u0 com.android.launcher3/.Launcher t516}}} old focus=AppWindowToken{3e89bb2 token=Token{dcb79bd ActivityRecord{6142d14 u0 com.rgk.launcher3/com.android.launcher3.Launcher t599}}} moveFocusNow=true
11-01 11:16:50.285 V/WindowManager(  861): Looking for focus: 21 = Window{6ec17a7 u0 StatusBar}, flags=-2122055608, canReceive=false
11-01 11:16:50.288 V/WindowManager(  861): findFocusedWindow: Found new focus @ 12 = Window{1a57e29 u0 com.rgk.launcher3/com.android.launcher3.Launcher}
11-01 11:16:50.289 D/PowerManagerService(  861): acquireWakeLockInternal: lock=84161013, flags=0x1, tag="*launch*", ws=WorkSource{10105}, uid=1000, pid=861
11-01 11:16:50.289 D/PowerManagerService(  861): updateWakeLockSummaryLocked: mWakefulness=Awake, mWakeLockSummary=0x1
11-01 11:16:50.289 D/PowerManagerService(  861): updateUserActivitySummaryLocked: mWakefulness=Awake, mUserActivitySummary=0x9, nextTimeout=24986412 (in 2704 ms)
11-01 11:16:50.289 D/DisplayPowerController(  861): requestPowerState: policy=BRIGHT, useProximitySensor=false, screenBrightness=137, screenAutoBrightnessAdjustment=0.0, brightnessSetByUser=true, useAutoBrightness=false, blockScreenOn=false, lowPowerMode=false, boostScreenBrightness=false, dozeScreenBrightness=-1, dozeScreenState=UNKNOWN, waitForNegativeProximity=false
11-01 11:16:50.289 I/PowerManagerService(  861): setBrightness mButtonLight, screenBrightness=137
11-01 11:16:50.290 D/PowerManagerService(  861): updateDisplayPowerStateLocked: mDisplayReady=true, policy=3, mWakefulness=1, mWakeLockSummary=0x1, mUserActivitySummary=0x9, mBootCompleted=true, mScreenBrightnessBoostInProgress=false
11-01 11:16:50.290 I/ActivityManager(  861): Clearing package preferred activities from com.rgk.launcher3
11-01 11:16:50.291 I/ActivityManager(  861): Clearing package preferred activities from com.rgk.launcher3
11-01 11:16:50.291 D/SettingsInterface(  861):  from settings cache , name = anr_show_background , value = null
11-01 11:16:50.293 W/AES     (  861): Exception Log handling...
11-01 11:16:50.295 D/AES     (  861): ExceptionLog: notify aed
11-01 11:16:50.295 D/AES     (  861):     process : com.rgk.launcher3
11-01 11:16:50.295 D/AES     (  861):      module : com.rgk.launcher3 v1 (1.0)
11-01 11:16:50.295 D/AES     (  861): 
11-01 11:16:50.296 D/AES     (  861):       cause : data_app_crash
11-01 11:16:50.296 D/AES     (  861):       pid : 3722
11-01 11:16:50.296 D/AEE/LIBAEE(  861): shell: raise_exp(4, 3722, -1361051648, com.rgk.launcher3, 0x0x983ff5c0, 0x0x0)
11-01 11:16:50.297 D/AEE/LIBAEE(  861): shell: connected with AED OK
11-01 11:16:50.297 D/AEE/AED (  254): $===AEE===AEE===AEE===$
11-01 11:16:50.297 D/AEE/AED (  254): p 0 poll events 1 revents 0
11-01 11:16:50.297 D/AEE/AED (  254): not know revents:0
11-01 11:16:50.297 D/AEE/AED (  254): p 1 poll events 1 revents 1
11-01 11:16:50.297 D/AEE/AED (  254): aed_main_fork_worker: generator 0xb6b46078, worker 0xbebbb8c8, recv_fd 0
11-01 11:16:50.299 D/AEE/AED (  254): aee handle:-1, cpu cores:4, online:4
11-01 11:16:50.299 D/AEE/AED (  254): p 2 poll events 1 revents 0
11-01 11:16:50.299 D/AEE/AED (  254): not know revents:0
11-01 11:16:50.299 D/AEE/AED (  254): p 3 poll events 1 revents 0
11-01 11:16:50.299 D/AEE/AED (  254): not know revents:0
11-01 11:16:50.299 D/AEE/AED (  254): p 4 poll events 1 revents 0
11-01 11:16:50.299 D/AEE/AED (  254): not know revents:0
11-01 11:16:50.299 D/AEE/AED (  254): p 5 poll events 0 revents 0
11-01 11:16:50.299 D/AEE/AED (  254): not know revents:0
11-01 11:16:50.299 D/AEE/AED ( 3781): read success, handling msg (Ind, AE_IND_EXP_RAISED)
11-01 11:16:50.300 I/AEE/AED ( 3781): [OnPurpose Redunant in void preset_info(aed_report_record*, int, int)] pid: 3722, tid: -1361051648, name: UNKNOWN  >>> com.rgk.launcher3 <<<
11-01 11:16:50.300 V/AEE/AED ( 3781): dashboard_record_update() : rec->module = com.rgk.launcher3 
11-01 11:16:50.300 D/AEE/AED ( 3781): Skip duplicated exception ! 
11-01 11:16:50.300 D/AEE/AED ( 3781): Exception Class: 4 
11-01 11:16:50.300 D/AEE/AED ( 3781): Module: com.rgk.launcher3 
11-01 11:16:50.300 D/AEE/AED ( 3781): Count: 41 
11-01 11:16:50.300 D/AEE/AED ( 3781): Last exception time: 1477970192 
11-01 11:16:50.300 D/AEE/AED ( 3781):  
11-01 11:16:50.300 V/AEE/AED ( 3781): process session - skipped 
11-01 11:16:50.305 D/AEE/LIBAEE(  861): shell: got the request (cmd:Ind,AE_IND_LOG_CLOSE)
11-01 11:16:50.305 D/AEE/LIBAEE(  861): shell: Got session close ind from AED
11-01 11:16:50.306 D/AEE/AED (  254): $===AEE===AEE===AEE===$
11-01 11:16:50.306 D/AEE/AED (  254): p 0 poll events 1 revents 0
11-01 11:16:50.306 D/AEE/AED (  254): not know revents:0
11-01 11:16:50.306 D/AEE/AED (  254): p 1 poll events 1 revents 0
11-01 11:16:50.306 D/AEE/AED (  254): not know revents:0
11-01 11:16:50.306 D/AEE/AED (  254): p 2 poll events 1 revents 0
11-01 11:16:50.306 D/AEE/AED (  254): not know revents:0
11-01 11:16:50.306 D/AEE/AED (  254): p 3 poll events 1 revents 0
11-01 11:16:50.306 D/AEE/AED (  254): not know revents:0
11-01 11:16:50.306 D/AEE/AED (  254): p 4 poll events 1 revents 0
11-01 11:16:50.306 D/AEE/AED (  254): not know revents:0
11-01 11:16:50.306 D/AEE/AED (  254): p 5 poll events 0 revents 0
11-01 11:16:50.306 D/AEE/AED (  254): not know revents:0
11-01 11:16:50.314 D/WindowClient(  861): Add to mViews: com.android.internal.policy.PhoneWindow$DecorView{c9e9bbe V.E...... R.....I. 0,0-0,0}, this = android.view.WindowManagerGlobal@f2128ff
11-01 11:16:50.314 D/OpenGLRenderer(  861): CanvasContext() 0x9f4d0000
11-01 11:16:50.318 D/ViewRootImpl(  861): hardware acceleration is enabled, this = ViewRoot{eccac5d Application Error: com.rgk.launcher3,ident = 63}
11-01 11:16:50.319 D/AppOps  (  861): startOperation: reject #3 for code 24 (24) uid 1000 package android
11-01 11:16:50.320 D/WindowManager(  861): addWindowToListInOrderLocked: win=Window{258baa3 u0 Application Error: com.rgk.launcher3} Callers=com.android.server.wm.WindowManagerService.addWindow:2772 com.android.server.wm.Session.addToDisplay:171 android.view.ViewRootImpl.setView:643 android.view.WindowManagerGlobal.addView:319 
11-01 11:16:50.320 V/WindowManager(  861): Free window: Adding window Window{258baa3 u0 Application Error: com.rgk.launcher3} at 19 of 23
11-01 11:16:50.320 V/WindowManager(  861): Looking for focus: 22 = Window{6ec17a7 u0 StatusBar}, flags=-2122055608, canReceive=false
11-01 11:16:50.320 V/WindowManager(  861): findFocusedWindow: Found new focus @ 19 = Window{258baa3 u0 Application Error: com.rgk.launcher3}
11-01 11:16:50.321 V/WindowManager(  861): Changing focus from Window{1a57e29 u0 com.rgk.launcher3/com.android.launcher3.Launcher} to Window{258baa3 u0 Application Error: com.rgk.launcher3} Callers=com.android.server.wm.WindowManagerService.addWindow:2812 com.android.server.wm.Session.addToDisplay:171 android.view.ViewRootImpl.setView:643 android.view.WindowManagerGlobal.addView:319 
11-01 11:16:50.321 D/WindowManager(  861): Input focus has changed to Window{258baa3 u0 Application Error: com.rgk.launcher3}
11-01 11:16:50.323 I/WindowManager(  861): Focus moving from Window{1a57e29 u0 com.rgk.launcher3/com.android.launcher3.Launcher} to Window{258baa3 u0 Application Error: com.rgk.launcher3}
11-01 11:16:50.323 I/WindowManager(  861): Gaining focus: Window{258baa3 u0 Application Error: com.rgk.launcher3}
11-01 11:16:50.323 V/ActivityManager(  861): Broadcast: Intent { act=android.intent.action.DROPBOX_ENTRY_ADDED flg=0x10 (has extras) } ordered=false userid=0 callerApp=ProcessRecord{8fdfad5 861:system/1000}
11-01 11:16:50.327 D/ActivityThread( 9559): BDC-Calling onReceive: intent=Intent { act=android.intent.action.DROPBOX_ENTRY_ADDED flg=0x10 cmp=com.google.android.gms/.stats.service.DropBoxEntryAddedReceiver (has extras) }, receiver=com.google.android.gms.stats.service.DropBoxEntryAddedReceiver@b89fc40
11-01 11:16:50.334 D/ActivityThread( 9559): BDC-RECEIVER handled : 0 / ReceiverData{intent=Intent { act=android.intent.action.DROPBOX_ENTRY_ADDED flg=0x10 cmp=com.google.android.gms/.stats.service.DropBoxEntryAddedReceiver (has extras) } packageName=com.google.android.gms resultCode=-1 resultData=null resultExtras=null}
11-01 11:16:50.335 D/ActivityThread( 9559): SVC-Creating service: CreateServiceData{token=android.os.BinderProxy@e1c1779 className=com.google.android.gms.stats.service.DropBoxEntryAddedService packageName=com.google.android.gms intent=null}
11-01 11:16:50.339 I/BufferQueue(  245): [unnamed-245-764](this:0xb355b400,id:764,api:0,p:-1,c:-1) BufferQueue core=(245:/system/bin/surfaceflinger)
11-01 11:16:50.339 D/BufferQueueDump(  245): [unnamed-245-764] this:0xb5be0f00, value:0xbebce650, iLen:6
11-01 11:16:50.340 I/BufferQueueConsumer(  245): [unnamed-245-764](this:0xb355b400,id:764,api:0,p:-1,c:245) connect(C): consumer=(245:/system/bin/surfaceflinger) controlledByApp=false
11-01 11:16:50.340 D/BufferQueueDump(  245): [unnamed-245-764] this:0xb5be0f00, value:0xbebce670, iLen:6
11-01 11:16:50.340 I/BufferQueueConsumer(  245): [unnamed-245-764](this:0xb355b400,id:764,api:0,p:-1,c:245) setConsumerName: unnamed-245-764
11-01 11:16:50.340 D/BufferQueueDump(  245): [Application Error: com.rgk.launcher3] this:0xb5be0f00, value:0xbebce6c8, iLen:6
11-01 11:16:50.340 I/BufferQueueConsumer(  245): [Application Error: com.rgk.launcher3](this:0xb355b400,id:764,api:0,p:-1,c:245) setConsumerName: Application Error: com.rgk.launcher3
11-01 11:16:50.340 I/BufferQueueConsumer(  245): [Application Error: com.rgk.launcher3](this:0xb355b400,id:764,api:0,p:-1,c:245) setDefaultBufferSize: width=129 height=129
11-01 11:16:50.342 V/WindowManager(  861): Looking for focus: 22 = Window{6ec17a7 u0 StatusBar}, flags=-2122055608, canReceive=false
11-01 11:16:50.342 V/WindowManager(  861): findFocusedWindow: Found new focus @ 19 = Window{258baa3 u0 Application Error: com.rgk.launcher3}
11-01 11:16:50.342 D/ActivityThread( 9559): SVC-CREATE_SERVICE handled : 0 / CreateServiceData{token=android.os.BinderProxy@e1c1779 className=com.google.android.gms.stats.service.DropBoxEntryAddedService packageName=com.google.android.gms intent=null}
11-01 11:16:50.342 D/ActivityThread( 9559): SVC-Calling onStartCommand: com.google.android.gms.stats.service.DropBoxEntryAddedService@1b30cbe, flags=0, startId=1
11-01 11:16:50.343 D/ActivityThread( 9559): SVC-SERVICE_ARGS handled : 0 / ServiceArgsData{token=android.os.BinderProxy@e1c1779 startId=1 args=Intent { act=com.google.android.gms.stats.ACTION_UPLOAD_DROPBOX_ENTRIES pkg=com.google.android.gms }}
11-01 11:16:50.344 D/ActivityManager(  861): getContentProviderImpl: from caller=android.app.ApplicationThreadProxy@bacb159 (pid=9559, userId=0) to get content provider com.google.android.gsf.gservices cpr=ContentProviderRecord{afdd539 u0 com.google.android.gsf/.gservices.GservicesProvider}
11-01 11:16:50.345 I/BufferQueueConsumer(  245): [Application Error: com.rgk.launcher3](this:0xb355b400,id:764,api:0,p:-1,c:245) setDefaultBufferSize: width=812 height=421
11-01 11:16:50.346 D/ActivityThread( 9559): holder:android.app.IActivityManager$ContentProviderHolder@8329c6c, holder.provider:android.content.ContentProviderProxy@bdb235
11-01 11:16:50.355 D/Surface (  861): Surface::allocateBuffers(this=0x9ab9f900)
11-01 11:16:50.356 D/BufferQueueProducer(  245): [](this:0xb355b400,id:764,api:0,p:-1,c:245) allocateBuffers: allocating from 0 buffers up to 4 buffers
11-01 11:16:50.356 D/OpenGLRenderer(  861): CanvasContext() 0x9f4d0000 initialize window=0x9ab9f908, title=Application Error: com.rgk.launcher3
11-01 11:16:50.356 I/OpenGLRenderer(  861): Initialized EGL, version 1.4
11-01 11:16:50.357 I/[MALI][Gralloc](  245): [+]hnd(0xb5be2440), client(27), share_fd(68), hnd->flags:4
11-01 11:16:50.357 D/GraphicBuffer(  245): alloc, handle(0xb5be2440) (w:812 h:421 s:816 f:0x1 u:0x000900) err(0)
11-01 11:16:50.358 D/OpenGLRenderer(  861): Created EGL context (0x96315400)
11-01 11:16:50.359 I/[MALI][Gralloc](  245): [+]hnd(0xb5be1fe0), client(27), share_fd(73), hnd->flags:4
11-01 11:16:50.359 D/GraphicBuffer(  245): alloc, handle(0xb5be1fe0) (w:812 h:421 s:816 f:0x1 u:0x000900) err(0)
11-01 11:16:50.359 I/[MALI][Gralloc](  245): [+]hnd(0xb5be1d60), client(27), share_fd(74), hnd->flags:4
11-01 11:16:50.359 D/GraphicBuffer(  245): alloc, handle(0xb5be1d60) (w:812 h:421 s:816 f:0x1 u:0x000900) err(0)
11-01 11:16:50.360 D/OpenGLRenderer(  861): Initializing program cache from 0x0, size = -1
11-01 11:16:50.360 I/[MALI][Gralloc](  245): [+]hnd(0xb5d270a0), client(27), share_fd(91), hnd->flags:4
11-01 11:16:50.360 D/GraphicBuffer(  245): alloc, handle(0xb5d270a0) (w:812 h:421 s:816 f:0x1 u:0x000900) err(0)
11-01 11:16:50.360 D/BufferQueueProducer(  245): [](this:0xb355b400,id:764,api:0,p:-1,c:245) allocateBuffers: allocating from 4 buffers up to 4 buffers
11-01 11:16:50.361 D/Surface (  861): Surface::connect(this=0x9ab9f900,api=1)
11-01 11:16:50.361 I/BufferQueueProducer(  245): [Application Error: com.rgk.launcher3](this:0xb355b400,id:764,api:1,p:861,c:245) connect(P): api=1 producer=(861:system_server) producerControlledByApp=false
11-01 11:16:50.364 W/libEGL  (  861): [ANDROID_RECORDABLE] format: 1
11-01 11:16:50.366 D/PhoneStatusBar( 1142): setSystemUiVisibility vis=8000 mask=ffffffff oldVal=8600 newVal=8000 diff=600
11-01 11:16:50.367 D/PhoneStatusBar( 1142): hiding the MENU button
11-01 11:16:50.369 D/mali_winsys(  861): new_window_surface returns 0x3000
11-01 11:16:50.373 I/BufferQueueProducer(  245): [Application Error: com.rgk.launcher3](this:0xb355b400,id:764,api:1,p:861,c:245) new GraphicBuffer needed
11-01 11:16:50.373 D/GraphicBuffer(  245): free, handle(0xb5d270a0) (w:812 h:421 s:816 f:0x1 u:0x000900)
11-01 11:16:50.374 I/[MALI][Gralloc](  245): [-]hnd(0xb5d270a0), client(27), share_fd(91)
11-01 11:16:50.375 D/ActivityThread( 1403): SVC-Creating service: CreateServiceData{token=android.os.BinderProxy@5753b01 className=com.google.android.gms.lockbox.service.LockboxBrokerService packageName=com.google.android.gms intent=null}
11-01 11:16:50.375 I/[MALI][Gralloc](  245): [+]hnd(0xb5d270a0), client(27), share_fd(85), hnd->flags:4
11-01 11:16:50.375 D/GraphicBuffer(  245): alloc, handle(0xb5d270a0) (w:812 h:421 s:816 f:0x1 u:0x000b00) err(0)
11-01 11:16:50.377 I/[MALI][Gralloc](  861): [+]r_hnd(0x9378c8c0), client(113), share_fd(237)
11-01 11:16:50.377 D/GraphicBuffer(  861): register, handle(0x9378c8c0) (w:812 h:421 s:816 f:0x1 u:0x000b00)
11-01 11:16:50.378 D/OpenGLRenderer(  861): CacheTexture 2 upload: x, y, width height = 0, 0, 55, 271
11-01 11:16:50.379 D/ActivityThread( 1403): SVC-CREATE_SERVICE handled : 0 / CreateServiceData{token=android.os.BinderProxy@5753b01 className=com.google.android.gms.lockbox.service.LockboxBrokerService packageName=com.google.android.gms intent=null}
11-01 11:16:50.380 V/ActivityThread( 1403): handleBindService s=com.google.android.gms.lockbox.service.LockboxBrokerService@eaa9da6 rebind=false
11-01 11:16:50.390 D/ActivityThread( 1403): SVC-BIND_SERVICE handled : 0 / BindServiceData{token=android.os.BinderProxy@5753b01 intent=Intent { act=com.google.android.gms.lockbox.service.START pkg=com.google.android.gms }}
11-01 11:16:50.391 D/ActivityThread( 1403): SVC-Creating service: CreateServiceData{token=android.os.BinderProxy@f11e3e7 className=com.google.android.gms.usagereporting.service.UsageReportingService packageName=com.google.android.gms intent=null}
11-01 11:16:50.397 I/BufferQueueProducer(  245): [Application Error: com.rgk.launcher3](this:0xb355b400,id:764,api:1,p:861,c:245) new GraphicBuffer needed
11-01 11:16:50.397 D/GraphicBuffer(  245): free, handle(0xb5be1d60) (w:812 h:421 s:816 f:0x1 u:0x000900)
11-01 11:16:50.397 I/[MALI][Gralloc](  245): [-]hnd(0xb5be1d60), client(27), share_fd(74)
11-01 11:16:50.397 D/ActivityThread( 1403): SVC-CREATE_SERVICE handled : 0 / CreateServiceData{token=android.os.BinderProxy@f11e3e7 className=com.google.android.gms.usagereporting.service.UsageReportingService packageName=com.google.android.gms intent=null}
11-01 11:16:50.398 I/[MALI][Gralloc](  245): [+]hnd(0xb5be1d60), client(27), share_fd(116), hnd->flags:4
11-01 11:16:50.398 D/GraphicBuffer(  245): alloc, handle(0xb5be1d60) (w:812 h:421 s:816 f:0x1 u:0x000b00) err(0)
11-01 11:16:50.400 I/[MALI][Gralloc](  861): [+]r_hnd(0x9378ca00), client(113), share_fd(239)
11-01 11:16:50.401 D/GraphicBuffer(  861): register, handle(0x9378ca00) (w:812 h:421 s:816 f:0x1 u:0x000b00)
11-01 11:16:50.401 V/ActivityThread( 1403): handleBindService s=com.google.android.gms.usagereporting.service.UsageReportingService@9b89b94 rebind=false
11-01 11:16:50.405 D/ActivityThread( 1403): SVC-BIND_SERVICE handled : 0 / BindServiceData{token=android.os.BinderProxy@f11e3e7 intent=Intent { act=com.google.android.gms.usagereporting.service.START pkg=com.google.android.gms }}
11-01 11:16:50.405 D/ActivityThread( 1403): SVC-Creating service: CreateServiceData{token=android.os.BinderProxy@b79863d className=com.google.android.gms.phenotype.service.PhenotypeService packageName=com.google.android.gms intent=null}
11-01 11:16:50.409 D/ActivityThread( 1403): SVC-CREATE_SERVICE handled : 0 / CreateServiceData{token=android.os.BinderProxy@b79863d className=com.google.android.gms.phenotype.service.PhenotypeService packageName=com.google.android.gms intent=null}
11-01 11:16:50.409 V/ActivityThread( 1403): handleBindService s=com.google.android.gms.phenotype.service.PhenotypeService@9d2ee32 rebind=false
11-01 11:16:50.411 I/WindowManager(  861): Losing delayed focus: Window{1a57e29 u0 com.rgk.launcher3/com.android.launcher3.Launcher}
11-01 11:16:50.412 D/ActivityThread( 1403): SVC-BIND_SERVICE handled : 0 / BindServiceData{token=android.os.BinderProxy@b79863d intent=Intent { act=com.google.android.gms.phenotype.service.START pkg=com.google.android.gms }}
11-01 11:16:50.414 I/BufferQueueProducer(  245): [Application Error: com.rgk.launcher3](this:0xb355b400,id:764,api:1,p:861,c:245) new GraphicBuffer needed
11-01 11:16:50.414 D/GraphicBuffer(  245): free, handle(0xb5be1fe0) (w:812 h:421 s:816 f:0x1 u:0x000900)
11-01 11:16:50.414 I/[MALI][Gralloc](  245): [-]hnd(0xb5be1fe0), client(27), share_fd(73)
11-01 11:16:50.415 I/[MALI][Gralloc](  245): [+]hnd(0xb5be1fe0), client(27), share_fd(110), hnd->flags:4
11-01 11:16:50.415 D/GraphicBuffer(  245): alloc, handle(0xb5be1fe0) (w:812 h:421 s:816 f:0x1 u:0x000b00) err(0)
11-01 11:16:50.420 I/[MALI][Gralloc](  861): [+]r_hnd(0x9378cc80), client(113), share_fd(240)
11-01 11:16:50.420 D/GraphicBuffer(  861): register, handle(0x9378cc80) (w:812 h:421 s:816 f:0x1 u:0x000b00)
11-01 11:16:50.427 D/MPlugin ( 1403): createInstance(): Begin = 24983846
11-01 11:16:50.427 D/MPlugin ( 1403): create Instance (two parameters) with : com.mediatek.common.telephony.IOnlyOwnerSimSupport
11-01 11:16:50.427 D/MPlugin ( 1403): Clazz exists on mapping table : false
11-01 11:16:50.427 E/MPlugin ( 1403): Unsupported class: com.mediatek.common.telephony.IOnlyOwnerSimSupport
11-01 11:16:50.427 D/MPlugin ( 1403): createInstance(): End = 24983846
11-01 11:16:50.428 D/SettingsInterface( 1420):  from settings cache , name = multi_sim_voice_call , value = 1
11-01 11:16:50.465 D/ActivityThread( 1403): SVC-Creating service: CreateServiceData{token=android.os.BinderProxy@b5d68df className=com.google.android.gms.phenotype.service.PhenotypeIntentService packageName=com.google.android.gms intent=null}
11-01 11:16:50.472 D/ActivityManager(  861): getContentProviderImpl: from caller=android.app.ApplicationThreadProxy@c9262d0 (pid=1403, userId=0) to get content provider com.google.android.gsf.gservices cpr=ContentProviderRecord{afdd539 u0 com.google.android.gsf/.gservices.GservicesProvider}
11-01 11:16:50.472 D/ActivityManager(  861): getContentProviderImpl: updateLruProcessLocked cpr.proc=ProcessRecord{8b35e1a 5408:com.google.process.gapps/u0a10}
11-01 11:16:50.476 D/ActivityThread( 1403): holder:android.app.IActivityManager$ContentProviderHolder@1aa4c18, holder.provider:android.content.ContentProviderProxy@b41e671
11-01 11:16:50.484 D/ActivityThread( 1403): SVC-CREATE_SERVICE handled : 0 / CreateServiceData{token=android.os.BinderProxy@b5d68df className=com.google.android.gms.phenotype.service.PhenotypeIntentService packageName=com.google.android.gms intent=null}
11-01 11:16:50.484 D/ActivityThread( 1403): SVC-Calling onStartCommand: com.google.android.gms.phenotype.service.PhenotypeIntentService@babbc56, flags=0, startId=1
11-01 11:16:50.485 D/ActivityThread( 1403): SVC-SERVICE_ARGS handled : 0 / ServiceArgsData{token=android.os.BinderProxy@b5d68df startId=1 args=Intent { act=com.google.android.gms.phenotype.service.INTENT pkg=com.google.android.gms }}
11-01 11:16:50.494 D/SQLiteDatabase( 1403): beginTransaction()
11-01 11:16:50.505 D/SQLiteDatabase( 1403): endTransaction()
11-01 11:16:50.519 I/System  ( 1403): FinalizerDaemon: finalize objects = 3520
11-01 11:16:50.553 D/SettingsInterface( 1420):  from settings cache , name = pdp_watchdog_poll_interval_ms , value = null
11-01 11:16:50.625 V/WindowManager(  861): Looking for focus: 22 = Window{6ec17a7 u0 StatusBar}, flags=-2122055608, canReceive=false
11-01 11:16:50.625 V/WindowManager(  861): findFocusedWindow: Found new focus @ 19 = Window{258baa3 u0 Application Error: com.rgk.launcher3}
11-01 11:16:50.640 I/BufferQueueConsumer(  245): [com.rgk.launcher3/com.android.launcher3.SinglemodeActivity](this:0xb0aea000,id:762,api:1,p:-1,c:-1) disconnect(C)
11-01 11:16:50.640 I/BufferQueue(  245): [com.rgk.launcher3/com.android.launcher3.SinglemodeActivity](this:0xb0aea000,id:762,api:1,p:-1,c:-1) ~BufferQueueCore
11-01 11:16:50.641 D/GraphicBuffer(  245): free, handle(0xb5be2300) (w:720 h:1280 s:720 f:0x1 u:0x000b00)
11-01 11:16:50.641 I/[MALI][Gralloc](  245): [-]hnd(0xb5be2300), client(27), share_fd(49)
11-01 11:16:50.741 I/PerfService( 1844): PerfServiceNative_getPackName
11-01 11:16:50.741 I/libPerfService(  861): perfGetLastBoostPid 3722
11-01 11:16:50.741 D/PerfServiceManager(  861): [PerfService] getLastBoostPid 3722 
11-01 11:16:50.741 I/libPerfService(  861): perfGetLastBoostPid 3722
11-01 11:16:50.791 W/ActivityManager(  861): Activity pause timeout for ActivityRecord{6142d14 u0 com.rgk.launcher3/com.android.launcher3.Launcher t599 f}
11-01 11:16:50.792 D/PowerManagerService(  861): updateWakeLockWorkSourceInternal: lock=84161013 [*launch*], ws=WorkSource{10015}
11-01 11:16:50.792 D/PowerManagerNotifier(  861): onWakeLockChanging: flags=1, tag="*launch*", packageName=android, ownerUid=1000, ownerPid=861, workSource=WorkSource{10015}
11-01 11:16:50.794 I/libPerfService(  861): perfSetFavorPid - pid:5424, 1530
11-01 11:16:50.795 D/InputReader(  861): InputReader:: getSwitchState lock 
11-01 11:16:50.795 D/InputReader(  861): InputReader::getStateLocked:: return 
11-01 11:16:50.797 V/ActivityThread( 5424): Performing resume of ActivityRecord{86d26b2 token=android.os.BinderProxy@7efe603 {com.android.launcher3/com.android.launcher3.Launcher}}
11-01 11:16:50.798 D/ActivityManager(  861): Delay resumeKeyDispatchingLocked() to avoid deadlock.
11-01 11:16:50.800 D/ActivityThread( 5424): ACT-AM_ON_RESUME_CALLED ActivityRecord{86d26b2 token=android.os.BinderProxy@7efe603 {com.android.launcher3/com.android.launcher3.Launcher}}
11-01 11:16:50.800 V/ActivityThread( 5424): Resume ActivityRecord{86d26b2 token=android.os.BinderProxy@7efe603 {com.android.launcher3/com.android.launcher3.Launcher}} started activity: false, hideForNow: false, finished: false
11-01 11:16:50.800 V/ActivityThread( 5424): Resuming ActivityRecord{86d26b2 token=android.os.BinderProxy@7efe603 {com.android.launcher3/com.android.launcher3.Launcher}} with isForward=false
11-01 11:16:50.801 V/PhoneWindow( 5424): DecorView setVisiblity: visibility = 0 ,Parent =ViewRoot{9d4873a com.android.launcher3/com.android.launcher3.Launcher,ident = 0}, this =com.android.internal.policy.PhoneWindow$DecorView{f0f8529 V.ED..... R.....ID 0,0-720,1280}
11-01 11:16:50.801 V/ActivityThread( 5424): Scheduling idle handler for ActivityRecord{86d26b2 token=android.os.BinderProxy@7efe603 {com.android.launcher3/com.android.launcher3.Launcher}}
11-01 11:16:50.802 D/ActivityThread( 5424): ACT-RESUME_ACTIVITY handled : 0 / android.os.BinderProxy@7efe603
11-01 11:16:50.806 I/BufferQueue(  245): [unnamed-245-765](this:0xb0aea000,id:765,api:0,p:-1,c:-1) BufferQueue core=(245:/system/bin/surfaceflinger)
11-01 11:16:50.806 D/BufferQueueDump(  245): [unnamed-245-765] this:0xb5be2260, value:0xbebce650, iLen:6
11-01 11:16:50.807 I/BufferQueueConsumer(  245): [unnamed-245-765](this:0xb0aea000,id:765,api:0,p:-1,c:245) connect(C): consumer=(245:/system/bin/surfaceflinger) controlledByApp=false
11-01 11:16:50.807 D/BufferQueueDump(  245): [unnamed-245-765] this:0xb5be2260, value:0xbebce670, iLen:6
11-01 11:16:50.807 I/BufferQueueConsumer(  245): [unnamed-245-765](this:0xb0aea000,id:765,api:0,p:-1,c:245) setConsumerName: unnamed-245-765
11-01 11:16:50.807 D/BufferQueueDump(  245): [com.android.launcher3/com.android.launcher3.Launcher] this:0xb5be2260, value:0xbebce6c8, iLen:6
11-01 11:16:50.807 I/BufferQueueConsumer(  245): [com.android.launcher3/com.android.launcher3.Launcher](this:0xb0aea000,id:765,api:0,p:-1,c:245) setConsumerName: com.android.launcher3/com.android.launcher3.Launcher
11-01 11:16:50.807 I/BufferQueueConsumer(  245): [com.android.launcher3/com.android.launcher3.Launcher](this:0xb0aea000,id:765,api:0,p:-1,c:245) setDefaultBufferSize: width=720 height=1280
11-01 11:16:50.808 V/WindowManager(  861): Looking for focus: 22 = Window{6ec17a7 u0 StatusBar}, flags=-2122055608, canReceive=false
11-01 11:16:50.808 V/WindowManager(  861): findFocusedWindow: Found new focus @ 19 = Window{258baa3 u0 Application Error: com.rgk.launcher3}
11-01 11:16:50.812 D/Surface ( 5424): Surface::allocateBuffers(this=0xa170a700)
11-01 11:16:50.812 D/OpenGLRenderer( 5424): CanvasContext() 0xa8fc2000 initialize window=0xa170a708, title=com.android.launcher3/com.android.launcher3.Launcher
11-01 11:16:50.812 D/Surface ( 5424): Surface::connect(this=0xa170a700,api=1)
11-01 11:16:50.812 D/BufferQueueProducer(  245): [](this:0xb0aea000,id:765,api:0,p:-1,c:245) allocateBuffers: allocating from 0 buffers up to 4 buffers
11-01 11:16:50.812 I/BufferQueueProducer(  245): [com.android.launcher3/com.android.launcher3.Launcher](this:0xb0aea000,id:765,api:1,p:5424,c:245) connect(P): api=1 producer=(5424:com.android.launcher3) producerControlledByApp=true
11-01 11:16:50.813 W/libEGL  ( 5424): [ANDROID_RECORDABLE] format: 1
11-01 11:16:50.813 D/mali_winsys( 5424): new_window_surface returns 0x3000
11-01 11:16:50.814 I/[MALI][Gralloc](  245): [+]hnd(0xb5d28360), client(27), share_fd(74), hnd->flags:4
11-01 11:16:50.814 D/GraphicBuffer(  245): alloc, handle(0xb5d28360) (w:720 h:1280 s:720 f:0x1 u:0x000900) err(0)
11-01 11:16:50.815 I/[MALI][Gralloc](  245): [+]hnd(0xb5d284a0), client(27), share_fd(98), hnd->flags:4
11-01 11:16:50.815 D/GraphicBuffer(  245): alloc, handle(0xb5d284a0) (w:720 h:1280 s:720 f:0x1 u:0x000900) err(0)
11-01 11:16:50.816 I/[MALI][Gralloc](  245): [+]hnd(0xb5d27820), client(27), share_fd(102), hnd->flags:4
11-01 11:16:50.816 D/GraphicBuffer(  245): alloc, handle(0xb5d27820) (w:720 h:1280 s:720 f:0x1 u:0x000900) err(0)
11-01 11:16:50.818 I/[MALI][Gralloc](  245): [+]hnd(0xb5d27be0), client(27), share_fd(108), hnd->flags:4
11-01 11:16:50.818 D/GraphicBuffer(  245): alloc, handle(0xb5d27be0) (w:720 h:1280 s:720 f:0x1 u:0x000900) err(0)
11-01 11:16:50.818 D/BufferQueueProducer(  245): [com.android.launcher3/com.android.launcher3.Launcher](this:0xb0aea000,id:765,api:1,p:5424,c:245) allocateBuffers: allocating from 4 buffers up to 4 buffers
11-01 11:16:50.832 I/BufferQueueProducer(  245): [com.android.launcher3/com.android.launcher3.Launcher](this:0xb0aea000,id:765,api:1,p:5424,c:245) new GraphicBuffer needed
11-01 11:16:50.832 D/GraphicBuffer(  245): free, handle(0xb5d27be0) (w:720 h:1280 s:720 f:0x1 u:0x000900)
11-01 11:16:50.832 I/[MALI][Gralloc](  245): [-]hnd(0xb5d27be0), client(27), share_fd(108)
11-01 11:16:50.837 I/[MALI][Gralloc](  245): [+]hnd(0xb5d27be0), client(27), share_fd(91), hnd->flags:4
11-01 11:16:50.837 D/GraphicBuffer(  245): alloc, handle(0xb5d27be0) (w:720 h:1280 s:720 f:0x1 u:0x000b00) err(0)
11-01 11:16:50.838 I/[MALI][Gralloc]( 5424): [+]r_hnd(0xab742640), client(29), share_fd(38)
11-01 11:16:50.838 D/GraphicBuffer( 5424): register, handle(0xab742640) (w:720 h:1280 s:720 f:0x1 u:0x000b00)
11-01 11:16:50.842 I/BufferQueueProducer(  245): [com.android.launcher3/com.android.launcher3.Launcher](this:0xb0aea000,id:765,api:1,p:5424,c:245) new GraphicBuffer needed
11-01 11:16:50.842 D/GraphicBuffer(  245): free, handle(0xb5d27820) (w:720 h:1280 s:720 f:0x1 u:0x000900)
11-01 11:16:50.842 I/[MALI][Gralloc](  245): [-]hnd(0xb5d27820), client(27), share_fd(102)
11-01 11:16:50.847 I/[MALI][Gralloc](  245): [+]hnd(0xb5d27820), client(27), share_fd(86), hnd->flags:4
11-01 11:16:50.847 D/GraphicBuffer(  245): alloc, handle(0xb5d27820) (w:720 h:1280 s:720 f:0x1 u:0x000b00) err(0)
11-01 11:16:50.849 I/[MALI][Gralloc]( 5424): [+]r_hnd(0xab742280), client(29), share_fd(40)
11-01 11:16:50.849 D/GraphicBuffer( 5424): register, handle(0xab742280) (w:720 h:1280 s:720 f:0x1 u:0x000b00)
11-01 11:16:50.851 D/PowerManagerService(  861): releaseWakeLockInternal: lock=84161013 [*launch*], flags=0x0, total_time=775ms
11-01 11:16:50.851 D/PowerManagerNotifier(  861): onWakeLockReleased: flags=1, tag="*launch*", packageName=android, ownerUid=1000, ownerPid=861, workSource=WorkSource{10015}
11-01 11:16:50.851 D/PowerManagerService(  861): updateWakeLockSummaryLocked: mWakefulness=Awake, mWakeLockSummary=0x0
11-01 11:16:50.851 D/PowerManagerService(  861): updateUserActivitySummaryLocked: mWakefulness=Awake, mUserActivitySummary=0x9, nextTimeout=24986412 (in 2142 ms)
