11-01 11:16:35.460 I/WindowState(  861): WIN DEATH: Window{ff2b5d1 u0 com.rgk.launcher3}
11-01 11:16:35.460 W/InputDispatcher(  861): Attempted to unregister already unregistered input channel 'ff2b5d1  (server)'
11-01 11:16:35.471 D/GraphicBuffer(  245): free, handle(0xb5d27be0) (w:30 h:300 s:32 f:0x1 u:0x000b00)
11-01 11:16:35.471 W/InputDispatcher(  861): channel '18f5c18 com.rgk.launcher3/com.android.launcher3.Launcher (server)' ~ Consumer closed input channel or an error occurred.  events=0x9
11-01 11:16:35.471 E/InputDispatcher(  861): channel '18f5c18 com.rgk.launcher3/com.android.launcher3.Launcher (server)' ~ Channel is unrecoverably broken and will be disposed!
11-01 11:16:35.471 I/[MALI][Gralloc](  245): [-]hnd(0xb5d27be0), client(27), share_fd(76)
11-01 11:16:35.472 I/BufferQueueConsumer(  245): [](this:0xb267cc00,id:745,api:1,p:-1,c:-1) disconnect(C)
11-01 11:16:35.472 V/WindowManager(  861): Looking for focus: 19 = Window{6ec17a7 u0 StatusBar}, flags=-2122055608, canReceive=false
11-01 11:16:35.473 V/WindowManager(  861): findFocusedWindow: Found new focus @ 11 = Window{a4f1bd0 u0 com.android.launcher3/com.android.launcher3.Launcher}
11-01 11:16:35.473 I/WindowState(  861): WIN DEATH: Window{a6337 u0 com.rgk.launcher3}
11-01 11:16:35.474 W/InputDispatcher(  861): Attempted to unregister already unregistered input channel 'a6337  (server)'
11-01 11:16:35.475 I/BufferQueue(  245): [](this:0xb267cc00,id:745,api:1,p:-1,c:-1) ~BufferQueueCore
11-01 11:16:35.476 I/ActivityManager(  861): Process com.rgk.launcher3 (pid 3640) has died
11-01 11:16:35.476 D/ActivityManager(  861): SVC-handleAppDiedLocked: app = ProcessRecord{9a842e4 3640:com.rgk.launcher3/u0a105}, app.pid = 3640
11-01 11:16:35.477 W/ActivityManager(  861): Service crashed 2 times, stopping: ServiceRecord{f094ba9 u0 com.rgk.launcher3/com.android.launcher3.service.RgkSateLiteService}
11-01 11:16:35.477 D/ActivityManager(  861): removeDyingProviderLocked: cpr=ContentProviderRecord{15e234d u0 com.rgk.launcher3/com.android.launcher3.freezeapp.FreezeProvider} always=false inLaunching=false
11-01 11:16:35.478 D/ActivityManager(  861): removeDyingProviderLocked: cpr=ContentProviderRecord{e64ae02 u0 com.rgk.launcher3/com.android.launcher3.LauncherProvider} always=false inLaunching=false
11-01 11:16:35.478 D/ActivityManager(  861): SVC-mBroadcastQueues: com.android.server.am.BroadcastQueue@69d0e59
11-01 11:16:35.478 D/ActivityManager(  861): SVC-mBroadcastQueues: com.android.server.am.BroadcastQueue@d146a1e
11-01 11:16:35.482 D/GraphicBuffer(  245): free, handle(0xb5d29260) (w:150 h:30 s:160 f:0x1 u:0x000b00)
11-01 11:16:35.482 I/[MALI][Gralloc](  245): [-]hnd(0xb5d29260), client(27), share_fd(63)
11-01 11:16:35.483 I/BufferQueueConsumer(  245): [](this:0xb267c000,id:746,api:1,p:-1,c:-1) disconnect(C)
11-01 11:16:35.484 I/BufferQueue(  245): [](this:0xb267c000,id:746,api:1,p:-1,c:-1) ~BufferQueueCore
11-01 11:16:35.487 V/WindowManager(  861): Looking for focus: 18 = Window{6ec17a7 u0 StatusBar}, flags=-2122055608, canReceive=false
11-01 11:16:35.487 V/WindowManager(  861): findFocusedWindow: Found new focus @ 11 = Window{a4f1bd0 u0 com.android.launcher3/com.android.launcher3.Launcher}
11-01 11:16:35.487 I/WindowState(  861): WIN DEATH: Window{e9bde0d u0 com.rgk.launcher3}
11-01 11:16:35.487 W/InputDispatcher(  861): Attempted to unregister already unregistered input channel 'e9bde0d  (server)'
11-01 11:16:35.487 D/SettingsInterface( 1420):  from settings cache , name = pdp_watchdog_poll_interval_ms , value = null
11-01 11:16:35.497 V/WindowManager(  861): Looking for focus: 17 = Window{6ec17a7 u0 StatusBar}, flags=-2122055608, canReceive=false
11-01 11:16:35.497 V/WindowManager(  861): findFocusedWindow: Found new focus @ 11 = Window{a4f1bd0 u0 com.android.launcher3/com.android.launcher3.Launcher}
11-01 11:16:35.497 I/WindowState(  861): WIN DEATH: Window{18f5c18 u0 com.rgk.launcher3/com.android.launcher3.Launcher}
11-01 11:16:35.497 W/InputDispatcher(  861): Attempted to unregister already unregistered input channel '18f5c18 com.rgk.launcher3/com.android.launcher3.Launcher (server)'
11-01 11:16:35.499 I/SurfaceFlinger(  245): [SF client] DEL(0xb3506120) for (861:system_server)
11-01 11:16:35.499 D/SurfaceFlinger(  245):     remove: 
11-01 11:16:35.499 D/SurfaceFlinger(  245):     remove: com.rgk.launcher3/com.android.launcher3.Launcher
11-01 11:16:35.502 V/WindowManager(  861): Looking for focus: 16 = Window{6ec17a7 u0 StatusBar}, flags=-2122055608, canReceive=false
11-01 11:16:35.502 V/WindowManager(  861): findFocusedWindow: Found new focus @ 11 = Window{a4f1bd0 u0 com.android.launcher3/com.android.launcher3.Launcher}
11-01 11:16:35.505 E/MultiWindowProxy(  861): getServiceInstance failed!
11-01 11:16:35.505 D/GraphicBuffer(  245): free, handle(0xb5d28680) (w:30 h:300 s:32 f:0x1 u:0x000b00)
11-01 11:16:35.505 I/[MALI][Gralloc](  245): [-]hnd(0xb5d28680), client(27), share_fd(78)
11-01 11:16:35.506 I/BufferQueueConsumer(  245): [](this:0xb0aeb800,id:747,api:1,p:-1,c:-1) disconnect(C)
11-01 11:16:35.506 I/BufferQueueConsumer(  245): [com.rgk.launcher3/com.android.launcher3.Launcher](this:0xb0aeac00,id:753,api:1,p:-1,c:-1) disconnect(C)
11-01 11:16:35.507 I/BufferQueue(  245): [com.rgk.launcher3/com.android.launcher3.Launcher](this:0xb0aeac00,id:753,api:1,p:-1,c:-1) ~BufferQueueCore
11-01 11:16:35.507 D/GraphicBuffer(  245): free, handle(0xb5d28220) (w:720 h:1280 s:720 f:0x1 u:0x000b00)
11-01 11:16:35.508 I/[MALI][Gralloc](  245): [-]hnd(0xb5d28220), client(27), share_fd(85)
11-01 11:16:35.509 I/BufferQueue(  245): [](this:0xb0aeb800,id:747,api:1,p:-1,c:-1) ~BufferQueueCore
11-01 11:16:35.523 D/GraphicBuffer(  245): free, handle(0xb5be0dc0) (w:150 h:30 s:160 f:0x1 u:0x000b00)
11-01 11:16:35.523 I/[MALI][Gralloc](  245): [-]hnd(0xb5be0dc0), client(27), share_fd(90)
11-01 11:16:35.527 W/AppOps  (  861): Finishing op nesting under-run: uid 1000 pkg android code 24 time=0 duration=0 nesting=0
11-01 11:16:35.538 I/BufferQueueConsumer(  245): [Application Error: com.rgk.launcher3](this:0xb355b400,id:754,api:1,p:-1,c:-1) disconnect(C)
11-01 11:16:35.538 I/BufferQueue(  245): [Application Error: com.rgk.launcher3](this:0xb355b400,id:754,api:1,p:-1,c:-1) ~BufferQueueCore
11-01 11:16:35.539 D/GraphicBuffer(  245): free, handle(0xb5be1900) (w:812 h:421 s:816 f:0x1 u:0x000b00)
11-01 11:16:35.539 I/[MALI][Gralloc](  245): [-]hnd(0xb5be1900), client(27), share_fd(71)
11-01 11:16:35.707 I/PerfService( 1844): PerfServiceNative_getPackName
11-01 11:16:35.708 I/libPerfService(  861): perfGetLastBoostPid 5424
11-01 11:16:35.708 D/PerfServiceManager(  861): [PerfService] getLastBoostPid 5424 
11-01 11:16:35.708 I/libPerfService(  861): perfGetLastBoostPid 5424
11-01 11:16:35.846 D/PerfServiceManager(  861): [PerfService] MESSAGE_TIMEOUT:105 
11-01 11:16:35.846 I/libPerfService(  861): 5: set: 1
11-01 11:16:35.846 I/libPerfService(  861): 5: set freq: 0
11-01 11:16:35.846 I/libPerfService(  861): 5: set vcore level: 0
11-01 11:16:35.847 D/PerfServiceManager(  861): [PerfService] set utilization:0.8 
11-01 11:16:36.493 D/SettingsInterface( 1420):  from settings cache , name = pdp_watchdog_poll_interval_ms , value = null
11-01 11:16:36.709 I/PerfService( 1844): PerfServiceNative_getPackName
11-01 11:16:36.709 I/libPerfService(  861): perfGetLastBoostPid 5424
11-01 11:16:36.710 D/PerfServiceManager(  861): [PerfService] getLastBoostPid 5424 
11-01 11:16:36.710 I/libPerfService(  861): perfGetLastBoostPid 5424
11-01 11:16:37.080 I/thermal_repeater(  283): select timeout
11-01 11:16:37.351 D/NetworkTypeUtils( 1142): getNetworkType: type=13
11-01 11:16:37.355 V/ActivityManager(  861): Broadcast sticky: Intent { act=android.intent.action.SIG_STR flg=0x20000010 (has extras) } ordered=false userid=-1 callerApp=ProcessRecord{8fdfad5 861:system/1000}
11-01 11:16:37.356 D/cell strength( 9645): ===== cell singal strength changed : 19
11-01 11:16:37.357 D/NetworkTypeUtils( 1142): getNetworkTypeIcon iconId = 2130837902
11-01 11:16:37.492 D/SettingsInterface(  861):  from settings cache , name = sys_free_storage_log_interval , value = null
11-01 11:16:37.493 D/SettingsInterface(  861):  from settings cache , name = disk_free_change_reporting_threshold , value = null
11-01 11:16:37.493 V/DeviceStorageMonitorService(  861): freeMemory=1736536064
11-01 11:16:37.493 I/DeviceStorageMonitorService(  861): Posting Message again
11-01 11:16:37.503 D/SettingsInterface( 1420):  from settings cache , name = pdp_watchdog_poll_interval_ms , value = null
11-01 11:16:37.713 I/PerfService( 1844): PerfServiceNative_getPackName
11-01 11:16:37.713 I/libPerfService(  861): perfGetLastBoostPid 5424
11-01 11:16:37.714 D/PerfServiceManager(  861): [PerfService] getLastBoostPid 5424 
11-01 11:16:37.714 I/libPerfService(  861): perfGetLastBoostPid 5424
11-01 11:16:37.847 D/ActivityThread( 1403): SVC-UNBIND_SERVICE handled : 0 / BindServiceData{token=android.os.BinderProxy@7e8362a intent=Intent { act=com.google.android.gms.usagereporting.service.START pkg=com.google.android.gms }}
11-01 11:16:37.848 D/ActivityThread( 1403): SVC-Destroying service: com.google.android.gms.usagereporting.service.UsageReportingService@cdc0c1b
11-01 11:16:37.848 D/ActivityThread( 1403): SVC-STOP_SERVICE handled : 0 / android.os.BinderProxy@7e8362a
11-01 11:16:37.862 D/ActivityThread( 1403): SVC-UNBIND_SERVICE handled : 0 / BindServiceData{token=android.os.BinderProxy@608d61e intent=Intent { act=com.google.android.gms.phenotype.service.START pkg=com.google.android.gms }}
11-01 11:16:37.862 D/ActivityThread( 1403): SVC-Destroying service: com.google.android.gms.phenotype.service.PhenotypeService@c347eff
11-01 11:16:37.862 D/ActivityThread( 1403): SVC-STOP_SERVICE handled : 0 / android.os.BinderProxy@608d61e
11-01 11:16:37.867 D/ActivityThread( 1403): SVC-UNBIND_SERVICE handled : 0 / BindServiceData{token=android.os.BinderProxy@945f4cc intent=Intent { act=com.google.android.gms.lockbox.service.START pkg=com.google.android.gms }}
11-01 11:16:37.867 D/ActivityThread( 1403): SVC-Destroying service: com.google.android.gms.lockbox.service.LockboxBrokerService@5279315
11-01 11:16:37.867 D/ActivityThread( 1403): SVC-STOP_SERVICE handled : 0 / android.os.BinderProxy@945f4cc
11-01 11:16:38.404 D/PerfServiceManager(  861): [PerfService] MESSAGE_TIMER_RENDER_AWARE_DURATION timeout 
11-01 11:16:38.509 D/SettingsInterface( 1420):  from settings cache , name = pdp_watchdog_poll_interval_ms , value = null
11-01 11:16:38.715 I/PerfService( 1844): PerfServiceNative_getPackName
11-01 11:16:38.717 I/libPerfService(  861): perfGetLastBoostPid 5424
11-01 11:16:38.717 D/PerfServiceManager(  861): [PerfService] getLastBoostPid 5424 
11-01 11:16:38.717 I/libPerfService(  861): perfGetLastBoostPid 5424
11-01 11:16:39.516 D/SettingsInterface( 1420):  from settings cache , name = pdp_watchdog_poll_interval_ms , value = null
11-01 11:16:39.720 I/PerfService( 1844): PerfServiceNative_getPackName
11-01 11:16:39.721 I/libPerfService(  861): perfGetLastBoostPid 5424
11-01 11:16:39.721 D/PerfServiceManager(  861): [PerfService] getLastBoostPid 5424 
11-01 11:16:39.721 I/libPerfService(  861): perfGetLastBoostPid 5424
11-01 11:16:39.912 D/NetworkTypeUtils( 1142): getNetworkType: type=13
11-01 11:16:39.912 D/NetworkTypeUtils( 1142): getNetworkTypeIcon iconId = 2130837902
11-01 11:16:39.916 V/ActivityManager(  861): Broadcast sticky: Intent { act=android.intent.action.SIG_STR flg=0x20000010 (has extras) } ordered=false userid=-1 callerApp=ProcessRecord{8fdfad5 861:system/1000}
11-01 11:16:39.919 D/cell strength( 9645): ===== cell singal strength changed : 19
11-01 11:16:39.931 D/SocketClient(  253): SocketClient sendData done: 613 IfaceClass idle 0 65653233078970
11-01 11:16:39.932 D/NetdConnector(  861): RCV <- {613 IfaceClass idle 0 65653233078970}
11-01 11:16:39.932 D/NetworkManagement(  861): onEvent:613 IfaceClass idle 0 65653233078970:5
11-01 11:16:39.935 V/ActivityManager(  861): Broadcast: Intent { act=android.net.conn.DATA_ACTIVITY_CHANGE flg=0x10 (has extras) } ordered=true userid=-1 callerApp=ProcessRecord{8fdfad5 861:system/1000}
11-01 11:16:39.938 D/ActivityThread( 1403): BDC-Calling finishReceiver: IIntentReceiver=18a903d
11-01 11:16:39.941 V/ActivityManager(  861): Broadcast sticky: Intent { act=android.net.conn.DATA_ACTIVITY_CHANGE_CT flg=0x10 (has extras) } ordered=false userid=-1 callerApp=ProcessRecord{8fdfad5 861:system/1000}
11-01 11:16:40.522 D/SettingsInterface( 1420):  from settings cache , name = pdp_watchdog_poll_interval_ms , value = null
11-01 11:16:40.724 I/PerfService( 1844): PerfServiceNative_getPackName
11-01 11:16:40.726 I/libPerfService(  861): perfGetLastBoostPid 5424
11-01 11:16:40.726 D/PerfServiceManager(  861): [PerfService] getLastBoostPid 5424 
11-01 11:16:40.726 I/libPerfService(  861): perfGetLastBoostPid 5424
11-01 11:16:40.770 D/InputReader(  861): AP_PROF:AppLaunch_dispatchPtr:Down:24974188, ID:0, Index:-1462335600
11-01 11:16:40.771 I/PerfService(  861): PerfServiceNative_boostEnableAsync:3
11-01 11:16:40.772 D/PowerManagerService(  861): userActivityFromNative
11-01 11:16:40.773 D/PowerManagerService(  861): userActivityNoUpdateLocked: eventTime=24974188, event=2, flags=0x0, uid=1000
11-01 11:16:40.773 D/PowerManagerNotifier(  861): onUserActivity: event=2, uid=1000
11-01 11:16:40.773 D/PowerManagerService(  861): updateUserActivitySummaryLocked: mWakefulness=Awake, mUserActivitySummary=0x1, nextTimeout=24982188 (in 7996 ms)
11-01 11:16:40.774 D/DisplayPowerController(  861): requestPowerState: policy=BRIGHT, useProximitySensor=false, screenBrightness=137, screenAutoBrightnessAdjustment=0.0, brightnessSetByUser=true, useAutoBrightness=false, blockScreenOn=false, lowPowerMode=false, boostScreenBrightness=false, dozeScreenBrightness=-1, dozeScreenState=UNKNOWN, waitForNegativeProximity=false
11-01 11:16:40.774 I/PowerManagerService(  861): setBrightness mButtonLight 0.
11-01 11:16:40.774 D/PowerManagerService(  861): updateDisplayPowerStateLocked: mDisplayReady=true, policy=3, mWakefulness=1, mWakeLockSummary=0x0, mUserActivitySummary=0x1, mBootCompleted=true, mScreenBrightnessBoostInProgress=false
11-01 11:16:40.776 I/libPerfService(  861): 3: set freq: 819000
11-01 11:16:40.779 V/SettingsProvider(  861): packageValueForCallResult, name = haptic_feedback_enabled, value : 1
11-01 11:16:40.779 D/AppOps  (  861): startOperation: allowing code 3 uid 1000 package android
11-01 11:16:40.779 D/PowerManagerService(  861): acquireWakeLockInternal: lock=193020506, flags=0x1, tag="*vibrator*", ws=WorkSource{1000}, uid=1000, pid=861
11-01 11:16:40.779 D/PowerManagerService(  861): updateWakeLockSummaryLocked: mWakefulness=Awake, mWakeLockSummary=0x1
11-01 11:16:40.779 D/PowerManagerService(  861): updateUserActivitySummaryLocked: mWakefulness=Awake, mUserActivitySummary=0x1, nextTimeout=24982188 (in 7990 ms)
11-01 11:16:40.779 D/DisplayPowerController(  861): requestPowerState: policy=BRIGHT, useProximitySensor=false, screenBrightness=137, screenAutoBrightnessAdjustment=0.0, brightnessSetByUser=true, useAutoBrightness=false, blockScreenOn=false, lowPowerMode=false, boostScreenBrightness=false, dozeScreenBrightness=-1, dozeScreenState=UNKNOWN, waitForNegativeProximity=false
11-01 11:16:40.780 I/PowerManagerService(  861): setBrightness mButtonLight 0.
11-01 11:16:40.780 D/PowerManagerService(  861): updateDisplayPowerStateLocked: mDisplayReady=true, policy=3, mWakefulness=1, mWakeLockSummary=0x1, mUserActivitySummary=0x1, mBootCompleted=true, mScreenBrightnessBoostInProgress=false
11-01 11:16:40.780 D/PowerManagerService(  861): Acquiring suspend blocker "PowerManagerService.WakeLocks".
11-01 11:16:40.780 D/PowerManagerNotifier(  861): onWakeLockAcquired: flags=1, tag="*vibrator*", packageName=android, ownerUid=1000, ownerPid=861, workSource=WorkSource{1000}
11-01 11:16:40.785 I/libPerfService(  861): 3: set: 3
11-01 11:16:40.787 D/PowerManagerService(  861): userActivityFromNative
11-01 11:16:40.787 D/PowerManagerService(  861): userActivityNoUpdateLocked: eventTime=24974195, event=1, flags=0x0, uid=1000
11-01 11:16:40.787 D/PowerManagerNotifier(  861): onUserActivity: event=1, uid=1000
11-01 11:16:40.787 D/PowerManagerService(  861): updateUserActivitySummaryLocked: mWakefulness=Awake, mUserActivitySummary=0x9, nextTimeout=24977195 (in 2989 ms)
11-01 11:16:40.787 D/DisplayPowerController(  861): requestPowerState: policy=BRIGHT, useProximitySensor=false, screenBrightness=137, screenAutoBrightnessAdjustment=0.0, brightnessSetByUser=true, useAutoBrightness=false, blockScreenOn=false, lowPowerMode=false, boostScreenBrightness=false, dozeScreenBrightness=-1, dozeScreenState=UNKNOWN, waitForNegativeProximity=false
11-01 11:16:40.787 D/lights  (  861): write_int open fd=-1
11-01 11:16:40.787 I/PowerManagerService(  861): setBrightness mButtonLight, screenBrightness=137
11-01 11:16:40.787 D/PowerManagerService(  861): updateDisplayPowerStateLocked: mDisplayReady=true, policy=3, mWakefulness=1, mWakeLockSummary=0x1, mUserActivitySummary=0x9, mBootCompleted=true, mScreenBrightnessBoostInProgress=false
11-01 11:16:40.790 D/SettingsInterface( 1142):  from settings cache , name = device_provisioned , value = 1
11-01 11:16:40.793 I/BufferQueueProducer(  245): [NavigationBar](this:0xb0aec400,id:542,api:1,p:1142,c:245) queueBuffer: fps=3.92 dur=8666.04 max=8132.86 min=5.31
11-01 11:16:40.814 I/SurfaceFlinger(  245): [Built-in Screen (type:0)] fps:2.723629,dur:5507.36,max:5243.16,min:5.17
11-01 11:16:40.848 D/PowerManagerService(  861): releaseWakeLockInternal: lock=193020506 [*vibrator*], flags=0x0, total_time=69ms
11-01 11:16:40.848 D/PowerManagerNotifier(  861): onWakeLockReleased: flags=1, tag="*vibrator*", packageName=android, ownerUid=1000, ownerPid=861, workSource=WorkSource{1000}
11-01 11:16:40.849 D/PowerManagerService(  861): updateWakeLockSummaryLocked: mWakefulness=Awake, mWakeLockSummary=0x0
11-01 11:16:40.849 D/PowerManagerService(  861): updateUserActivitySummaryLocked: mWakefulness=Awake, mUserActivitySummary=0x9, nextTimeout=24977195 (in 2928 ms)
11-01 11:16:40.849 D/DisplayPowerController(  861): requestPowerState: policy=BRIGHT, useProximitySensor=false, screenBrightness=137, screenAutoBrightnessAdjustment=0.0, brightnessSetByUser=true, useAutoBrightness=false, blockScreenOn=false, lowPowerMode=false, boostScreenBrightness=false, dozeScreenBrightness=-1, dozeScreenState=UNKNOWN, waitForNegativeProximity=false
11-01 11:16:40.849 I/PowerManagerService(  861): setBrightness mButtonLight, screenBrightness=137
11-01 11:16:40.849 D/PowerManagerService(  861): updateDisplayPowerStateLocked: mDisplayReady=true, policy=3, mWakefulness=1, mWakeLockSummary=0x0, mUserActivitySummary=0x9, mBootCompleted=true, mScreenBrightnessBoostInProgress=false
11-01 11:16:40.849 D/PowerManagerService(  861): Releasing suspend blocker "PowerManagerService.WakeLocks".
11-01 11:16:40.862 D/InputReader(  861): AP_PROF:AppLaunch_dispatchPtr:Up:24974281, ID:0, Index:-1462332208
11-01 11:16:40.862 I/PerfService(  861): PerfServiceNative_boostEnableTimeoutMsAsync:3, 100
11-01 11:16:40.864 D/PowerManagerService(  861): userActivityNoUpdateLocked: eventTime=24974282, event=0, flags=0x0, uid=1000
11-01 11:16:40.864 D/PowerManagerNotifier(  861): onUserActivity: event=0, uid=1000
11-01 11:16:40.864 D/PowerManagerService(  861): updateUserActivitySummaryLocked: mWakefulness=Awake, mUserActivitySummary=0x9, nextTimeout=24977195 (in 2912 ms)
11-01 11:16:40.864 D/DisplayPowerController(  861): requestPowerState: policy=BRIGHT, useProximitySensor=false, screenBrightness=137, screenAutoBrightnessAdjustment=0.0, brightnessSetByUser=true, useAutoBrightness=false, blockScreenOn=false, lowPowerMode=false, boostScreenBrightness=false, dozeScreenBrightness=-1, dozeScreenState=UNKNOWN, waitForNegativeProximity=false
11-01 11:16:40.864 I/PowerManagerService(  861): setBrightness mButtonLight, screenBrightness=137
11-01 11:16:40.864 D/PowerManagerService(  861): updateDisplayPowerStateLocked: mDisplayReady=true, policy=3, mWakefulness=1, mWakeLockSummary=0x0, mUserActivitySummary=0x9, mBootCompleted=true, mScreenBrightnessBoostInProgress=false
11-01 11:16:40.869 D/SettingsInterface( 1142):  from settings cache , name = sound_effects_enabled , value = 0
11-01 11:16:40.870 D/SettingsInterface(  861):  from settings cache , name = dialer_default_application , value = null
11-01 11:16:40.874 V/ActivityManager(  861): Broadcast: Intent { act=android.intent.action.CLOSE_SYSTEM_DIALOGS flg=0x50000010 (has extras) } ordered=false userid=-1 callerApp=null
11-01 11:16:40.876 D/Launcher3( 5424): Launcher, Close system dialogs: reason = homekey
11-01 11:16:40.878 V/PhoneStatusBar( 1142): onReceive: Intent { act=android.intent.action.CLOSE_SYSTEM_DIALOGS flg=0x50000010 (has extras) }
11-01 11:16:40.878 D/PowerManagerService(  861): userActivityNoUpdateLocked: eventTime=24974297, event=0, flags=0x0, uid=1000
11-01 11:16:40.878 D/PowerManagerNotifier(  861): onUserActivity: event=0, uid=1000
11-01 11:16:40.878 D/PowerManagerService(  861): updateUserActivitySummaryLocked: mWakefulness=Awake, mUserActivitySummary=0x9, nextTimeout=24977195 (in 2898 ms)
11-01 11:16:40.878 D/DisplayPowerController(  861): requestPowerState: policy=BRIGHT, useProximitySensor=false, screenBrightness=137, screenAutoBrightnessAdjustment=0.0, brightnessSetByUser=true, useAutoBrightness=false, blockScreenOn=false, lowPowerMode=false, boostScreenBrightness=false, dozeScreenBrightness=-1, dozeScreenState=UNKNOWN, waitForNegativeProximity=false
11-01 11:16:40.878 I/PowerManagerService(  861): setBrightness mButtonLight, screenBrightness=137
11-01 11:16:40.878 D/PowerManagerService(  861): updateDisplayPowerStateLocked: mDisplayReady=true, policy=3, mWakefulness=1, mWakeLockSummary=0x0, mUserActivitySummary=0x9, mBootCompleted=true, mScreenBrightnessBoostInProgress=false
11-01 11:16:40.879 V/SettingsProvider(  861): packageValueForCallResult, name = user_setup_complete, value : 1
11-01 11:16:40.881 I/ActivityManager(  861): START u0 {act=android.intent.action.MAIN cat=[android.intent.category.HOME] flg=0x10200000 cmp=android/com.android.internal.app.ResolverActivity (has extras)} from uid 1000 from pid 861 on display 0
11-01 11:16:40.882 V/WindowManager(  861): Looking for focus: 15 = Window{6ec17a7 u0 StatusBar}, flags=-2122055608, canReceive=false
11-01 11:16:40.882 V/WindowManager(  861): findFocusedWindow: Found new focus @ 3 = Window{a4f1bd0 u0 com.android.launcher3/com.android.launcher3.Launcher}
11-01 11:16:40.883 D/SettingsInterface( 1142):  from settings cache , name = device_provisioned , value = 1
11-01 11:16:40.887 D/PowerManagerService(  861): acquireWakeLockInternal: lock=84161013, flags=0x1, tag="*launch*", ws=WorkSource{1000}, uid=1000, pid=861
11-01 11:16:40.888 D/ActivityThread( 5424): ACT-AM_ON_PAUSE_CALLED ActivityRecord{86d26b2 token=android.os.BinderProxy@7efe603 {com.android.launcher3/com.android.launcher3.Launcher}}
11-01 11:16:40.887 I/libPerfService(  861): 1: set freq: 988000
11-01 11:16:40.890 D/PowerManagerService(  861): updateWakeLockSummaryLocked: mWakefulness=Awake, mWakeLockSummary=0x1
11-01 11:16:40.890 D/PowerManagerService(  861): updateUserActivitySummaryLocked: mWakefulness=Awake, mUserActivitySummary=0x9, nextTimeout=24977195 (in 2886 ms)
11-01 11:16:40.890 D/DisplayPowerController(  861): requestPowerState: policy=BRIGHT, useProximitySensor=false, screenBrightness=137, screenAutoBrightnessAdjustment=0.0, brightnessSetByUser=true, useAutoBrightness=false, blockScreenOn=false, lowPowerMode=false, boostScreenBrightness=false, dozeScreenBrightness=-1, dozeScreenState=UNKNOWN, waitForNegativeProximity=false
11-01 11:16:40.891 I/PowerManagerService(  861): setBrightness mButtonLight, screenBrightness=137
11-01 11:16:40.891 D/PowerManagerService(  861): updateDisplayPowerStateLocked: mDisplayReady=true, policy=3, mWakefulness=1, mWakeLockSummary=0x1, mUserActivitySummary=0x9, mBootCompleted=true, mScreenBrightnessBoostInProgress=false
11-01 11:16:40.891 D/PowerManagerService(  861): Acquiring suspend blocker "PowerManagerService.WakeLocks".
11-01 11:16:40.891 D/PowerManagerNotifier(  861): onWakeLockAcquired: flags=1, tag="*launch*", packageName=android, ownerUid=1000, ownerPid=861, workSource=WorkSource{1000}
11-01 11:16:40.893 V/WindowManager(  861): Looking for focus: 15 = Window{6ec17a7 u0 StatusBar}, flags=-2122055608, canReceive=false
11-01 11:16:40.893 V/WindowManager(  861): findFocusedWindow: Found new focus @ 3 = Window{a4f1bd0 u0 com.android.launcher3/com.android.launcher3.Launcher}
11-01 11:16:40.893 I/libPerfService(  861): 1: set: 4
11-01 11:16:40.896 V/WindowManager(  861): Set focused app to: AppWindowToken{af6a749 token=Token{d18a950 ActivityRecord{56ee313 u0 android/com.android.internal.app.ResolverActivity t598}}} old focus=AppWindowToken{27ac207 token=Token{11a046 ActivityRecord{8222421 u0 com.android.launcher3/.Launcher t516}}} moveFocusNow=true
11-01 11:16:40.897 V/WindowManager(  861): Looking for focus: 15 = Window{6ec17a7 u0 StatusBar}, flags=-2122055608, canReceive=false
11-01 11:16:40.897 V/WindowManager(  861): findFocusedWindow: Reached focused app=AppWindowToken{af6a749 token=Token{d18a950 ActivityRecord{56ee313 u0 android/com.android.internal.app.ResolverActivity t598}}}
11-01 11:16:40.899 V/WindowManager(  861): Changing focus from Window{a4f1bd0 u0 com.android.launcher3/com.android.launcher3.Launcher} to null Callers=com.android.server.wm.WindowManagerService.setFocusedApp:4470 com.android.server.am.ActivityManagerService.setFocusedActivityLocked:2824 com.android.server.am.ActivityStackSupervisor.startActivityUncheckedLocked:2815 com.android.server.am.ActivityStackSupervisor.startActivityLocked:1821 
11-01 11:16:40.899 D/WindowManager(  861): Input focus has changed to null
11-01 11:16:40.900 I/WindowManager(  861): Focus moving from Window{a4f1bd0 u0 com.android.launcher3/com.android.launcher3.Launcher} to null
11-01 11:16:40.900 I/WindowManager(  861): Losing focus: Window{a4f1bd0 u0 com.android.launcher3/com.android.launcher3.Launcher}
11-01 11:16:40.902 D/InputReader(  861): InputReader:: getSwitchState lock 
11-01 11:16:40.902 D/InputReader(  861): InputReader::getStateLocked:: return 
11-01 11:16:40.903 I/libPerfService(  861): perfSetFavorPid - pid:28472, 6f38
11-01 11:16:40.907 V/ActivityThread(28472): Handling launch of ActivityRecord{33c52a8 token=android.os.BinderProxy@7ce91c1 {android/com.android.internal.app.ResolverActivity}} startsNotResumed=false
11-01 11:16:40.907 V/ActivityThread(28472): ActivityRecord{33c52a8 token=android.os.BinderProxy@7ce91c1 {android/com.android.internal.app.ResolverActivity}}: app=android.app.Application@4af50bd, appName=android, pkg=android, comp={android/com.android.internal.app.ResolverActivity}, dir=/system/framework/framework-res.apk
11-01 11:16:40.909 D/ActivityManager(  861): Delay resumeKeyDispatchingLocked() to avoid deadlock.
11-01 11:16:40.911 V/ActivityManager(  861): Broadcast: Intent { act=action_hide_recents_activity flg=0x14000010 pkg=com.android.systemui (has extras) } ordered=false userid=-2 callerApp=ProcessRecord{46066e3 1142:com.android.systemui/u0a25}
11-01 11:16:40.911 D/ActivityThread( 5424): ACT-PAUSE_ACTIVITY handled : 1 / android.os.BinderProxy@7efe603
11-01 11:16:40.918 I/BufferQueueProducer(  245): [StatusBar](this:0xb355a800,id:6,api:1,p:1142,c:245) queueBuffer: fps=0.13 dur=7419.59 max=7419.59 min=7419.59
11-01 11:16:40.961 D/MPlugin (28472): createInstance(): Begin = 24974379
11-01 11:16:40.961 D/MPlugin (28472): create Instance (two parameters) with : com.mediatek.common.media.IRCSePriorityExt
11-01 11:16:40.961 D/MPlugin (28472): Clazz exists on mapping table : true
11-01 11:16:40.961 D/MPlugin (28472): create Instance from : com.mediatek.op.media.DefaultRCSePriority
11-01 11:16:40.961 D/MPluginGuard(28472): SystemProperties is 1
11-01 11:16:40.961 D/MPluginGuard(28472): /system/plugin/FwkPlugin/FwkPlugin.apk(com.mediatek.fwk.plugin) exists in the sApkCache with status : Success
11-01 11:16:40.961 D/MPluginGuard(28472): (FwkPlugin.apk) had been checked --> Success
11-01 11:16:40.961 V/MPlugin (28472): Get cached path class loader (/system/plugin/FwkPlugin/FwkPlugin.apk)
11-01 11:16:40.961 D/MPlugin (28472): Init PathClassLoader successfully : dalvik.system.PathClassLoader[DexPathList[[zip file "/system/plugin/FwkPlugin/FwkPlugin.apk"],nativeLibraryDirectories=[/vendor/lib, /system/lib]]]
11-01 11:16:40.962 D/MPlugin (28472): Load class : com.mediatek.op.media.DefaultRCSePriority successfully
11-01 11:16:40.962 D/MPlugin (28472): Create PackageContext successfully : android.app.ContextImpl@a57f154
11-01 11:16:40.962 D/MPlugin (28472): Create constructor with context successfully : public com.mediatek.op.media.DefaultRCSePriority(android.content.Context)
11-01 11:16:40.962 I/DefaultRCSePriority(28472):  Constructor called with argument context
11-01 11:16:40.962 D/MPlugin (28472): createInstance(): End = 24974381
11-01 11:16:40.962 D/ResolverActivity(28472): RCSe Plugin initiated com.mediatek.op.media.DefaultRCSePriority@df188fd
11-01 11:16:40.962 D/ResolverActivity(28472): mRCSePriorityExt to sort the list
11-01 11:16:40.962 I/DefaultRCSePriority(28472): sortTheListForRCSe.
11-01 11:16:40.963 D/PerfServiceManager(  861): [PerfService] MESSAGE_TIMEOUT:103 
11-01 11:16:40.963 I/libPerfService(  861): 3: set freq: 988000
11-01 11:16:40.963 I/libPerfService(  861): 3: set vcore level: 0
11-01 11:16:40.976 E/MultiWindowProxy(28472): getServiceInstance failed!
11-01 11:16:40.993 V/ResolverActivity(28472): LoadIconTask doInBackground Enter:
11-01 11:16:40.994 V/ActivityThread(28472): Performing resume of ActivityRecord{33c52a8 token=android.os.BinderProxy@7ce91c1 {android/com.android.internal.app.ResolverActivity}}
11-01 11:16:40.995 D/ActivityThread(28472): ACT-AM_ON_RESUME_CALLED ActivityRecord{33c52a8 token=android.os.BinderProxy@7ce91c1 {android/com.android.internal.app.ResolverActivity}}
11-01 11:16:40.995 V/ActivityThread(28472): Resume ActivityRecord{33c52a8 token=android.os.BinderProxy@7ce91c1 {android/com.android.internal.app.ResolverActivity}} started activity: false, hideForNow: false, finished: false
11-01 11:16:40.995 V/PhoneWindow(28472): DecorView setVisiblity: visibility = 4 ,Parent =null, this =com.android.internal.policy.PhoneWindow$DecorView{84299f2 I.E...... R.....I. 0,0-0,0}
11-01 11:16:40.996 D/WindowClient(28472): Add to mViews: com.android.internal.policy.PhoneWindow$DecorView{84299f2 I.E...... R.....I. 0,0-0,0}, this = android.view.WindowManagerGlobal@790a1e3
11-01 11:16:40.996 V/ResolverActivity(28472): loadIconForResolveInfo ResolveInfo{13df952 com.rgk.launcher3/com.android.launcher3.Launcher m=0x108000}
11-01 11:16:40.996 V/ResolverActivity(28472): LoadIconTask doInBackground Leave: android.graphics.drawable.BitmapDrawable@c65423
11-01 11:16:40.997 D/ViewRootImpl(28472): disable hardware acceleration by APP!!!, this = ViewRoot{826ad20 android/com.android.internal.app.ResolverActivity,ident = 19}
11-01 11:16:40.999 D/WindowManager(  861): addWindowToListInOrderLocked: win=Window{c9da18b u0 android/com.android.internal.app.ResolverActivity} Callers=com.android.server.wm.WindowManagerService.addWindow:2772 com.android.server.wm.Session.addToDisplay:171 android.view.IWindowSession$Stub.onTransact:124 com.android.server.wm.Session.onTransact:133 
11-01 11:16:41.001 V/ActivityThread(28472): Resuming ActivityRecord{33c52a8 token=android.os.BinderProxy@7ce91c1 {android/com.android.internal.app.ResolverActivity}} with isForward=true
11-01 11:16:41.001 V/PhoneWindow(28472): DecorView setVisiblity: visibility = 0 ,Parent =ViewRoot{826ad20 android/com.android.internal.app.ResolverActivity,ident = 19}, this =com.android.internal.policy.PhoneWindow$DecorView{84299f2 V.E...... R.....I. 0,0-0,0}
11-01 11:16:41.001 V/ActivityThread(28472): Scheduling idle handler for ActivityRecord{33c52a8 token=android.os.BinderProxy@7ce91c1 {android/com.android.internal.app.ResolverActivity}}
11-01 11:16:41.002 D/ActivityThread(28472): ACT-LAUNCH_ACTIVITY handled : 0 / ActivityRecord{33c52a8 token=android.os.BinderProxy@7ce91c1 {android/com.android.internal.app.ResolverActivity}}
11-01 11:16:41.008 V/ResolverActivity(28472): onBindView Ruyi Launcher
11-01 11:16:41.009 V/ResolverActivity(28472): LoadIconTask doInBackground Enter:
11-01 11:16:41.010 V/ResolverActivity(28472): onBindView Launcher3
11-01 11:16:41.012 I/BufferQueue(  245): [unnamed-245-756](this:0xb355b400,id:756,api:0,p:-1,c:-1) BufferQueue core=(245:/system/bin/surfaceflinger)
11-01 11:16:41.012 D/BufferQueueDump(  245): [unnamed-245-756] this:0xb5be17c0, value:0xbebce650, iLen:6
11-01 11:16:41.012 I/BufferQueueConsumer(  245): [unnamed-245-756](this:0xb355b400,id:756,api:0,p:-1,c:245) connect(C): consumer=(245:/system/bin/surfaceflinger) controlledByApp=false
11-01 11:16:41.013 D/BufferQueueDump(  245): [unnamed-245-756] this:0xb5be17c0, value:0xbebce670, iLen:6
11-01 11:16:41.013 I/BufferQueueConsumer(  245): [unnamed-245-756](this:0xb355b400,id:756,api:0,p:-1,c:245) setConsumerName: unnamed-245-756
11-01 11:16:41.013 D/BufferQueueDump(  245): [android/com.android.internal.app.ResolverActivity] this:0xb5be17c0, value:0xbebce6c8, iLen:6
11-01 11:16:41.013 I/BufferQueueConsumer(  245): [android/com.android.internal.app.ResolverActivity](this:0xb355b400,id:756,api:0,p:-1,c:245) setConsumerName: android/com.android.internal.app.ResolverActivity
11-01 11:16:41.013 I/BufferQueueConsumer(  245): [android/com.android.internal.app.ResolverActivity](this:0xb355b400,id:756,api:0,p:-1,c:245) setDefaultBufferSize: width=1 height=1
11-01 11:16:41.014 V/WindowManager(  861): Looking for focus: 16 = Window{6ec17a7 u0 StatusBar}, flags=-2122055608, canReceive=false
11-01 11:16:41.014 V/WindowManager(  861): findFocusedWindow: Found new focus @ 12 = Window{c9da18b u0 android/com.android.internal.app.ResolverActivity}
11-01 11:16:41.015 V/WindowManager(  861): Changing focus from null to Window{c9da18b u0 android/com.android.internal.app.ResolverActivity} Callers=com.android.server.wm.WindowManagerService.relayoutWindow:3589 com.android.server.wm.Session.relayout:201 android.view.IWindowSession$Stub.onTransact:284 com.android.server.wm.Session.onTransact:133 
11-01 11:16:41.015 D/WindowManager(  861): Input focus has changed to Window{c9da18b u0 android/com.android.internal.app.ResolverActivity}
11-01 11:16:41.015 V/ResolverActivity(28472): loadIconForResolveInfo ResolveInfo{f890038 com.yaoo.qlauncher/.setupwizard.WelcomeActivity m=0x108000}
11-01 11:16:41.016 V/ResolverActivity(28472): LoadIconTask doInBackground Leave: android.graphics.drawable.BitmapDrawable@eb65811
11-01 11:16:41.016 V/ResolverActivity(28472): LoadIconTask doInBackground Enter:
11-01 11:16:41.019 I/BufferQueueConsumer(  245): [android/com.android.internal.app.ResolverActivity](this:0xb355b400,id:756,api:0,p:-1,c:245) setDefaultBufferSize: width=720 height=1136
11-01 11:16:41.021 D/PhoneStatusBar( 1142): setSystemUiVisibility vis=8000 mask=ffffffff oldVal=8600 newVal=8000 diff=600
11-01 11:16:41.021 V/ResolverActivity(28472): loadIconForResolveInfo ResolveInfo{a626f77 com.android.launcher3/.Launcher m=0x108000}
11-01 11:16:41.021 V/ResolverActivity(28472): LoadIconTask doInBackground Leave: android.graphics.drawable.BitmapDrawable@6e9e7e4
11-01 11:16:41.021 D/PhoneStatusBar( 1142): hiding the MENU button
11-01 11:16:41.027 I/WindowManager(  861): Focus moving from null to Window{c9da18b u0 android/com.android.internal.app.ResolverActivity}
11-01 11:16:41.028 I/WindowManager(  861): Gaining focus: Window{c9da18b u0 android/com.android.internal.app.ResolverActivity}
11-01 11:16:41.029 V/ResolverActivity(28472): onBindView Ruyi Launcher
11-01 11:16:41.030 V/ResolverActivity(28472): LoadIconTask doInBackground Enter:
11-01 11:16:41.030 V/ResolverActivity(28472): onBindView Launcher3
11-01 11:16:41.032 V/ResolverActivity(28472): onBindView Ruyi Launcher
11-01 11:16:41.032 V/ResolverActivity(28472): loadIconForResolveInfo ResolveInfo{f890038 com.yaoo.qlauncher/.setupwizard.WelcomeActivity m=0x108000}
11-01 11:16:41.032 V/ResolverActivity(28472): LoadIconTask doInBackground Leave: android.graphics.drawable.BitmapDrawable@497644d
11-01 11:16:41.032 V/ResolverActivity(28472): LoadIconTask doInBackground Enter:
11-01 11:16:41.034 V/ResolverActivity(28472): loadIconForResolveInfo ResolveInfo{a626f77 com.android.launcher3/.Launcher m=0x108000}
11-01 11:16:41.034 V/ResolverActivity(28472): LoadIconTask doInBackground Leave: android.graphics.drawable.BitmapDrawable@d4f9e50
11-01 11:16:41.035 V/ResolverActivity(28472): LoadIconTask doInBackground Enter:
11-01 11:16:41.036 V/ResolverActivity(28472): onBindView Launcher3
11-01 11:16:41.037 V/ResolverActivity(28472): loadIconForResolveInfo ResolveInfo{f890038 com.yaoo.qlauncher/.setupwizard.WelcomeActivity m=0x108000}
11-01 11:16:41.037 V/ResolverActivity(28472): LoadIconTask doInBackground Leave: android.graphics.drawable.BitmapDrawable@e184f7c
11-01 11:16:41.037 V/ResolverActivity(28472): LoadIconTask doInBackground Enter:
11-01 11:16:41.040 V/ResolverActivity(28472): loadIconForResolveInfo ResolveInfo{a626f77 com.android.launcher3/.Launcher m=0x108000}
11-01 11:16:41.040 V/ResolverActivity(28472): LoadIconTask doInBackground Leave: android.graphics.drawable.BitmapDrawable@a58e768
11-01 11:16:41.042 V/ResolverActivity(28472): onBindView Ruyi Launcher
11-01 11:16:41.044 V/ResolverActivity(28472): onBindView Launcher3
11-01 11:16:41.045 V/ResolverActivity(28472): LoadIconTask doInBackground Enter:
11-01 11:16:41.046 V/ResolverActivity(28472): onBindView Ruyi Launcher
11-01 11:16:41.047 V/ResolverActivity(28472): loadIconForResolveInfo ResolveInfo{a626f77 com.android.launcher3/.Launcher m=0x108000}
11-01 11:16:41.047 V/ResolverActivity(28472): onBindView Launcher3
11-01 11:16:41.047 V/ResolverActivity(28472): LoadIconTask doInBackground Leave: android.graphics.drawable.BitmapDrawable@f982467
11-01 11:16:41.047 V/ResolverActivity(28472): LoadIconTask doInBackground Enter:
11-01 11:16:41.048 D/Surface (28472): Surface::connect(this=0xaf486600,api=2)
11-01 11:16:41.048 I/BufferQueueProducer(  245): [android/com.android.internal.app.ResolverActivity](this:0xb355b400,id:756,api:2,p:28472,c:245) connect(P): api=2 producer=(28472:system:ui) producerControlledByApp=true
11-01 11:16:41.049 I/BufferQueueProducer(  245): [android/com.android.internal.app.ResolverActivity](this:0xb355b400,id:756,api:2,p:28472,c:245) new GraphicBuffer needed
11-01 11:16:41.050 I/[MALI][Gralloc](  245): [+]hnd(0xb5be1540), client(27), share_fd(39), hnd->flags:4
11-01 11:16:41.050 D/GraphicBuffer(  245): alloc, handle(0xb5be1540) (w:720 h:1136 s:720 f:0x1 u:0x000933) err(0)
11-01 11:16:41.051 V/ResolverActivity(28472): loadIconForResolveInfo ResolveInfo{a626f77 com.android.launcher3/.Launcher m=0x108000}
11-01 11:16:41.052 V/ResolverActivity(28472): LoadIconTask doInBackground Leave: android.graphics.drawable.BitmapDrawable@d891214
11-01 11:16:41.053 I/[MALI][Gralloc](28472): [+]r_hnd(0xb46feca0), client(24), share_fd(25)
11-01 11:16:41.053 D/GraphicBuffer(28472): register, handle(0xb46feca0) (w:720 h:1136 s:720 f:0x1 u:0x000933)
11-01 11:16:41.068 V/InputMethodManager(28472): onWindowFocus: android.widget.ListView{e364508 VFED.VCL. .F....ID 0,848-720,1184 #1020316 android:id/resolver_list} softInputMode=272 first=true flags=#800002
11-01 11:16:41.068 V/InputMethodManager(28472): START INPUT: android.widget.ListView{e364508 VFED.VCL. .F....ID 0,848-720,1184 #1020316 android:id/resolver_list} ic=null tba=android.view.inputmethod.EditorInfo@656fabd controlFlags=#105
11-01 11:16:41.069 V/InputMethodManagerService(  861): windowGainedFocus: android.os.BinderProxy@4c3effc controlFlags=#105 softInputMode=#110 windowFlags=#800002
11-01 11:16:41.072 V/WindowManager(  861): Looking for focus: 16 = Window{6ec17a7 u0 StatusBar}, flags=-2122055608, canReceive=false
11-01 11:16:41.072 V/WindowManager(  861): findFocusedWindow: Found new focus @ 12 = Window{c9da18b u0 android/com.android.internal.app.ResolverActivity}
11-01 11:16:41.073 I/System  (  861): FinalizerDaemon: finalize objects = 685
11-01 11:16:41.075 D/OpenGLRenderer(  861): ~CanvasContext() 0x9f4d0000
11-01 11:16:41.075 D/WindowManager(  861): notifyActivityDrawnForKeyguard: waiting=false Callers=com.android.server.wm.WindowManagerService.handleAppTransitionReadyLocked:10098 com.android.server.wm.WindowManagerService.performLayoutAndPlaceSurfacesLockedInner:10718 com.android.server.wm.WindowManagerService.performLayoutAndPlaceSurfacesLockedLoop:9462 com.android.server.wm.WindowManagerService.performLayoutAndPlaceSurfacesLocked:9409 com.android.server.wm.WindowManagerService.-wrap8:-1 
11-01 11:16:41.078 D/PhoneStatusBar( 1142): setSystemUiVisibility vis=0 mask=ffffffff oldVal=8000 newVal=0 diff=8000
11-01 11:16:41.079 D/PhoneStatusBar( 1142): hiding the MENU button
11-01 11:16:41.083 I/ActivityManager(  861): [AppLaunch] Displayed Displayed android/com.android.internal.app.ResolverActivity: +182ms
11-01 11:16:41.083 D/ActivityManager(  861): AP_PROF:AppLaunch_LaunchTime:android/com.android.internal.app.ResolverActivity:182:24974502
11-01 11:16:41.091 V/ResolverActivity(28472): onBindView Ruyi Launcher
11-01 11:16:41.092 V/ResolverActivity(28472): onBindView Launcher3
11-01 11:16:41.094 V/ResolverActivity(28472): onBindView Ruyi Launcher
11-01 11:16:41.094 V/ResolverActivity(28472): onBindView Launcher3
11-01 11:16:41.096 I/BufferQueueProducer(  245): [android/com.android.internal.app.ResolverActivity](this:0xb355b400,id:756,api:2,p:28472,c:245) new GraphicBuffer needed
11-01 11:16:41.099 I/[MALI][Gralloc](  245): [+]hnd(0xb5be2120), client(27), share_fd(34), hnd->flags:4
11-01 11:16:41.099 D/GraphicBuffer(  245): alloc, handle(0xb5be2120) (w:720 h:1136 s:720 f:0x1 u:0x000933) err(0)
11-01 11:16:41.101 I/[MALI][Gralloc](28472): [+]r_hnd(0xb46fefc0), client(24), share_fd(27)
11-01 11:16:41.101 D/GraphicBuffer(28472): register, handle(0xb46fefc0) (w:720 h:1136 s:720 f:0x1 u:0x000933)
11-01 11:16:41.120 D/PowerManagerService(  861): releaseWakeLockInternal: lock=84161013 [*launch*], flags=0x0, total_time=230ms
11-01 11:16:41.120 D/PowerManagerNotifier(  861): onWakeLockReleased: flags=1, tag="*launch*", packageName=android, ownerUid=1000, ownerPid=861, workSource=WorkSource{1000}
11-01 11:16:41.120 D/PowerManagerService(  861): updateWakeLockSummaryLocked: mWakefulness=Awake, mWakeLockSummary=0x0
11-01 11:16:41.120 D/PowerManagerService(  861): updateUserActivitySummaryLocked: mWakefulness=Awake, mUserActivitySummary=0x9, nextTimeout=24977195 (in 2656 ms)
11-01 11:16:41.121 D/DisplayPowerController(  861): requestPowerState: policy=BRIGHT, useProximitySensor=false, screenBrightness=137, screenAutoBrightnessAdjustment=0.0, brightnessSetByUser=true, useAutoBrightness=false, blockScreenOn=false, lowPowerMode=false, boostScreenBrightness=false, dozeScreenBrightness=-1, dozeScreenState=UNKNOWN, waitForNegativeProximity=false
11-01 11:16:41.121 I/PowerManagerService(  861): setBrightness mButtonLight, screenBrightness=137
11-01 11:16:41.121 D/PowerManagerService(  861): updateDisplayPowerStateLocked: mDisplayReady=true, policy=3, mWakefulness=1, mWakeLockSummary=0x0, mUserActivitySummary=0x9, mBootCompleted=true, mScreenBrightnessBoostInProgress=false
11-01 11:16:41.122 D/PowerManagerService(  861): Releasing suspend blocker "PowerManagerService.WakeLocks".
11-01 11:16:41.127 I/BufferQueueProducer(  245): [FrameBufferSurface_0](this:0xb3556000,id:0,api:1,p:245,c:245) queueBuffer: fps=2.41 dur=5821.00 max=5561.80 min=10.98
11-01 11:16:41.525 D/SettingsInterface( 1420):  from settings cache , name = pdp_watchdog_poll_interval_ms , value = null
11-01 11:16:41.701 D/PerfServiceManager(  861): [PerfService] MESSAGE_TIMEOUT:105 
11-01 11:16:41.701 I/libPerfService(  861): 5: set freq: 988000
11-01 11:16:41.701 I/libPerfService(  861): 5: set vcore level: 0
11-01 11:16:41.702 D/PerfServiceManager(  861): [PerfService] set utilization:0.8 
11-01 11:16:41.729 I/PerfService( 1844): PerfServiceNative_getPackName
11-01 11:16:41.729 I/libPerfService(  861): perfGetLastBoostPid 28472
11-01 11:16:41.729 D/PerfServiceManager(  861): [PerfService] getLastBoostPid 28472 
11-01 11:16:41.729 I/libPerfService(  861): perfGetLastBoostPid 28472
11-01 11:16:41.730 D/GasService( 1844): FG app changed: from com.android.launcher3 to 
11-01 11:16:41.720 W/GpuAppSpectator( 1848): type=1400 audit(0.0:1371): avc: denied { search } for name="28472" dev="proc" ino=166302 scontext=u:r:gas_srv:s0 tcontext=u:r:system_app:s0 tclass=dir permissive=0
11-01 11:16:41.789 D/ActivityManager(  861): ACT-IDLE_NOW_MSG from windowsVisible() for idle: ActivityRecord{56ee313 u0 android/com.android.internal.app.ResolverActivity t598}
11-01 11:16:41.789 I/libPerfService(  861): 1: set: 1
11-01 11:16:41.790 I/libPerfService(  861): 1: set freq: 0
11-01 11:16:41.790 I/libPerfService(  861): 1: set vcore level: 0
11-01 11:16:41.790 V/WindowManager(  861): Looking for focus: 16 = Window{6ec17a7 u0 StatusBar}, flags=-2122055608, canReceive=false
11-01 11:16:41.791 V/ActivityThread( 5424): Finishing stop of ActivityRecord{86d26b2 token=android.os.BinderProxy@7efe603 {com.android.launcher3/com.android.launcher3.Launcher}}: show=true win=com.android.internal.policy.PhoneWindow@8c55eb6
11-01 11:16:41.791 D/ActivityThread( 5424): ACT-STOP_ACTIVITY_SHOW handled : 0 / android.os.BinderProxy@7efe603
11-01 11:16:41.793 V/WindowManager(  861): findFocusedWindow: Found new focus @ 12 = Window{c9da18b u0 android/com.android.internal.app.ResolverActivity}
11-01 11:16:42.082 I/thermal_repeater(  283): oh, queryMdThermalInfo (0)No such file or directory
11-01 11:16:42.101 I/thermal_repeater(  283): [recvMdThermalInfo] ret=27, strLen=127,  3, 21, -127, -1, 32767, 18
11-01 11:16:42.318 D/InputReader(  861): AP_PROF:AppLaunch_dispatchPtr:Down:24975736, ID:0, Index:-1462335600
11-01 11:16:42.319 I/PerfService(  861): PerfServiceNative_boostEnableAsync:3
11-01 11:16:42.321 D/PowerManagerService(  861): userActivityFromNative
11-01 11:16:42.321 I/libPerfService(  861): 3: set freq: 819000
11-01 11:16:42.321 D/PowerManagerService(  861): userActivityNoUpdateLocked: eventTime=24975736, event=2, flags=0x0, uid=1000
11-01 11:16:42.321 D/PowerManagerNotifier(  861): onUserActivity: event=2, uid=1000
11-01 11:16:42.321 I/libPerfService(  861): 3: set: 3
11-01 11:16:42.321 D/PowerManagerService(  861): updateUserActivitySummaryLocked: mWakefulness=Awake, mUserActivitySummary=0x9, nextTimeout=24977195 (in 1455 ms)
11-01 11:16:42.321 D/DisplayPowerController(  861): requestPowerState: policy=BRIGHT, useProximitySensor=false, screenBrightness=137, screenAutoBrightnessAdjustment=0.0, brightnessSetByUser=true, useAutoBrightness=false, blockScreenOn=false, lowPowerMode=false, boostScreenBrightness=false, dozeScreenBrightness=-1, dozeScreenState=UNKNOWN, waitForNegativeProximity=false
11-01 11:16:42.321 I/PowerManagerService(  861): setBrightness mButtonLight, screenBrightness=137
11-01 11:16:42.321 D/PowerManagerService(  861): updateDisplayPowerStateLocked: mDisplayReady=true, policy=3, mWakefulness=1, mWakeLockSummary=0x0, mUserActivitySummary=0x9, mBootCompleted=true, mScreenBrightnessBoostInProgress=false
11-01 11:16:42.396 D/InputReader(  861): AP_PROF:AppLaunch_dispatchPtr:Up:24975815, ID:0, Index:-1462332208
11-01 11:16:42.396 I/PerfService(  861): PerfServiceNative_boostEnableTimeoutMsAsync:3, 100
11-01 11:16:42.397 V/WindowManager(  861): Set focused app to: AppWindowToken{af6a749 token=Token{d18a950 ActivityRecord{56ee313 u0 android/com.android.internal.app.ResolverActivity t598}}} old focus=AppWindowToken{af6a749 token=Token{d18a950 ActivityRecord{56ee313 u0 android/com.android.internal.app.ResolverActivity t598}}} moveFocusNow=false
11-01 11:16:42.406 I/BufferQueueProducer(  245): [android/com.android.internal.app.ResolverActivity](this:0xb355b400,id:756,api:2,p:28472,c:245) queueBuffer: fps=1.49 dur=1340.63 max=1290.26 min=50.37
11-01 11:16:42.407 D/SettingsInterface(28472):  from settings cache , name = sound_effects_enabled , value = 0
11-01 11:16:42.408 I/PackageManager(  861): Adding preferred activity com.rgk.launcher3/com.android.launcher3.Launcher for user 0:
11-01 11:16:42.408 I/PackageManager(  861):   Action: "android.intent.action.MAIN"
11-01 11:16:42.408 I/PackageManager(  861):   Category: "android.intent.category.HOME"
11-01 11:16:42.409 I/PackageManager(  861):   Category: "android.intent.category.DEFAULT"
11-01 11:16:42.409 I/PackageManager(  861):   AutoVerify=false
11-01 11:16:42.410 I/ActivityManager(  861): START u0 {act=android.intent.action.MAIN cat=[android.intent.category.HOME] flg=0x13200000 cmp=com.rgk.launcher3/com.android.launcher3.Launcher (has extras)} from uid 1000 from pid -1 on display 0
11-01 11:16:42.411 V/WindowManager(  861): Looking for focus: 16 = Window{6ec17a7 u0 StatusBar}, flags=-2122055608, canReceive=false
11-01 11:16:42.411 V/WindowManager(  861): findFocusedWindow: Found new focus @ 12 = Window{a4f1bd0 u0 com.android.launcher3/com.android.launcher3.Launcher}
