adb server is out of date.  killing...
* daemon started successfully *
--------- beginning of system
11-01 11:16:23.580 V/WindowManager(  861): findFocusedWindow: Found new focus @ 11 = Window{a4f1bd0 u0 com.android.launcher3/com.android.launcher3.Launcher}
11-01 11:16:23.919 D/PowerManagerService(  861): userActivityFromNative
11-01 11:16:23.919 D/PowerManagerService(  861): userActivityNoUpdateLocked: eventTime=24957336, event=2, flags=0x0, uid=1000
11-01 11:16:23.919 D/PowerManagerNotifier(  861): onUserActivity: event=2, uid=1000
11-01 11:16:23.919 D/PowerManagerService(  861): updateUserActivitySummaryLocked: mWakefulness=Awake, mUserActivitySummary=0x9, nextTimeout=24959253 (in 1915 ms)
11-01 11:16:23.919 D/DisplayPowerController(  861): requestPowerState: policy=BRIGHT, useProximitySensor=false, screenBrightness=137, screenAutoBrightnessAdjustment=0.0, brightnessSetByUser=true, useAutoBrightness=false, blockScreenOn=false, lowPowerMode=false, boostScreenBrightness=false, dozeScreenBrightness=-1, dozeScreenState=UNKNOWN, waitForNegativeProximity=false
11-01 11:16:23.919 I/PowerManagerService(  861): setBrightness mButtonLight, screenBrightness=137
11-01 11:16:23.919 D/PowerManagerService(  861): updateDisplayPowerStateLocked: mDisplayReady=true, policy=3, mWakefulness=1, mWakeLockSummary=0x0, mUserActivitySummary=0x9, mBootCompleted=true, mScreenBrightnessBoostInProgress=false
11-01 11:16:23.921 V/SettingsProvider(  861): packageValueForCallResult, name = haptic_feedback_enabled, value : 1
11-01 11:16:23.922 D/PowerManagerService(  861): acquireWakeLockInternal: lock=193020506, flags=0x1, tag="*vibrator*", ws=WorkSource{1000}, uid=1000, pid=861
11-01 11:16:23.922 D/PowerManagerService(  861): updateWakeLockSummaryLocked: mWakefulness=Awake, mWakeLockSummary=0x1
11-01 11:16:23.922 D/PowerManagerService(  861): updateUserActivitySummaryLocked: mWakefulness=Awake, mUserActivitySummary=0x9, nextTimeout=24959253 (in 1912 ms)
11-01 11:16:23.922 D/DisplayPowerController(  861): requestPowerState: policy=BRIGHT, useProximitySensor=false, screenBrightness=137, screenAutoBrightnessAdjustment=0.0, brightnessSetByUser=true, useAutoBrightness=false, blockScreenOn=false, lowPowerMode=false, boostScreenBrightness=false, dozeScreenBrightness=-1, dozeScreenState=UNKNOWN, waitForNegativeProximity=false
11-01 11:16:23.922 I/PowerManagerService(  861): setBrightness mButtonLight, screenBrightness=137
11-01 11:16:23.922 D/PowerManagerService(  861): updateDisplayPowerStateLocked: mDisplayReady=true, policy=3, mWakefulness=1, mWakeLockSummary=0x1, mUserActivitySummary=0x9, mBootCompleted=true, mScreenBrightnessBoostInProgress=false
11-01 11:16:23.922 D/PowerManagerService(  861): Acquiring suspend blocker "PowerManagerService.WakeLocks".
11-01 11:16:23.922 D/PowerManagerNotifier(  861): onWakeLockAcquired: flags=1, tag="*vibrator*", packageName=android, ownerUid=1000, ownerPid=861, workSource=WorkSource{1000}
11-01 11:16:23.923 D/PowerManagerService(  861): userActivityFromNative
11-01 11:16:23.923 D/PowerManagerService(  861): userActivityNoUpdateLocked: eventTime=24957338, event=1, flags=0x0, uid=1000
11-01 11:16:23.923 D/PowerManagerNotifier(  861): onUserActivity: event=1, uid=1000
11-01 11:16:23.923 D/PowerManagerService(  861): updateUserActivitySummaryLocked: mWakefulness=Awake, mUserActivitySummary=0x9, nextTimeout=24960338 (in 2996 ms)
11-01 11:16:23.924 D/DisplayPowerController(  861): requestPowerState: policy=BRIGHT, useProximitySensor=false, screenBrightness=137, screenAutoBrightnessAdjustment=0.0, brightnessSetByUser=true, useAutoBrightness=false, blockScreenOn=false, lowPowerMode=false, boostScreenBrightness=false, dozeScreenBrightness=-1, dozeScreenState=UNKNOWN, waitForNegativeProximity=false
11-01 11:16:23.924 I/PowerManagerService(  861): setBrightness mButtonLight, screenBrightness=137
11-01 11:16:23.924 D/PowerManagerService(  861): updateDisplayPowerStateLocked: mDisplayReady=true, policy=3, mWakefulness=1, mWakeLockSummary=0x1, mUserActivitySummary=0x9, mBootCompleted=true, mScreenBrightnessBoostInProgress=false
11-01 11:16:23.984 D/PowerManagerService(  861): releaseWakeLockInternal: lock=193020506 [*vibrator*], flags=0x0, total_time=63ms
11-01 11:16:23.985 D/PowerManagerNotifier(  861): onWakeLockReleased: flags=1, tag="*vibrator*", packageName=android, ownerUid=1000, ownerPid=861, workSource=WorkSource{1000}
11-01 11:16:23.985 D/PowerManagerService(  861): updateWakeLockSummaryLocked: mWakefulness=Awake, mWakeLockSummary=0x0
11-01 11:16:23.985 D/PowerManagerService(  861): updateUserActivitySummaryLocked: mWakefulness=Awake, mUserActivitySummary=0x9, nextTimeout=24960338 (in 2934 ms)
11-01 11:16:23.985 D/DisplayPowerController(  861): requestPowerState: policy=BRIGHT, useProximitySensor=false, screenBrightness=137, screenAutoBrightnessAdjustment=0.0, brightnessSetByUser=true, useAutoBrightness=false, blockScreenOn=false, lowPowerMode=false, boostScreenBrightness=false, dozeScreenBrightness=-1, dozeScreenState=UNKNOWN, waitForNegativeProximity=false
11-01 11:16:23.985 I/PowerManagerService(  861): setBrightness mButtonLight, screenBrightness=137
11-01 11:16:23.985 D/PowerManagerService(  861): updateDisplayPowerStateLocked: mDisplayReady=true, policy=3, mWakefulness=1, mWakeLockSummary=0x0, mUserActivitySummary=0x9, mBootCompleted=true, mScreenBrightnessBoostInProgress=false
11-01 11:16:23.985 D/PowerManagerService(  861): Releasing suspend blocker "PowerManagerService.WakeLocks".
11-01 11:16:24.055 D/PowerManagerService(  861): userActivityNoUpdateLocked: eventTime=24957474, event=0, flags=0x0, uid=1000
11-01 11:16:24.055 D/PowerManagerNotifier(  861): onUserActivity: event=0, uid=1000
11-01 11:16:24.055 D/PowerManagerService(  861): updateUserActivitySummaryLocked: mWakefulness=Awake, mUserActivitySummary=0x9, nextTimeout=24960338 (in 2864 ms)
11-01 11:16:24.055 D/DisplayPowerController(  861): requestPowerState: policy=BRIGHT, useProximitySensor=false, screenBrightness=137, screenAutoBrightnessAdjustment=0.0, brightnessSetByUser=true, useAutoBrightness=false, blockScreenOn=false, lowPowerMode=false, boostScreenBrightness=false, dozeScreenBrightness=-1, dozeScreenState=UNKNOWN, waitForNegativeProximity=false
11-01 11:16:24.056 I/PowerManagerService(  861): setBrightness mButtonLight, screenBrightness=137
11-01 11:16:24.056 D/PowerManagerService(  861): updateDisplayPowerStateLocked: mDisplayReady=true, policy=3, mWakefulness=1, mWakeLockSummary=0x0, mUserActivitySummary=0x9, mBootCompleted=true, mScreenBrightnessBoostInProgress=false
11-01 11:16:24.066 V/ActivityManager(  861): Broadcast: Intent { act=android.intent.action.CLOSE_SYSTEM_DIALOGS flg=0x50000010 (has extras) } ordered=false userid=-1 callerApp=null
11-01 11:16:24.069 D/PowerManagerService(  861): userActivityNoUpdateLocked: eventTime=24957488, event=0, flags=0x0, uid=1000
11-01 11:16:24.069 D/PowerManagerNotifier(  861): onUserActivity: event=0, uid=1000
11-01 11:16:24.069 D/PowerManagerService(  861): updateUserActivitySummaryLocked: mWakefulness=Awake, mUserActivitySummary=0x9, nextTimeout=24960338 (in 2850 ms)
11-01 11:16:24.069 D/DisplayPowerController(  861): requestPowerState: policy=BRIGHT, useProximitySensor=false, screenBrightness=137, screenAutoBrightnessAdjustment=0.0, brightnessSetByUser=true, useAutoBrightness=false, blockScreenOn=false, lowPowerMode=false, boostScreenBrightness=false, dozeScreenBrightness=-1, dozeScreenState=UNKNOWN, waitForNegativeProximity=false
11-01 11:16:24.070 I/PowerManagerService(  861): setBrightness mButtonLight, screenBrightness=137
11-01 11:16:24.070 D/PowerManagerService(  861): updateDisplayPowerStateLocked: mDisplayReady=true, policy=3, mWakefulness=1, mWakeLockSummary=0x0, mUserActivitySummary=0x9, mBootCompleted=true, mScreenBrightnessBoostInProgress=false
11-01 11:16:24.070 V/SettingsProvider(  861): packageValueForCallResult, name = user_setup_complete, value : 1
11-01 11:16:24.071 I/ActivityManager(  861): START u0 {act=android.intent.action.MAIN cat=[android.intent.category.HOME] flg=0x10200000 cmp=android/com.android.internal.app.ResolverActivity (has extras)} from uid 1000 from pid 861 on display 0
11-01 11:16:24.072 V/WindowManager(  861): Looking for focus: 19 = Window{6ec17a7 u0 StatusBar}, flags=-2122055608, canReceive=false
11-01 11:16:24.072 V/WindowManager(  861): findFocusedWindow: Found new focus @ 3 = Window{a4f1bd0 u0 com.android.launcher3/com.android.launcher3.Launcher}
11-01 11:16:24.080 D/PowerManagerService(  861): acquireWakeLockInternal: lock=84161013, flags=0x1, tag="*launch*", ws=WorkSource{1000}, uid=1000, pid=861
11-01 11:16:24.080 D/PowerManagerService(  861): updateWakeLockSummaryLocked: mWakefulness=Awake, mWakeLockSummary=0x1
11-01 11:16:24.080 D/PowerManagerService(  861): updateUserActivitySummaryLocked: mWakefulness=Awake, mUserActivitySummary=0x9, nextTimeout=24960338 (in 2839 ms)
11-01 11:16:24.080 D/DisplayPowerController(  861): requestPowerState: policy=BRIGHT, useProximitySensor=false, screenBrightness=137, screenAutoBrightnessAdjustment=0.0, brightnessSetByUser=true, useAutoBrightness=false, blockScreenOn=false, lowPowerMode=false, boostScreenBrightness=false, dozeScreenBrightness=-1, dozeScreenState=UNKNOWN, waitForNegativeProximity=false
11-01 11:16:24.080 I/PowerManagerService(  861): setBrightness mButtonLight, screenBrightness=137
11-01 11:16:24.080 D/PowerManagerService(  861): updateDisplayPowerStateLocked: mDisplayReady=true, policy=3, mWakefulness=1, mWakeLockSummary=0x1, mUserActivitySummary=0x9, mBootCompleted=true, mScreenBrightnessBoostInProgress=false
11-01 11:16:24.080 D/PowerManagerService(  861): Acquiring suspend blocker "PowerManagerService.WakeLocks".
11-01 11:16:24.080 D/PowerManagerNotifier(  861): onWakeLockAcquired: flags=1, tag="*launch*", packageName=android, ownerUid=1000, ownerPid=861, workSource=WorkSource{1000}
11-01 11:16:24.082 D/ActivityThread( 5424): ACT-AM_ON_PAUSE_CALLED ActivityRecord{86d26b2 token=android.os.BinderProxy@7efe603 {com.android.launcher3/com.android.launcher3.Launcher}}
11-01 11:16:24.082 V/WindowManager(  861): Looking for focus: 19 = Window{6ec17a7 u0 StatusBar}, flags=-2122055608, canReceive=false
11-01 11:16:24.083 V/WindowManager(  861): findFocusedWindow: Found new focus @ 3 = Window{a4f1bd0 u0 com.android.launcher3/com.android.launcher3.Launcher}
11-01 11:16:24.087 V/WindowManager(  861): Set focused app to: AppWindowToken{9181ba3 token=Token{7242ed2 ActivityRecord{67ae55d u0 android/com.android.internal.app.ResolverActivity t596}}} old focus=AppWindowToken{27ac207 token=Token{11a046 ActivityRecord{8222421 u0 com.android.launcher3/.Launcher t516}}} moveFocusNow=true
11-01 11:16:24.091 V/WindowManager(  861): Looking for focus: 19 = Window{6ec17a7 u0 StatusBar}, flags=-2122055608, canReceive=false
11-01 11:16:24.091 V/WindowManager(  861): findFocusedWindow: Reached focused app=AppWindowToken{9181ba3 token=Token{7242ed2 ActivityRecord{67ae55d u0 android/com.android.internal.app.ResolverActivity t596}}}
11-01 11:16:24.095 V/WindowManager(  861): Changing focus from Window{a4f1bd0 u0 com.android.launcher3/com.android.launcher3.Launcher} to null Callers=com.android.server.wm.WindowManagerService.setFocusedApp:4470 com.android.server.am.ActivityManagerService.setFocusedActivityLocked:2824 com.android.server.am.ActivityStackSupervisor.startActivityUncheckedLocked:2815 com.android.server.am.ActivityStackSupervisor.startActivityLocked:1821 
11-01 11:16:24.095 D/WindowManager(  861): Input focus has changed to null
11-01 11:16:24.096 I/WindowManager(  861): Focus moving from Window{a4f1bd0 u0 com.android.launcher3/com.android.launcher3.Launcher} to null
11-01 11:16:24.096 I/WindowManager(  861): Losing focus: Window{a4f1bd0 u0 com.android.launcher3/com.android.launcher3.Launcher}
11-01 11:16:24.101 V/ActivityThread(28472): Handling launch of ActivityRecord{72ee51b token=android.os.BinderProxy@6a7f6b8 {android/com.android.internal.app.ResolverActivity}} startsNotResumed=false
11-01 11:16:24.101 V/ActivityThread(28472): ActivityRecord{72ee51b token=android.os.BinderProxy@6a7f6b8 {android/com.android.internal.app.ResolverActivity}}: app=android.app.Application@4af50bd, appName=android, pkg=android, comp={android/com.android.internal.app.ResolverActivity}, dir=/system/framework/framework-res.apk
11-01 11:16:24.103 D/ActivityManager(  861): Delay resumeKeyDispatchingLocked() to avoid deadlock.
11-01 11:16:24.104 D/ActivityThread( 5424): ACT-PAUSE_ACTIVITY handled : 1 / android.os.BinderProxy@7efe603
11-01 11:16:24.110 V/ActivityManager(  861): Broadcast: Intent { act=action_hide_recents_activity flg=0x14000010 pkg=com.android.systemui (has extras) } ordered=false userid=-2 callerApp=ProcessRecord{46066e3 1142:com.android.systemui/u0a25}
11-01 11:16:24.160 I/DefaultRCSePriority(28472):  Constructor called with argument context
11-01 11:16:24.161 I/DefaultRCSePriority(28472): sortTheListForRCSe.
11-01 11:16:24.193 V/ActivityThread(28472): Performing resume of ActivityRecord{72ee51b token=android.os.BinderProxy@6a7f6b8 {android/com.android.internal.app.ResolverActivity}}
11-01 11:16:24.193 D/ActivityThread(28472): ACT-AM_ON_RESUME_CALLED ActivityRecord{72ee51b token=android.os.BinderProxy@6a7f6b8 {android/com.android.internal.app.ResolverActivity}}
11-01 11:16:24.193 V/ActivityThread(28472): Resume ActivityRecord{72ee51b token=android.os.BinderProxy@6a7f6b8 {android/com.android.internal.app.ResolverActivity}} started activity: false, hideForNow: false, finished: false
11-01 11:16:24.197 D/WindowManager(  861): addWindowToListInOrderLocked: win=Window{50a6315 u0 android/com.android.internal.app.ResolverActivity} Callers=com.android.server.wm.WindowManagerService.addWindow:2772 com.android.server.wm.Session.addToDisplay:171 android.view.IWindowSession$Stub.onTransact:124 com.android.server.wm.Session.onTransact:133 
11-01 11:16:24.198 V/ActivityThread(28472): Resuming ActivityRecord{72ee51b token=android.os.BinderProxy@6a7f6b8 {android/com.android.internal.app.ResolverActivity}} with isForward=true
11-01 11:16:24.199 V/ActivityThread(28472): Scheduling idle handler for ActivityRecord{72ee51b token=android.os.BinderProxy@6a7f6b8 {android/com.android.internal.app.ResolverActivity}}
11-01 11:16:24.200 D/ActivityThread(28472): ACT-LAUNCH_ACTIVITY handled : 0 / ActivityRecord{72ee51b token=android.os.BinderProxy@6a7f6b8 {android/com.android.internal.app.ResolverActivity}}
11-01 11:16:24.212 V/WindowManager(  861): Looking for focus: 20 = Window{6ec17a7 u0 StatusBar}, flags=-2122055608, canReceive=false
11-01 11:16:24.212 V/WindowManager(  861): findFocusedWindow: Found new focus @ 12 = Window{50a6315 u0 android/com.android.internal.app.ResolverActivity}
11-01 11:16:24.213 V/WindowManager(  861): Changing focus from null to Window{50a6315 u0 android/com.android.internal.app.ResolverActivity} Callers=com.android.server.wm.WindowManagerService.relayoutWindow:3589 com.android.server.wm.Session.relayout:201 android.view.IWindowSession$Stub.onTransact:284 com.android.server.wm.Session.onTransact:133 
11-01 11:16:24.213 D/WindowManager(  861): Input focus has changed to Window{50a6315 u0 android/com.android.internal.app.ResolverActivity}
11-01 11:16:24.221 I/WindowManager(  861): Focus moving from null to Window{50a6315 u0 android/com.android.internal.app.ResolverActivity}
11-01 11:16:24.221 I/WindowManager(  861): Gaining focus: Window{50a6315 u0 android/com.android.internal.app.ResolverActivity}
11-01 11:16:24.260 V/InputMethodManagerService(  861): windowGainedFocus: android.os.BinderProxy@4c3effc controlFlags=#105 softInputMode=#110 windowFlags=#800002
11-01 11:16:24.261 V/WindowManager(  861): Looking for focus: 20 = Window{6ec17a7 u0 StatusBar}, flags=-2122055608, canReceive=false
11-01 11:16:24.261 V/WindowManager(  861): findFocusedWindow: Found new focus @ 12 = Window{50a6315 u0 android/com.android.internal.app.ResolverActivity}
11-01 11:16:24.261 D/WindowManager(  861): notifyActivityDrawnForKeyguard: waiting=false Callers=com.android.server.wm.WindowManagerService.handleAppTransitionReadyLocked:10098 com.android.server.wm.WindowManagerService.performLayoutAndPlaceSurfacesLockedInner:10718 com.android.server.wm.WindowManagerService.performLayoutAndPlaceSurfacesLockedLoop:9462 com.android.server.wm.WindowManagerService.performLayoutAndPlaceSurfacesLocked:9409 com.android.server.wm.WindowManagerService.-wrap8:-1 
11-01 11:16:24.302 D/PowerManagerService(  861): releaseWakeLockInternal: lock=84161013 [*launch*], flags=0x0, total_time=222ms
11-01 11:16:24.303 D/PowerManagerNotifier(  861): onWakeLockReleased: flags=1, tag="*launch*", packageName=android, ownerUid=1000, ownerPid=861, workSource=WorkSource{1000}
11-01 11:16:24.303 D/PowerManagerService(  861): updateWakeLockSummaryLocked: mWakefulness=Awake, mWakeLockSummary=0x0
11-01 11:16:24.303 D/PowerManagerService(  861): updateUserActivitySummaryLocked: mWakefulness=Awake, mUserActivitySummary=0x9, nextTimeout=24960338 (in 2616 ms)
11-01 11:16:24.303 D/DisplayPowerController(  861): requestPowerState: policy=BRIGHT, useProximitySensor=false, screenBrightness=137, screenAutoBrightnessAdjustment=0.0, brightnessSetByUser=true, useAutoBrightness=false, blockScreenOn=false, lowPowerMode=false, boostScreenBrightness=false, dozeScreenBrightness=-1, dozeScreenState=UNKNOWN, waitForNegativeProximity=false
11-01 11:16:24.303 I/PowerManagerService(  861): setBrightness mButtonLight, screenBrightness=137
11-01 11:16:24.303 D/PowerManagerService(  861): updateDisplayPowerStateLocked: mDisplayReady=true, policy=3, mWakefulness=1, mWakeLockSummary=0x0, mUserActivitySummary=0x9, mBootCompleted=true, mScreenBrightnessBoostInProgress=false
11-01 11:16:24.304 D/PowerManagerService(  861): Releasing suspend blocker "PowerManagerService.WakeLocks".
11-01 11:16:24.745 D/ActivityThread(27860): SVC-Creating service: CreateServiceData{token=android.os.BinderProxy@5dfe120 className=com.google.android.apps.gsa.speech.grammar.GrammarCompilationService packageName=com.google.android.googlequicksearchbox intent=null}
11-01 11:16:24.748 D/ActivityThread(27860): SVC-CREATE_SERVICE handled : 0 / CreateServiceData{token=android.os.BinderProxy@5dfe120 className=com.google.android.apps.gsa.speech.grammar.GrammarCompilationService packageName=com.google.android.googlequicksearchbox intent=null}
11-01 11:16:24.748 D/ActivityThread(27860): SVC-Calling onStartCommand: com.google.android.apps.gsa.speech.grammar.GrammarCompilationService@5aacad9, flags=0, startId=1
11-01 11:16:24.748 D/ActivityThread(27860): SVC-SERVICE_ARGS handled : 0 / ServiceArgsData{token=android.os.BinderProxy@5dfe120 startId=1 args=Intent { cmp=com.google.android.googlequicksearchbox/com.google.android.apps.gsa.speech.grammar.GrammarCompilationService (has extras) }}
11-01 11:16:24.791 D/ActivityThread( 9559): SVC-Creating service: CreateServiceData{token=android.os.BinderProxy@210dd5f className=com.google.android.gms.icing.service.IndexService packageName=com.google.android.gms intent=null}
11-01 11:16:24.800 D/PowerManagerService(  861): acquireWakeLockInternal: lock=171044994, flags=0x1, tag="Icing", ws=WorkSource{10010 com.google.android.gms}, uid=10010, pid=9559
11-01 11:16:24.800 D/PowerManagerService(  861): updateWakeLockSummaryLocked: mWakefulness=Awake, mWakeLockSummary=0x1
11-01 11:16:24.800 D/PowerManagerService(  861): updateUserActivitySummaryLocked: mWakefulness=Awake, mUserActivitySummary=0x9, nextTimeout=24960338 (in 2119 ms)
11-01 11:16:24.800 D/DisplayPowerController(  861): requestPowerState: policy=BRIGHT, useProximitySensor=false, screenBrightness=137, screenAutoBrightnessAdjustment=0.0, brightnessSetByUser=true, useAutoBrightness=false, blockScreenOn=false, lowPowerMode=false, boostScreenBrightness=false, dozeScreenBrightness=-1, dozeScreenState=UNKNOWN, waitForNegativeProximity=false
11-01 11:16:24.800 I/PowerManagerService(  861): setBrightness mButtonLight, screenBrightness=137
11-01 11:16:24.800 D/PowerManagerService(  861): updateDisplayPowerStateLocked: mDisplayReady=true, policy=3, mWakefulness=1, mWakeLockSummary=0x1, mUserActivitySummary=0x9, mBootCompleted=true, mScreenBrightnessBoostInProgress=false
11-01 11:16:24.801 D/PowerManagerService(  861): Acquiring suspend blocker "PowerManagerService.WakeLocks".
11-01 11:16:24.801 D/PowerManagerNotifier(  861): onWakeLockAcquired: flags=1, tag="Icing", packageName=com.google.android.gms, ownerUid=10010, ownerPid=9559, workSource=WorkSource{10010 com.google.android.gms}
11-01 11:16:24.806 D/PowerManagerService(  861): releaseWakeLockInternal: lock=171044994 [Icing], flags=0x0, total_time=6ms
11-01 11:16:24.806 D/PowerManagerNotifier(  861): onWakeLockReleased: flags=1, tag="Icing", packageName=com.google.android.gms, ownerUid=10010, ownerPid=9559, workSource=WorkSource{10010 com.google.android.gms}
11-01 11:16:24.806 D/PowerManagerService(  861): updateWakeLockSummaryLocked: mWakefulness=Awake, mWakeLockSummary=0x0
11-01 11:16:24.806 D/PowerManagerService(  861): updateUserActivitySummaryLocked: mWakefulness=Awake, mUserActivitySummary=0x9, nextTimeout=24960338 (in 2113 ms)
11-01 11:16:24.807 D/DisplayPowerController(  861): requestPowerState: policy=BRIGHT, useProximitySensor=false, screenBrightness=137, screenAutoBrightnessAdjustment=0.0, brightnessSetByUser=true, useAutoBrightness=false, blockScreenOn=false, lowPowerMode=false, boostScreenBrightness=false, dozeScreenBrightness=-1, dozeScreenState=UNKNOWN, waitForNegativeProximity=false
11-01 11:16:24.807 I/PowerManagerService(  861): setBrightness mButtonLight, screenBrightness=137
11-01 11:16:24.807 D/PowerManagerService(  861): updateDisplayPowerStateLocked: mDisplayReady=true, policy=3, mWakefulness=1, mWakeLockSummary=0x0, mUserActivitySummary=0x9, mBootCompleted=true, mScreenBrightnessBoostInProgress=false
11-01 11:16:24.807 D/PowerManagerService(  861): Releasing suspend blocker "PowerManagerService.WakeLocks".
11-01 11:16:24.808 D/ActivityThread( 9559): SVC-CREATE_SERVICE handled : 0 / CreateServiceData{token=android.os.BinderProxy@210dd5f className=com.google.android.gms.icing.service.IndexService packageName=com.google.android.gms intent=null}
11-01 11:16:24.809 V/ActivityThread( 9559): handleBindService s=com.google.android.gms.icing.service.IndexService@6e5700a rebind=false
11-01 11:16:24.811 D/ActivityThread( 9559): SVC-BIND_SERVICE handled : 0 / BindServiceData{token=android.os.BinderProxy@210dd5f intent=Intent { act=com.google.android.gms.icing.INDEX_SERVICE pkg=com.google.android.gms }}
11-01 11:16:24.811 D/ActivityThread( 9559): SVC-Creating service: CreateServiceData{token=android.os.BinderProxy@98ff07b className=com.google.android.gms.icing.service.IndexWorkerService packageName=com.google.android.gms intent=null}
11-01 11:16:24.815 D/ActivityThread( 9559): SVC-CREATE_SERVICE handled : 0 / CreateServiceData{token=android.os.BinderProxy@98ff07b className=com.google.android.gms.icing.service.IndexWorkerService packageName=com.google.android.gms intent=null}
11-01 11:16:24.815 D/ActivityThread( 9559): SVC-Calling onStartCommand: com.google.android.gms.icing.service.IndexWorkerService@7b10e98, flags=0, startId=1
11-01 11:16:24.815 D/ActivityThread( 9559): SVC-SERVICE_ARGS handled : 0 / ServiceArgsData{token=android.os.BinderProxy@98ff07b startId=1 args=Intent { act=com.google.android.gms.icing.START_STICKY cmp=com.google.android.gms/.icing.service.IndexWorkerService }}
11-01 11:16:24.816 D/ActivityThread( 9559): SVC-Creating service: CreateServiceData{token=android.os.BinderProxy@a65b6f1 className=com.google.android.gms.icing.proxy.UpdateIcingCorporaService packageName=com.google.android.gms intent=null}
11-01 11:16:24.821 D/ActivityThread( 9559): SVC-CREATE_SERVICE handled : 0 / CreateServiceData{token=android.os.BinderProxy@a65b6f1 className=com.google.android.gms.icing.proxy.UpdateIcingCorporaService packageName=com.google.android.gms intent=null}
11-01 11:16:24.821 D/ActivityThread( 9559): SVC-Calling onStartCommand: com.google.android.gms.icing.proxy.UpdateIcingCorporaService@e231957, flags=0, startId=1
11-01 11:16:24.821 D/ActivityThread( 9559): SVC-SERVICE_ARGS handled : 0 / ServiceArgsData{token=android.os.BinderProxy@a65b6f1 startId=1 args=Intent { act=ACTION_UPDATE cmp=com.google.android.gms/.icing.proxy.UpdateIcingCorporaService (has extras) }}
11-01 11:16:24.822 D/ActivityThread( 9559): SVC-Destroying service: com.google.android.gms.icing.service.IndexWorkerService@7b10e98
11-01 11:16:24.822 D/ActivityThread( 9559): SVC-STOP_SERVICE handled : 0 / android.os.BinderProxy@98ff07b
11-01 11:16:24.822 D/ActivityThread( 9559): SVC-Creating service: CreateServiceData{token=android.os.BinderProxy@6f47c44 className=com.google.android.gms.icing.service.IndexWorkerService packageName=com.google.android.gms intent=null}
11-01 11:16:24.825 D/ActivityManager(  861): getContentProviderImpl: from caller=android.app.ApplicationThreadProxy@86cabc9 (pid=9559, userId=0) to get content provider com.android.contacts cpr=ContentProviderRecord{57b340 u0 com.android.providers.contacts/.ContactsProvider2}
11-01 11:16:24.825 D/ActivityManager(  861): getContentProviderImpl: updateLruProcessLocked cpr.proc=ProcessRecord{2a9b309 16269:android.process.acore/u0a2}
11-01 11:16:24.825 D/PowerManagerService(  861): acquireWakeLockInternal: lock=171044994, flags=0x1, tag="Icing", ws=WorkSource{10026 com.google.android.googlequicksearchbox}, uid=10010, pid=9559
11-01 11:16:24.825 D/PowerManagerService(  861): updateWakeLockSummaryLocked: mWakefulness=Awake, mWakeLockSummary=0x1
11-01 11:16:24.826 D/PowerManagerService(  861): updateUserActivitySummaryLocked: mWakefulness=Awake, mUserActivitySummary=0x9, nextTimeout=24960338 (in 2094 ms)
11-01 11:16:24.826 D/DisplayPowerController(  861): requestPowerState: policy=BRIGHT, useProximitySensor=false, screenBrightness=137, screenAutoBrightnessAdjustment=0.0, brightnessSetByUser=true, useAutoBrightness=false, blockScreenOn=false, lowPowerMode=false, boostScreenBrightness=false, dozeScreenBrightness=-1, dozeScreenState=UNKNOWN, waitForNegativeProximity=false
11-01 11:16:24.826 I/PowerManagerService(  861): setBrightness mButtonLight, screenBrightness=137
11-01 11:16:24.826 D/PowerManagerService(  861): updateDisplayPowerStateLocked: mDisplayReady=true, policy=3, mWakefulness=1, mWakeLockSummary=0x1, mUserActivitySummary=0x9, mBootCompleted=true, mScreenBrightnessBoostInProgress=false
11-01 11:16:24.826 D/PowerManagerService(  861): Acquiring suspend blocker "PowerManagerService.WakeLocks".
11-01 11:16:24.826 D/PowerManagerNotifier(  861): onWakeLockAcquired: flags=1, tag="Icing", packageName=com.google.android.gms, ownerUid=10010, ownerPid=9559, workSource=WorkSource{10026 com.google.android.googlequicksearchbox}
11-01 11:16:24.827 D/ActivityThread( 9559): SVC-CREATE_SERVICE handled : 0 / CreateServiceData{token=android.os.BinderProxy@6f47c44 className=com.google.android.gms.icing.service.IndexWorkerService packageName=com.google.android.gms intent=null}
11-01 11:16:24.827 D/ActivityThread( 9559): SVC-Calling onStartCommand: com.google.android.gms.icing.service.IndexWorkerService@48dd12d, flags=0, startId=1
11-01 11:16:24.828 D/ActivityThread( 9559): SVC-SERVICE_ARGS handled : 0 / ServiceArgsData{token=android.os.BinderProxy@6f47c44 startId=1 args=Intent { act=com.google.android.gms.icing.START_STICKY cmp=com.google.android.gms/.icing.service.IndexWorkerService }}
11-01 11:16:24.829 D/ActivityThread( 9559): holder:android.app.IActivityManager$ContentProviderHolder@a55f3f3, holder.provider:android.content.ContentProviderProxy@7df18b0
11-01 11:16:24.852 D/PowerManagerService(  861): updateWakeLockWorkSourceInternal: lock=171044994 [Icing], ws=WorkSource{10010 com.google.android.gms, 10026 com.google.android.googlequicksearchbox}
11-01 11:16:24.852 D/PowerManagerNotifier(  861): onWakeLockChanging: flags=1, tag="Icing", packageName=com.google.android.gms, ownerUid=10010, ownerPid=9559, workSource=WorkSource{10010 com.google.android.gms, 10026 com.google.android.googlequicksearchbox}
11-01 11:16:24.861 D/ActivityManager(  861): getContentProviderImpl: from caller=android.app.ApplicationThreadProxy@91292ce (pid=9559, userId=0) to get content provider com.android.contacts cpr=ContentProviderRecord{57b340 u0 com.android.providers.contacts/.ContactsProvider2}
11-01 11:16:24.865 D/ActivityThread( 9559): holder:android.app.IActivityManager$ContentProviderHolder@bd1dc4f, holder.provider:android.content.ContentProviderProxy@d950fdc
11-01 11:16:24.906 D/ActivityThread( 1403): SVC-Creating service: CreateServiceData{token=android.os.BinderProxy@4cc3a7a className=com.google.android.gms.icing.service.LightweightIndexService packageName=com.google.android.gms intent=null}
11-01 11:16:24.913 D/ActivityManager(  861): getContentProviderImpl: from caller=android.app.ApplicationThreadProxy@c490dda (pid=1403, userId=0) to get content provider com.google.android.gsf.gservices cpr=ContentProviderRecord{afdd539 u0 com.google.android.gsf/.gservices.GservicesProvider}
11-01 11:16:24.913 D/ActivityManager(  861): getContentProviderImpl: updateLruProcessLocked cpr.proc=ProcessRecord{8b35e1a 5408:com.google.process.gapps/u0a10}
11-01 11:16:24.921 D/ActivityThread( 1403): holder:android.app.IActivityManager$ContentProviderHolder@c017688, holder.provider:android.content.ContentProviderProxy@3ed1821
11-01 11:16:24.925 V/ActivityManager(  861): Broadcast: Intent { act=com.google.android.gms.icing.action.CONTACT_CHANGED flg=0x10 pkg=com.google.android.gms (has extras) } ordered=false userid=0 callerApp=ProcessRecord{e6ac03 9559:com.google.android.gms/u0a10}
11-01 11:16:24.930 D/ActivityThread( 9559): SVC-Destroying service: com.google.android.gms.icing.proxy.UpdateIcingCorporaService@e231957
11-01 11:16:24.931 D/ActivityThread( 9559): SVC-STOP_SERVICE handled : 0 / android.os.BinderProxy@a65b6f1
11-01 11:16:24.931 D/ActivityThread( 1403): SVC-CREATE_SERVICE handled : 0 / CreateServiceData{token=android.os.BinderProxy@4cc3a7a className=com.google.android.gms.icing.service.LightweightIndexService packageName=com.google.android.gms intent=null}
11-01 11:16:24.932 V/ActivityThread( 1403): handleBindService s=com.google.android.gms.icing.service.LightweightIndexService@780d607 rebind=false
11-01 11:16:24.933 D/ActivityThread( 1403): SVC-BIND_SERVICE handled : 0 / BindServiceData{token=android.os.BinderProxy@4cc3a7a intent=Intent { act=com.google.android.gms.icing.LIGHTWEIGHT_INDEX_SERVICE pkg=com.google.android.gms }}
11-01 11:16:24.942 D/ActivityThread( 1403): SVC-Creating service: CreateServiceData{token=android.os.BinderProxy@3b39ed2 className=com.google.android.gms.icing.service.LightweightIndexService$LightweightWorkerService packageName=com.google.android.gms intent=null}
11-01 11:16:24.945 D/ActivityThread( 1403): SVC-CREATE_SERVICE handled : 0 / CreateServiceData{token=android.os.BinderProxy@3b39ed2 className=com.google.android.gms.icing.service.LightweightIndexService$LightweightWorkerService packageName=com.google.android.gms intent=null}
11-01 11:16:24.945 D/ActivityThread( 1403): SVC-Calling onStartCommand: com.google.android.gms.icing.service.LightweightIndexService$LightweightWorkerService@64acba3, flags=0, startId=1
11-01 11:16:24.946 D/ActivityThread( 1403): SVC-SERVICE_ARGS handled : 0 / ServiceArgsData{token=android.os.BinderProxy@3b39ed2 startId=1 args=Intent { cmp=com.google.android.gms/.icing.service.LightweightIndexService$LightweightWorkerService }}
11-01 11:16:24.955 D/ActivityThread( 1403): SVC-Calling onStartCommand: com.google.android.gms.icing.service.LightweightIndexService$LightweightWorkerService@64acba3, flags=0, startId=2
11-01 11:16:24.956 D/ActivityThread( 1403): SVC-SERVICE_ARGS handled : 0 / ServiceArgsData{token=android.os.BinderProxy@3b39ed2 startId=2 args=Intent { cmp=com.google.android.gms/.icing.service.LightweightIndexService$LightweightWorkerService }}
11-01 11:16:24.960 D/PowerManagerService(  861): updateWakeLockWorkSourceInternal: lock=171044994 [Icing], ws=WorkSource{10026 com.google.android.googlequicksearchbox}
11-01 11:16:24.960 D/PowerManagerNotifier(  861): onWakeLockChanging: flags=1, tag="Icing", packageName=com.google.android.gms, ownerUid=10010, ownerPid=9559, workSource=WorkSource{10026 com.google.android.googlequicksearchbox}
11-01 11:16:24.972 D/PowerManagerService(  861): updateWakeLockWorkSourceInternal: lock=171044994 [Icing], ws=WorkSource{10010 com.google.android.gms, 10026 com.google.android.googlequicksearchbox}
11-01 11:16:24.972 D/PowerManagerNotifier(  861): onWakeLockChanging: flags=1, tag="Icing", packageName=com.google.android.gms, ownerUid=10010, ownerPid=9559, workSource=WorkSource{10010 com.google.android.gms, 10026 com.google.android.googlequicksearchbox}
11-01 11:16:24.975 D/PowerManagerService(  861): updateWakeLockWorkSourceInternal: lock=171044994 [Icing], ws=WorkSource{10010 com.google.android.gms}
11-01 11:16:24.976 D/PowerManagerNotifier(  861): onWakeLockChanging: flags=1, tag="Icing", packageName=com.google.android.gms, ownerUid=10010, ownerPid=9559, workSource=WorkSource{10010 com.google.android.gms}
11-01 11:16:24.978 D/PowerManagerService(  861): releaseWakeLockInternal: lock=171044994 [Icing], flags=0x0, total_time=153ms
11-01 11:16:24.978 D/PowerManagerNotifier(  861): onWakeLockReleased: flags=1, tag="Icing", packageName=com.google.android.gms, ownerUid=10010, ownerPid=9559, workSource=WorkSource{10010 com.google.android.gms}
11-01 11:16:24.979 D/PowerManagerService(  861): updateWakeLockSummaryLocked: mWakefulness=Awake, mWakeLockSummary=0x0
11-01 11:16:24.979 D/PowerManagerService(  861): updateUserActivitySummaryLocked: mWakefulness=Awake, mUserActivitySummary=0x9, nextTimeout=24960338 (in 1941 ms)
11-01 11:16:24.979 D/DisplayPowerController(  861): requestPowerState: policy=BRIGHT, useProximitySensor=false, screenBrightness=137, screenAutoBrightnessAdjustment=0.0, brightnessSetByUser=true, useAutoBrightness=false, blockScreenOn=false, lowPowerMode=false, boostScreenBrightness=false, dozeScreenBrightness=-1, dozeScreenState=UNKNOWN, waitForNegativeProximity=false
11-01 11:16:24.979 I/PowerManagerService(  861): setBrightness mButtonLight, screenBrightness=137
11-01 11:16:24.979 D/PowerManagerService(  861): updateDisplayPowerStateLocked: mDisplayReady=true, policy=3, mWakefulness=1, mWakeLockSummary=0x0, mUserActivitySummary=0x9, mBootCompleted=true, mScreenBrightnessBoostInProgress=false
11-01 11:16:24.979 D/PowerManagerService(  861): Releasing suspend blocker "PowerManagerService.WakeLocks".
11-01 11:16:24.982 D/ActivityThread( 9559): SVC-Destroying service: com.google.android.gms.icing.service.IndexWorkerService@48dd12d
11-01 11:16:24.982 D/ActivityThread( 9559): SVC-STOP_SERVICE handled : 0 / android.os.BinderProxy@6f47c44
11-01 11:16:24.985 D/ActivityManager(  861): ACT-IDLE_NOW_MSG from windowsVisible() for idle: ActivityRecord{67ae55d u0 android/com.android.internal.app.ResolverActivity t596}
11-01 11:16:24.987 V/WindowManager(  861): Looking for focus: 20 = Window{6ec17a7 u0 StatusBar}, flags=-2122055608, canReceive=false
11-01 11:16:24.987 V/WindowManager(  861): findFocusedWindow: Found new focus @ 12 = Window{50a6315 u0 android/com.android.internal.app.ResolverActivity}
11-01 11:16:24.989 V/ActivityThread( 5424): Finishing stop of ActivityRecord{86d26b2 token=android.os.BinderProxy@7efe603 {com.android.launcher3/com.android.launcher3.Launcher}}: show=true win=com.android.internal.policy.PhoneWindow@8c55eb6
11-01 11:16:24.989 D/ActivityThread( 5424): ACT-STOP_ACTIVITY_SHOW handled : 0 / android.os.BinderProxy@7efe603
11-01 11:16:25.459 D/ActivityThread( 1403): SVC-Destroying service: com.google.android.gms.icing.service.LightweightIndexService$LightweightWorkerService@64acba3
11-01 11:16:25.460 D/ActivityThread( 1403): SVC-STOP_SERVICE handled : 0 / android.os.BinderProxy@3b39ed2
11-01 11:16:25.915 D/ActivityThread(27860): SVC-Destroying service: com.google.android.apps.gsa.speech.grammar.GrammarCompilationService@5aacad9
11-01 11:16:25.916 D/ActivityThread(27860): SVC-STOP_SERVICE handled : 0 / android.os.BinderProxy@5dfe120
11-01 11:16:26.179 D/PowerManagerService(  861): userActivityFromNative
11-01 11:16:26.179 D/PowerManagerService(  861): userActivityNoUpdateLocked: eventTime=24959597, event=2, flags=0x0, uid=1000
11-01 11:16:26.180 D/PowerManagerNotifier(  861): onUserActivity: event=2, uid=1000
11-01 11:16:26.180 D/PowerManagerService(  861): updateUserActivitySummaryLocked: mWakefulness=Awake, mUserActivitySummary=0x9, nextTimeout=24960338 (in 740 ms)
11-01 11:16:26.180 D/DisplayPowerController(  861): requestPowerState: policy=BRIGHT, useProximitySensor=false, screenBrightness=137, screenAutoBrightnessAdjustment=0.0, brightnessSetByUser=true, useAutoBrightness=false, blockScreenOn=false, lowPowerMode=false, boostScreenBrightness=false, dozeScreenBrightness=-1, dozeScreenState=UNKNOWN, waitForNegativeProximity=false
11-01 11:16:26.180 I/PowerManagerService(  861): setBrightness mButtonLight, screenBrightness=137
11-01 11:16:26.180 D/PowerManagerService(  861): updateDisplayPowerStateLocked: mDisplayReady=true, policy=3, mWakefulness=1, mWakeLockSummary=0x0, mUserActivitySummary=0x9, mBootCompleted=true, mScreenBrightnessBoostInProgress=false
11-01 11:16:26.272 V/WindowManager(  861): Set focused app to: AppWindowToken{9181ba3 token=Token{7242ed2 ActivityRecord{67ae55d u0 android/com.android.internal.app.ResolverActivity t596}}} old focus=AppWindowToken{9181ba3 token=Token{7242ed2 ActivityRecord{67ae55d u0 android/com.android.internal.app.ResolverActivity t596}}} moveFocusNow=false
11-01 11:16:26.284 I/PackageManager(  861): Adding preferred activity com.rgk.launcher3/com.android.launcher3.Launcher for user 0:
11-01 11:16:26.285 I/ActivityManager(  861): START u0 {act=android.intent.action.MAIN cat=[android.intent.category.HOME] flg=0x13200000 cmp=com.rgk.launcher3/com.android.launcher3.Launcher (has extras)} from uid 1000 from pid -1 on display 0
11-01 11:16:26.286 V/WindowManager(  861): Looking for focus: 20 = Window{6ec17a7 u0 StatusBar}, flags=-2122055608, canReceive=false
11-01 11:16:26.286 V/WindowManager(  861): findFocusedWindow: Found new focus @ 12 = Window{a4f1bd0 u0 com.android.launcher3/com.android.launcher3.Launcher}
11-01 11:16:26.287 V/WindowManager(  861): Changing focus from Window{50a6315 u0 android/com.android.internal.app.ResolverActivity} to Window{a4f1bd0 u0 com.android.launcher3/com.android.launcher3.Launcher} Callers=com.android.server.wm.WindowManagerService.moveStackWindowsLocked:5406 com.android.server.wm.WindowManagerService.moveTaskToTop:5445 com.android.server.am.ActivityStack.moveToFront:599 com.android.server.am.ActivityStackSupervisor.startActivityUncheckedLocked:2603 
11-01 11:16:26.287 D/WindowManager(  861): Input focus has changed to Window{a4f1bd0 u0 com.android.launcher3/com.android.launcher3.Launcher}
11-01 11:16:26.291 I/WindowManager(  861): Focus moving from Window{50a6315 u0 android/com.android.internal.app.ResolverActivity} to Window{a4f1bd0 u0 com.android.launcher3/com.android.launcher3.Launcher}
11-01 11:16:26.292 I/WindowManager(  861): Gaining focus: Window{a4f1bd0 u0 com.android.launcher3/com.android.launcher3.Launcher}
11-01 11:16:26.293 I/WindowManager(  861): Losing focus: Window{50a6315 u0 android/com.android.internal.app.ResolverActivity}
11-01 11:16:26.294 V/InputMethodManagerService(  861): windowGainedFocus: android.os.BinderProxy@cfcdbcd controlFlags=#100 softInputMode=#20 windowFlags=#81910100
11-01 11:16:26.336 D/PowerManagerService(  861): acquireWakeLockInternal: lock=84161013, flags=0x1, tag="*launch*", ws=WorkSource{10105}, uid=1000, pid=861
11-01 11:16:26.336 D/PowerManagerService(  861): updateWakeLockSummaryLocked: mWakefulness=Awake, mWakeLockSummary=0x1
11-01 11:16:26.336 D/PowerManagerService(  861): updateUserActivitySummaryLocked: mWakefulness=Awake, mUserActivitySummary=0x9, nextTimeout=24960338 (in 583 ms)
11-01 11:16:26.336 D/DisplayPowerController(  861): requestPowerState: policy=BRIGHT, useProximitySensor=false, screenBrightness=137, screenAutoBrightnessAdjustment=0.0, brightnessSetByUser=true, useAutoBrightness=false, blockScreenOn=false, lowPowerMode=false, boostScreenBrightness=false, dozeScreenBrightness=-1, dozeScreenState=UNKNOWN, waitForNegativeProximity=false
11-01 11:16:26.336 I/PowerManagerService(  861): setBrightness mButtonLight, screenBrightness=137
11-01 11:16:26.336 D/PowerManagerService(  861): updateDisplayPowerStateLocked: mDisplayReady=true, policy=3, mWakefulness=1, mWakeLockSummary=0x1, mUserActivitySummary=0x9, mBootCompleted=true, mScreenBrightnessBoostInProgress=false
11-01 11:16:26.337 D/PowerManagerService(  861): Acquiring suspend blocker "PowerManagerService.WakeLocks".
11-01 11:16:26.338 D/PowerManagerNotifier(  861): onWakeLockAcquired: flags=1, tag="*launch*", packageName=android, ownerUid=1000, ownerPid=861, workSource=WorkSource{10105}
11-01 11:16:26.342 D/ActivityManager(  861): Delay resumeKeyDispatchingLocked() to avoid deadlock.
11-01 11:16:26.348 D/ActivityThread( 5424): ACT-HIDE_WINDOW handled : 0 / android.os.BinderProxy@7efe603
11-01 11:16:26.360 V/ActivityThread( 3640): Handling launch of ActivityRecord{bce24f9 token=android.os.BinderProxy@79fcc3e {com.rgk.launcher3/com.android.launcher3.Launcher}} startsNotResumed=false
11-01 11:16:26.370 V/WindowManager(  861): Looking for focus: 20 = Window{6ec17a7 u0 StatusBar}, flags=-2122055608, canReceive=false
11-01 11:16:26.370 V/WindowManager(  861): findFocusedWindow: No focusable windows.
11-01 11:16:26.374 V/WindowManager(  861): Changing focus from Window{a4f1bd0 u0 com.android.launcher3/com.android.launcher3.Launcher} to null Callers=com.android.server.wm.WindowManagerService.moveStackWindowsLocked:5406 com.android.server.wm.WindowManagerService.moveTaskToTop:5445 com.android.server.am.ActivityStack.moveToFront:599 com.android.server.am.ActivityStackSupervisor.setFocusedStack:2009 
11-01 11:16:26.374 D/WindowManager(  861): Input focus has changed to null
11-01 11:16:26.381 V/ActivityThread( 3640): ActivityRecord{bce24f9 token=android.os.BinderProxy@79fcc3e {com.rgk.launcher3/com.android.launcher3.Launcher}}: app=com.android.launcher3.utils.RgkApplication@8027ec, appName=com.rgk.launcher3, pkg=com.rgk.launcher3, comp={com.rgk.launcher3/com.android.launcher3.Launcher}, dir=/data/app/com.rgk.launcher3-1/base.apk
11-01 11:16:26.383 I/WindowManager(  861): Focus moving from Window{a4f1bd0 u0 com.android.launcher3/com.android.launcher3.Launcher} to null
11-01 11:16:26.383 I/WindowManager(  861): Losing focus: Window{a4f1bd0 u0 com.android.launcher3/com.android.launcher3.Launcher}
11-01 11:16:26.384 V/WindowManager(  861): Set focused app to: AppWindowToken{b1233e7 token=Token{43a2da6 ActivityRecord{490b01 u0 com.rgk.launcher3/com.android.launcher3.Launcher t597}}} old focus=AppWindowToken{9181ba3 token=Token{7242ed2 ActivityRecord{67ae55d u0 android/com.android.internal.app.ResolverActivity t596}}} moveFocusNow=true
11-01 11:16:26.385 V/WindowManager(  861): Looking for focus: 20 = Window{6ec17a7 u0 StatusBar}, flags=-2122055608, canReceive=false
11-01 11:16:26.386 V/WindowManager(  861): findFocusedWindow: No focusable windows.
11-01 11:16:26.386 V/WindowManager(  861): Looking for focus: 20 = Window{6ec17a7 u0 StatusBar}, flags=-2122055608, canReceive=false
11-01 11:16:26.386 V/WindowManager(  861): findFocusedWindow: No focusable windows.
11-01 11:16:26.420 D/ActivityThread(28472): ACT-AM_ON_PAUSE_CALLED ActivityRecord{72ee51b token=android.os.BinderProxy@6a7f6b8 {android/com.android.internal.app.ResolverActivity}}
11-01 11:16:26.420 D/ActivityThread(28472): ACT-PAUSE_ACTIVITY handled : 3 / android.os.BinderProxy@6a7f6b8
11-01 11:16:26.421 W/ActivityManager(  861): Finishing task with all activities already finished
11-01 11:16:26.421 W/ActivityManager(  861): Duplicate finish request for ActivityRecord{67ae55d u0 android/com.android.internal.app.ResolverActivity t596 f}
11-01 11:16:26.422 V/ActivityThread(28472): Finishing stop of ActivityRecord{72ee51b token=android.os.BinderProxy@6a7f6b8 {android/com.android.internal.app.ResolverActivity}}: show=false win=com.android.internal.policy.PhoneWindow@e8c7acb
11-01 11:16:26.424 D/ActivityThread(28472): ACT-STOP_ACTIVITY_HIDE handled : 0 / android.os.BinderProxy@6a7f6b8
11-01 11:16:26.426 V/WindowManager(  861): Looking for focus: 20 = Window{6ec17a7 u0 StatusBar}, flags=-2122055608, canReceive=false
11-01 11:16:26.427 V/WindowManager(  861): findFocusedWindow: No focusable windows.
11-01 11:16:26.446 I/ActivityManager(  861): Activity reported stop, but no longer stopping: ActivityRecord{67ae55d u0 android/com.android.internal.app.ResolverActivity t596 f}
11-01 11:16:26.516 V/SettingsProvider(  861): packageValueForCallResult, name = com_android_mms_mtk_unread, value : 2
11-01 11:16:26.517 V/SettingsProvider(  861): packageValueForCallResult, name = com_android_email_mtk_unread, value : 0
11-01 11:16:26.766 V/ActivityThread( 3640): Performing resume of ActivityRecord{bce24f9 token=android.os.BinderProxy@79fcc3e {com.rgk.launcher3/com.android.launcher3.Launcher}}
11-01 11:16:26.768 D/ActivityThread( 3640): ACT-AM_ON_RESUME_CALLED ActivityRecord{bce24f9 token=android.os.BinderProxy@79fcc3e {com.rgk.launcher3/com.android.launcher3.Launcher}}
11-01 11:16:26.768 V/ActivityThread( 3640): Resume ActivityRecord{bce24f9 token=android.os.BinderProxy@79fcc3e {com.rgk.launcher3/com.android.launcher3.Launcher}} started activity: false, hideForNow: false, finished: false
11-01 11:16:26.773 D/WindowManager(  861): addWindowToListInOrderLocked: win=Window{18f5c18 u0 com.rgk.launcher3/com.android.launcher3.Launcher} Callers=com.android.server.wm.WindowManagerService.addWindow:2772 com.android.server.wm.Session.addToDisplay:171 android.view.IWindowSession$Stub.onTransact:124 com.android.server.wm.Session.onTransact:133 
11-01 11:16:26.775 V/ActivityThread( 3640): Resuming ActivityRecord{bce24f9 token=android.os.BinderProxy@79fcc3e {com.rgk.launcher3/com.android.launcher3.Launcher}} with isForward=true
11-01 11:16:26.775 V/ActivityThread( 3640): Scheduling idle handler for ActivityRecord{bce24f9 token=android.os.BinderProxy@79fcc3e {com.rgk.launcher3/com.android.launcher3.Launcher}}
11-01 11:16:26.776 D/ActivityThread( 3640): ACT-LAUNCH_ACTIVITY handled : 0 / ActivityRecord{bce24f9 token=android.os.BinderProxy@79fcc3e {com.rgk.launcher3/com.android.launcher3.Launcher}}
11-01 11:16:26.777 D/ActivityThread( 3640): SVC-Calling onStartCommand: com.android.launcher3.service.RgkSateLiteService@e49407, flags=0, startId=3
11-01 11:16:26.777 D/ActivityThread( 3640): SVC-SERVICE_ARGS handled : 0 / ServiceArgsData{token=android.os.BinderProxy@28c0980 startId=3 args=Intent { cmp=com.rgk.launcher3/com.android.launcher3.service.RgkSateLiteService }}
11-01 11:16:26.862 V/WindowManager(  861): Looking for focus: 21 = Window{6ec17a7 u0 StatusBar}, flags=-2122055608, canReceive=false
11-01 11:16:26.862 V/WindowManager(  861): findFocusedWindow: Found new focus @ 13 = Window{18f5c18 u0 com.rgk.launcher3/com.android.launcher3.Launcher}
11-01 11:16:26.863 V/WindowManager(  861): Changing focus from null to Window{18f5c18 u0 com.rgk.launcher3/com.android.launcher3.Launcher} Callers=com.android.server.wm.WindowManagerService.relayoutWindow:3589 com.android.server.wm.Session.relayout:201 android.view.IWindowSession$Stub.onTransact:284 com.android.server.wm.Session.onTransact:133 
11-01 11:16:26.863 D/WindowManager(  861): Input focus has changed to Window{18f5c18 u0 com.rgk.launcher3/com.android.launcher3.Launcher}
11-01 11:16:26.877 I/WindowManager(  861): Focus moving from null to Window{18f5c18 u0 com.rgk.launcher3/com.android.launcher3.Launcher}
11-01 11:16:26.877 I/WindowManager(  861): Gaining focus: Window{18f5c18 u0 com.rgk.launcher3/com.android.launcher3.Launcher}
11-01 11:16:26.930 V/InputMethodManagerService(  861): windowGainedFocus: android.os.BinderProxy@4b0d955 controlFlags=#104 softInputMode=#120 windowFlags=#81910100
11-01 11:16:26.934 V/WindowManager(  861): Looking for focus: 21 = Window{6ec17a7 u0 StatusBar}, flags=-2122055608, canReceive=false
11-01 11:16:26.934 V/WindowManager(  861): findFocusedWindow: Found new focus @ 13 = Window{18f5c18 u0 com.rgk.launcher3/com.android.launcher3.Launcher}
11-01 11:16:26.934 D/WindowManager(  861): notifyActivityDrawnForKeyguard: waiting=false Callers=com.android.server.wm.WindowManagerService.handleAppTransitionReadyLocked:10098 com.android.server.wm.WindowManagerService.performLayoutAndPlaceSurfacesLockedInner:10718 com.android.server.wm.WindowManagerService.performLayoutAndPlaceSurfacesLockedLoop:9462 com.android.server.wm.WindowManagerService.performLayoutAndPlaceSurfacesLocked:9409 com.android.server.wm.WindowManagerService.-wrap8:-1 
11-01 11:16:26.944 D/ActivityThread( 1403): SVC-UNBIND_SERVICE handled : 0 / BindServiceData{token=android.os.BinderProxy@59c2cf8 intent=Intent { act=com.google.android.gms.usagereporting.service.START pkg=com.google.android.gms }}
11-01 11:16:26.945 D/ActivityThread( 1403): SVC-Destroying service: com.google.android.gms.usagereporting.service.UsageReportingService@902e5d1
11-01 11:16:26.945 D/ActivityThread( 1403): SVC-STOP_SERVICE handled : 0 / android.os.BinderProxy@59c2cf8
11-01 11:16:26.952 V/WindowManager(  861): Looking for focus: 21 = Window{6ec17a7 u0 StatusBar}, flags=-2122055608, canReceive=false
11-01 11:16:26.952 V/WindowManager(  861): findFocusedWindow: Found new focus @ 13 = Window{18f5c18 u0 com.rgk.launcher3/com.android.launcher3.Launcher}
